C:\提示词\工作区\字替对照-0909\variantF\_测v4断言.py:688: SyntaxWarning: invalid escape sequence '\m'
  reg('N1 口径（0909 R2 新形二次标定）', '判断答案 (\makebox[1.8em]{答案}) 右挂＋尾 \\hspace{0.56mm}——'
       末页 p7 左85%/右0%——课堂评价收尾页实测登记（参差收尾＝拍板23）
—— 断言实测 ——
 ✓ ①编译零 error/overfull/missingchar＋页数7　errors=0 overfull=0 missingchar=0 页数=7
 ✓ ②行距主峰 17.5–18.5pt　主峰18.25pt(×266/427)
 ✓ ③灰档全集恰{76,77,119,122,153,221} 且逐页⊆白名单　全集[76, 77, 119, 122, 153, 221]；p1=[76, 77, 119, 122, 153, 221] p2=[76, 122, 153, 221] p3=[76, 77, 122, 153, 221] p4=[76, 153, 221] p5=[76, 153, 221] p6=[76, 153, 221] p7=[76, 77, 122, 153, 221]
 ✓ ④章首几何（union13.8×16.6/章名距3.1/线0.2pt/四档6.9-5.5-5.9-5.8/占地50-58）　union 13.80×16.60 章名距3.10 线0.199pt 线→节7.11 节→小节5.59 小节→课时6.10 课时→目标6.27 占地52.90
 ✓ ⑤a 非末页逐栏利用率 ≥70%（monolith 前末栏豁免 ≥62% 全品先例档）　p1:[左79%/右82%]  p2:[左98%/右92%]  p3:[左100%/右98%]  p4:[左96%/右91%]  p5:[左90%/右83%]  p6:[左96%/右74%]  p7:[左85%/右0%]
 ✓ ⑥排印层 ◆探究点9/例1内联9/变式1×9/[答案]14/★0/[解析]20（[分析]9/[详解]9/[点睛]2）　◆9 例19 变式9 答案14 ★0 解析20 分析9 详解9 点睛2（判断6＋变式9＋检测5；v4.4 半角[]标签制）
 ✓ ⑦花形几何全集（×3/组宽高/贴线/底线1.2pt灰77/起终点/右词组/坐线/前距/行总高）　p1 组24.4×6.51 贴线0.25 线1.196pt 起2.77 终4.00 词2 右缘4.00 坐线0.44 总高6.97 前距4.68；p3 组24.4×6.51 贴线0.27 线1.196pt 起2.77 终4.00 词2 右缘4.00 坐线0.44 总高6.99 前距5.02；p7 组24.4×6.51 贴线0.24 线1.196pt 起2.77 终4.00 词2 右缘4.00 坐线0.36 总高6.96 前距-9.00
 ✓ ⑦-2 无整页横断（章首通栏线仅页1×1）　p1 w=175mm
 ✓ ⑧页脚块26.2×7.8/底11/数字11pt近缘0.8-2.0/小字5.24混重　p1 块26.2×7.8 底11.1 数字11.0pt 近缘1.20 字['FZSSJW', 'NotoSansSC-Medium', 'TimesNewRomanPS-BoldMT']；p2 块26.2×7.8 底11.1 数字11.0pt 近缘1.20 字['FZSSJW', 'TimesNewRomanPS-BoldMT', 'TimesNewRomanPSMT']；p3 块26.2×7.8 底11.1 数字11.0pt 近缘1.20 字['FZSSJW', 'NotoSansSC-Medium', 'TimesNewRomanPS-BoldMT']；p4 块26.2×7.8 底11.1 数字11.0pt 近缘1.20 字['FZSSJW', 'TimesNewRomanPS-BoldMT', 'TimesNewRomanPSMT']；p5 块26.2×7.8 底11.1 数字11.0pt 近缘1.20 字['FZSSJW', 'NotoSansSC-Medium', 'TimesNewRomanPS-BoldMT']；p6 块26.2×7.8 底11.1 数字11.0pt 近缘1.20 字['FZSSJW', 'TimesNewRomanPS-BoldMT', 'TimesNewRomanPSMT']；p7 块26.2×7.8 底11.1 数字11.0pt 近缘1.20 字['FZSSJW', 'NotoSansSC-Medium', 'TimesNewRomanPS-BoldMT']
 ✓ ⑨页眉缺席（版心顶上方无文本，全部页）　p1无页眉；p2无页眉；p3无页眉；p4无页眉；p5无页眉；p6无页眉；p7无页眉
 ✓ ⑩奇偶交替（奇=块贴右+导学件/偶=块贴左+人教B）　p1奇 贴右距0.00mm；p2偶 贴左距0.00mm；p3奇 贴右距0.00mm；p4偶 贴左距0.00mm；p5奇 贴右距0.00mm；p6偶 贴左距0.00mm；p7奇 贴右距0.00mm
 ✓ ⑭栏线（0.4pt 色153 逐页在场＋渲染芯170-210）　页[1, 2, 3, 4, 5, 6, 7]；p1 w=0.398pt；p2 w=0.398pt；p3 w=0.398pt；p4 w=0.398pt；p5 w=0.398pt；p6 w=0.398pt；p7 w=0.398pt；芯中位182
 ✓ ⑮【诊断分析】头单行×3（10.5pt 说明，紧缩文案 无引号版）　p1 【诊断分析】判断正误(正确的…10.1pt｜p2 【诊断分析】判断正误(正确的…10.1pt｜p3 【诊断分析】判断正误(正确的…10.1pt
 ✓ ⑰解析 10.5pt 档（span 10–11 ×20）＋\zhuzhu [注意]前缀新体无小号层　解析span 20/20 越档0；\zhuzhu 新体 是
 ✓ ⑱图文并排 body.tex minipage ≥5（side×5＋\raisebox 声明盒＋盒间胶）　minipage 10 side 5/5 raisebox 5/5 盒间胶 5/5
 ✓ ⑱-2 墨级几何（顶差|·|≤1／墨缝 5.2–8.2／右缘 1.6–3.6 ×5）　691px 顶-0.25 缝5.37 右1.92；764px 顶-0.25 缝6.01 右2.09；521px 顶-0.25 缝5.71 右1.79；788px 顶-0.30 缝7.02 右2.64；1798px 顶-0.30 缝6.77 右2.89
 ✓ ⑲字重阶梯 tex 级（NSC挂载/huabf真粗斜/\jietitle挂\hejie/\tiaomu numbold形/\liB变式/\tjdnr双层/解析尾7pt）　NSC挂载全在 huabf真粗斜在 节挂\hejie是 \tiaomu在 \liB变式在 \tjdnr双层在 解析尾7pt True
 ✓ ⑲字号档（检测题号11.4pt tex×5＋pdf×5＋例变式标签12pt×18）　题号 tex5/5 pdf5/5 标签 例9变9 越档0
 ✓ N1 判断题括号固定列位（ink≤0.45 贴栏右 ×6＋bbox −0.4~0.2；R2 新形 0909 标定）　p1× ) ink0.17/bbox0.00 p1 √) ink0.17/bbox0.00 p2× ) ink0.17/bbox0.00 p2× ) ink0.17/bbox0.00 p3 √) ink0.17/bbox0.00 p3× ) ink0.17/bbox0.00
 ✓ N2 选项行距分档双窗（例区19pt 6.4-7.0／评价·检测21pt 7.1-7.8）　例9档 6.68 6.68 6.68 6.68 6.68 6.68 6.68 6.68 6.68／评3档 7.38 7.38 7.38
 ✓ N3 探究点标题独行×9＋反向（行内无题侧/例标）　独行9/9 混排0（宏级 \tjdnr 双层新形 在）
 ✓ N4 表组×3（列×y 聚类 0908；外框0.8>内线0.4pt 色122/表头7.0-9.2/行高≥6.9/表顶前距2.27-3.6/首列居中±1.5/头净空2.0±0.4·不穿字≥0.2/表内行距4.90±0.4 正文行·全多行格表豁免登记）　p1 线厚[0.141, 0.281] 表头7.82 行高min7.82 前距4.29 头净空1.96 行距['4.89', '4.89']；p2 线厚[0.141, 0.281] 表头7.82 行高min7.82 前距3.44 头净空1.96 行距['4.89', '4.89']；p2 线厚[0.141, 0.281] 表头7.82 行高min7.82 前距3.44 头净空1.96 行距[]
 ✓ N5 学习目标（楷体4行/行距17pt档5.5-6.5/首行内容31.41±0.5·0909/回行悬挂25.87＝margin+8.3）　n=4 首x31.41 行距5.97 5.97 5.97
 ✓ N6 图组（居中 60±1 ×1、ink 上距 2.3-3.3/下距 0.4-3.5）　p2 图60.0 前2.71/后3.39（居中独立图 1/1）
 ✓ N7 条目3 首子项 (1) 连排（body+pdf+postproc台账）＋(2)(3) 各自成段　body在 pdf在 \bindp(2)(3) 在 台账平
 ✓ N8 素养小结（标签独行＋内容楷体 ×9）　宏 \kaishu 在；内容行楷体 9/9
 ✓ N9 ◆后隙 2.4±0.3（n≥9）　n=12 2.40 2.40 2.40 2.40 2.40 2.40…
 ✓ ⑦ 解析→下题题号墨距（有效对 n≥3，中位 5.21±0.5，bbox 口径 0909 标定）　n=4 中位5.21 5.21 5.21 5.21 5.21
 ✓ ①题号数字笔画 1.7–2.7×正文（n=5）＋变式标签常规反向（密度比≤1.75）　题号stem1.920pt 正文stem0.840pt 比2.29；变式密度比1.55（n=9）
 ✓ ②半角括号宽 0.3–0.7em（中位）＋全角（）零残留　n=259 中位0.333em（Times 0.33 档；全品半角括 0.5em——登记差异）全角残留0
 ✓ ③定界符高 ≤11.0pt（豁免：探七 \left\{array ×2＋探八 \left() 放大对 ×2＝恰 4）　超高定界符 [(6, '(', 11.985095977783203), (6, ')', 11.985095977783203), (6, '(', 11.985107421875), (6, ')', 11.985107421875)]（字体框 10.46×1.07≈11.2 门；墨高口径 7.3×1.3=9.5 另证）
 ✓ ④判断括号挂题干末行 ×6＋独占括号行 0 容忍（清单§九④；基线归并＋剥空格口径 0909）　右挂6/6 独占行0 宏形在
 ✓ ⑦块缝（◆探究点→例1 4.2±0.5×9，墨顶方差窗3.3-4.8／前块→◆知识点 3.87±0.45×2 单窗2.7-5.8＋栏首豁免／表底→下块 3.91±0.5×2＋p2右表栏末豁免／条目→条目 \tiaomu 缝 ×5 窗2.5-5.0）　探究点缝4.74 4.57 4.74 4.57 4.57 4.74 4.74 4.23 4.23｜知识点缝2.88 4.74｜表底缝4.08 4.04｜解析→◆4.74｜条目缝4.74 3.05 4.57 4.57 2.54
 ✓ ⑧多选标记 (多选题) ×1 常规宋体 10.5（探五例1，TJ-04 目检档）　n=1 FZSSJW--GB1-0 10.5pt
 ✓ ⑨行尾标点悬挂 0（PunctStyle=plain，栏流限域）＋源 CJK 邻空格 0（body.tex 层·注释域豁免）　悬挂0 源空格残留0
 ✓ ⑩[答案] 行行内无下划线 ×14（\ansul 恒等，清单§九⑩）　答案行 14/14 行内下划线 0
 ✓ ⑪题侧标签隙 标签→[ 2.7±0.6 ×23＋]→题干 2.2±0.6 ×20＋换行态3（TJ-03；F 片A 探二/探九题干归位后内联 +2）　前隙 n=23 2.70 2.70 2.70 2.70 2.70 2.70 2.70 2.70 2.70 2.70 2.70 2.70 2.70 2.70 2.70 2.70 2.70 2.70 2.70 2.70 2.70 2.70 2.70｜后隙 n=20 2.20 2.20 2.20 2.20 2.20 2.20 2.20 2.20 2.20 2.20 2.20 2.20 2.20 2.20 2.20 2.20 2.20 2.20 2.20 2.20
 ✓ ⑫探究点标题单行 ≤82mm ×9＋名字清单（RENAME 探六/探七压字；基线归并口径 0908）　n=9 最宽76.9mm 名单合
 ✓ ⑭空位 (\kongwei) 宽 6.8±0.6 ×9（#17 定宽空档；探八右挂补 1 后全集 0909；窗外杂对≤1）　n=9 6.80 6.80 6.80 6.80 6.80 6.80 6.80 6.80 6.80
 ✓ ⑮side×5 归属＝探二/三/六/八/九（F 片A：阅读序（页,栏,y）归属）　归属['三', '九', '二', '八', '六']
 ✓ ⑪挖空印答 body.tex \kongda ×20　\kongda=20
 ✓ ⑪-2 印答值 pdf 在场（p1/p2，14 词值＋数字/区间值）　全部在场
 ✓ ⑪-3 印答盒宽全量实测（20 处线宽 ≥42pt）　锚定 20/20 最窄 42.5pt；body 20/20
 ✓ ⑫判断题 \zhenti ×6＋简析 \jiexi ×14（变式9＋检测5）　\zhenti=6 \jiexi=14
 ✓ ⑬条目按知识点重起（[1,2,3]/[1,2]/[1,2,3,4]）　实测 [[1, 2, 3], [1, 2], [1, 2, 3, 4]]
 ◎ 登记 ③调色板对账　v4.3 五档＝midgray 0x77(119)／gray122 0x7A(122)／huarule 0x4D(77)／栏线 black!40 0x99(153)／pnumbg 0xDD(221)，与 qp-layout 定义一一对应（总账A/D/I＋拍板27）；E 0909 增第六档 footgray 0x4C(76)＝页脚小字（qp-headfoot，全品 p04 页脚小字暗核众数 76 实测）——F 收尾轮断言适配入白名单
 ◎ 登记 ⑤a-monolith 豁免登记（需追认）　p6右 课堂评价 \vbox 不可切跳栏致空栏 80.9mm：规格内回填已证不可行（栏内解析 1 处 ×≤1pt；上游推力被 glueguard 伸缩吸收）；全品 p06 左栏 98.1mm 空栏先例（总账J 销号逻辑）量级内，门槛 62% 全品先例档（62.6% 取整）
 ◎ 登记 ⑤b 栏末墨距版心底 ≤15mm（实测登记，断栏经济学沿革 v4.1）　p1左 54.0mm；p1右 45.9mm；p2右 20.0mm；p4右 22.7mm；p5左 25.7mm；p5右 44.8mm；p6右 67.1mm
 ◎ 登记 ⑦ 花形后距/栏首豁免登记　p1 后距2.98mm；p3 后距2.82mm；p7（栏首元素距版心顶1.5mm，前距豁免登记）；p7 后距2.65mm（后距无全品规格值，登记；栏首弃胶机制见 qp-blocks \huaxing 注）
 ◎ 登记 ⑧ 页脚混重适配（0909 收尾轮）　件名黑体 E 起换挂 NSC-Medium（qp-fonts hei 族；FZHTJW 仿粗轨退役）、小字 5.5→5.24pt＋色黑→灰76（全品 p04 字号/暗核铁证，qp-headfoot \qphuitext）——断言字体名与字号窗同步（NotoSansSC／5.0–5.45，MuPDF 实测 5.22）
 ◎ 登记 ⑭ 栏线试档（总账I）　black!25（0xBF 渲染 233 无芯）→ black!40（0x99），渲染芯 dpi300 实测中位 182≈全品 188 带芯（线性折算 187）
 ◎ 登记 ⑰ 题侧 [简单/中档(知识点N)] 10.5pt 宋体（TJ-03）计数　0 处（源文全数，见 ⑪ 口径登记）；族 FZSSJW 全对（v4.4 拍板2 与正文完全同）
 ◎ 登记 ⑱-2 口径登记（F 片A 0909）　旧档：图盒顶−题干首行 bbox 顶 |dy|≤2 门＋横缝（盒左−文右）降登记，作废；新档：600dpi 墨级三窗（顶差／墨缝／右缘）——主口径同 D 组 B_ink（图墨左缘−图带内文墨右缘 max）；image1 剪垫后墨幅冻结 27.2mm；逐图文字栏宽/盒间胶/raisebox 高见表（postproc 3c-A 台账）
 ◎ 登记 ⑲ 字重阶梯换轨（0909 E/F 收尾轮断言适配）　FakeBold 仿粗值表（4.0/3.3/2.7/2.3/2.0/1.3）随 FZHei-B01S 仿粗轨道整轨退役（E 标定否决：FB 0.10–0.32 对 NSC 10–11pt 无可测增量），换 NSC 静态实例：heizhang/heibf/hekeshi→w600、heijie/heitiao→Bold、heihao 主字面 w500＋BoldFont w700（F 0909 题号岗位升重）、\hejie→w315、\numbold→w850、\numboldjian→w700、huabf→真Bold＋FakeSlant0.18、\liB 变式→方圆 w400·BEVL100——断言⑲改锁挂载行
 ◎ 登记 ⑲ 题号→题侧 advance 隙（11.4pt 题号盒与 8pt 题侧盒交叠，登记）　题号 FakeBold 盒右缘越过题侧盒左缘（0908 实测 −1.8~0mm），题号辨识度由 11.4pt＋2.0× 加重承担（条9①），ink 口径探针值见交付报告§九
 ◎ 登记 N1 口径（0909 R2 新形二次标定）　判断答案 (\makebox[1.8em]{答案}) 右挂＋尾 \hspace{0.56mm}——ink 距栏右实测 0.12（旧 \rule{3.34mm} 半角窄式 3.62 口径作废）；行 bbox 右 −0.05~−0.10 系尾距所致（0 Overfull）；内空 1.8em 定宽由 ④ tex 级宏形锁；挂位/独占行判定归 ④ 基线归并口径
 ◎ 登记 N4 表组登记项　p1 表为栏首元素（上邻末带系通栏文本越栏 x0<304pt）——前距豁免登记；p1 表内挖空线行底 ['-0.04', '0.13', '0.30', '0.47', '0.64', '0.64', '0.64']mm（≥1.15 登记249，全品模行 1.35 先例）；p1 竖线0条（首列居中不可测，登记）；p2 表顶前距 3.44mm（上邻解析尾 \addvspace{7pt} 叠加场景，全品块间带内）——登记；p2 竖线0条（首列居中不可测，登记）；p2 表顶前距 3.44mm（上邻解析尾 \addvspace{7pt} 叠加场景，全品块间带内）——登记；p2 表内全多行格（无相邻单行格对），行距档不可测——登记；p2 竖线0条（首列居中不可测，登记）
 ◎ 登记 N5 首行/回行 x 换轨（0909 收尾轮）　序号「N.」数字走 \numbold（NSC-w850 拉丁族，E 换轨）——首行内容起点 28.84→31.41（+2.57mm＝数字 advance 增量），窗 28.0-29.7→30.9-31.9；回行悬挂 x 23.3→25.87＝margin+\hangindent(8.3mm)（断言顶格.py 8.3mm 登记同步有效，旧 23.3 系 8.3mm 定值前读数）；首行缩进 2 字＋序号加粗后空 1 字口径不变
 ◎ 登记 N5 首行内容 x 换轨（0909 收尾轮）　序号「N.」数字走 \numbold（NSC-w850 拉丁族，E 换轨）——首行内容起点 28.84→31.41（+2.57mm＝数字 advance 增量），窗 28.0-29.7→30.9-31.9；首行缩进 2 字＋序号加粗后空 1 字口径不变（断言顶格.py 8.3mm 悬挂登记同步有效）
 ◎ 登记 N5 顶格例外（拍板6）　首行缩进 2 字＋序号「N.」加粗后空 1 字（\mubiaomu \hangindent=8.3mm），断言顶格.py 已同步登记 8.3mm 悬挂合法
 ◎ 登记 N6 图内字≥7pt 等效断言＝SKIP 登记　需图源文字像素高折算（任务书条5允许缺口登记）：sub3_B_4 原生 1408×374px 打印 60mm（≈597dpi 级），图内字等效远超 7pt 档，无降质风险；逐图提档另行任务
 ◎ 登记 N6 图组下距 3.39 登记（0909 收尾轮）　p2 图后邻带 (3) 行含投影向量数学结构——上伸墨带顶抬升，胶 tex 级恒定，非图组自身缝；下距窗 0.4–2.9→0.4–3.5
 ◎ 登记 N9 ◆ advance 宽中位　3.02mm（0.63em 桶排 8.6pt 字号，≈0.88em 墨宽，总账E 登记）
 ◎ 登记 N10 解析→下题题号墨距（明细登记）　有效对 n=4，bbox 距 5.21 5.21 5.21 5.21，中位 5.21mm（ink 口径另加字面 inset；全品题间墨隙参照 4.1–4.7，任务书条9——bbox 口径含行盒沿差）；tex 级已锁 \jiexi/\zhenti 解析尾 \addvspace{7pt}（⑲断言；0908 断言轮由 6pt 提 7pt）。0909 收尾轮：门 3.95±0.6→5.21±0.5（R2/R3 收尾改动后带结构重测，四对 uniform）。配对总体小（栏断/变式流向不入集）且公式降部扰墨带
 ◎ 登记 ① 题号笔画比下界 1.7（0908 二次成因登记）　题号数字本体走 Times Bold（BoldFace 自动档）不吃 \heihao 组 FakeBold——窗收 ±0.25 排页脚码后干净实测 1.75×正文（旧 1.86 系污染集中位）；变式 1.63 常规档（拍板4a）
 ◎ 登记 ① 例1 标签字重取证（0909 收尾轮改口径：方圆体两档，不设门）　例1「例」密度比 2.44（\lihei 方圆 w600 档） vs 变式 1.55（\liB 方圆 w400 档）——两档分离可见，tex 级 ⑲ \libian\libianlat 挂载已锁；旧 \heibf 2.3×/\heiti 常规口径随黑体仿粗轨退役
 ◎ 登记 ③ 口径　rawdict char bbox＝字体框（正文括号 10.46pt）非墨高（墨高 ≈7.3pt，1.3 容差＝9.5pt）——0908 门改 bbox 11.0pt；探七详解 cases \left\{array（两处）＋探八 \left(\right) 随内容放大对（11.955×4 字符）结构性豁免登记（清单§九③）
 ◎ 登记 ④ 判断括号右挂返修（0909 收尾轮）　R2 形 \nobreak\mbox{}\nobreak 夹 \mbox{} 后 fil 断点 penalty 链被盒节点打断，p1/p3 判断(1) 近满行题干重现独占行（_calib/_zt_exp.tex 四变体实验复证）——修法：去 \mbox{}、\nobreak 移至 fil 后（双 nobreak 直连胶节点），五原型全右挂 0 overfull；提取层 '( × )' 空格为字体切换伪象，归并后剥空格判定
 ◎ 登记 ⑦ 表底缝 ×2＋p2 右表栏末豁免（0909 收尾轮）　实测 4.08/4.04（p1/p2 左表）；p2 右表为栏末元素（表底 728.6pt 无下带）——豁免；其名称列黑色竖线全高连墨致 band 并带（568.2–729.0），N4 规则线聚类与表内读数不受影响
 ◎ 登记 ⑦ 条目缝口径（0908 五修）　集＝\tiaomu 真缝（知识点区号行对，n=5，实测 4.74 3.05 4.57 4.57 2.54）；\mubiaomu 学习目标对（2.20–2.54＝块内行缝域，无尾距宏）不入集；墨中性对 4.74＝块内缝 2.88＋\tiaomu 尾距 1.8mm 全额（pitch +5.1pt），公式邻接对 2.71/3.22 被邻行 ink 深度掩蔽（块内缝域 0.85–3.05）——窗 2.5–5.0，尾距 1.8mm 标定不动
 ◎ 登记 ⑦ 知识点缝栏首豁免　◆知识点二为 p2 左栏首元素（栏顶弃胶无前带对）——2/3 带对实测，豁免 1
 ◎ 登记 ⑦ 解析→◆知识点带对（登记不设门）　直接带对 n=1——判断收尾行（×．）带隔断配对；缝由解析尾 \addvspace{7pt}＋\zsd 前距 tex 级锁（0908 \zsd 内顺序换位恢复 max 语义），同位落点见 N10 中位 5.21
 ◎ 登记 ⑨ 源空格残留注释域豁免（0909 收尾轮）　body.tex \vspace{-9.7pt}% 注释文案含 7 处 CJK 邻空格（排版不可达域）——扫描改在剥注释后进行；正域 0 残留维持
 ◎ 登记 ⑪ 题侧计数口径（0908；F 片A 0909 后隙 18→20）　源文题侧 [简单/中档(知识点N)] 全数保留＝23（例1 9＋变式 9＋检测 5）；规格 ×14 系漏计例1，作废；隙距 2.7/2.2 由宏 \hspace 给出恒定；后隙 18→20（探二/探九题干由并排 minipage 改内联，标签行末水平后隙可测 +2）、换行态 5→3（同因）；TJ-03 2.2mm 只锁内联态
 ◎ 登记 ⑪-3 口径（返修1 沿 v4.2）　\kongda 专用寄存器 \kdmind/\kdwd（xeCJK 断胶覆写坑），signature＝栏内 42–60pt 水平细线＋线下紧贴恰一值 span（|dy|≤1.5pt）
断言结果： 全部通过
