== 断言①②：01/03 练习题块计数 ==
课时01：G5＋E16＋T2＝23
课时02：G5＋E16＋T4＝25
课时03：G5＋E16＋T0＝21
课时04：G5＋E16＋T1＝22
课时05：G5＋E16＋T3＝24
  [PASS] 01 练习＝16　实数 16
  [PASS] 01 练习键恰 E1~E16
  [PASS] 03 练习＝16　实数 16
  [PASS] 03 练习键恰 E1~E16

== 断言③：批A 合计 ==
五课时合计：23＋25＋21＋22＋24＝115（期望 115）
  [PASS] 批A 合计＝115　实数 115
  [PASS] 导学 25
  [PASS] 练习 80（5×16）
  [PASS] 拓展 10

== 断言④：全章 320 账 ==
练习位：批A 80＋批B 80＋批C 64＋批D 64＋批E 32＝320（期望 320）
  [PASS] 全章练习位＝320

== 键存在性对合（canonical 占位转实） ==
  [PASS] 01-E15 题块存在
  [PASS] 01-E16 题块存在
  [PASS] 03-E12 题块存在
  [PASS] 03-E13 题块存在
  [PASS] 03-E14 题块存在
  [PASS] 03-E15 题块存在
  [PASS] 03-E16 题块存在
  [PASS] 01/03 件内无命制占位题头
  [PASS] canonical 课时01 转实 E1~E16
  [PASS] canonical 课时03 转实 E1~E16
  [PASS] canonical 命制在途销减至 8
  [PASS] canonical 批A 读数 115

== 账面读数行抽查（台账/汇总件） ==
  [PASS] 台账 §一 合计 115
  [PASS] 台账 §三 恒等 16＋50＋39＋8＝115
  [PASS] 台账 §八 来源比 16:50:8
  [PASS] 汇总 §二 实配 320
  [PASS] 汇总 §二 三轨账①轨销 307＋7＝314
  [PASS] 汇总 §一.1 映射含 01-E15/E16
  [PASS] 汇总 §一.3 映射含 03-E12~E16
  [PASS] 汇总 §九 状态转已入槽
  [PASS] 汇总 授权链注（主裁＋报备用户）
  [PASS] 汇总 §十三 断言二 320 全满

== 结果 ==
全部断言通过 ✓（01/03 练习各16、批A 合计115、全章练习位320、键对合与账面读数一致）
