This is XeTeX, Version 3.141592653-2.6-0.999998 (TeX Live 2026) (preloaded format=xelatex)
 restricted \write18 enabled.
entering extended mode
(./main.tex
LaTeX2e <2026-06-01>
L3 programming layer <2026-08-10>
(c:/Users/28120/AppData/Roaming/TinyTeX/texmf-dist/tex/latex/ctex/ctexart.cls (c:/Users/28120/AppData/Roaming/TinyTeX/texmf-dist/tex/latex/ctex/config/ctexbackend.cfg) (c:/Users/28120/AppData/Roaming/TinyTeX/texmf-dist/tex/latex/l3kernel/expl3.sty (c:/Users/28120/AppData/Roaming/TinyTeX/texmf-dist/tex/latex/l3kernel/l3backend-xetex.def))
Document Class: ctexart 2026/08/11 v2.6.5 Chinese adapter for class article (CTEX)
(c:/Users/28120/AppData/Roaming/TinyTeX/texmf-dist/tex/latex/ctex/ctexhook.sty) (c:/Users/28120/AppData/Roaming/TinyTeX/texmf-dist/tex/latex/ctex/ctexpatch.sty) (c:/Users/28120/AppData/Roaming/TinyTeX/texmf-dist/tex/latex/base/fix-cm.sty (c:/Users/28120/AppData/Roaming/TinyTeX/texmf-dist/tex/latex/base/ts1enc.def)) (c:/Users/28120/AppData/Roaming/TinyTeX/texmf-dist/tex/latex/ctex/config/ctexopts.cfg) (c:/Users/28120/AppData/Roaming/TinyTeX/texmf-dist/tex/latex/base/article.cls
Document Class: article 2025/01/22 v1.4n Standard LaTeX document class
(c:/Users/28120/AppData/Roaming/TinyTeX/texmf-dist/tex/latex/base/size10.clo)) (c:/Users/28120/AppData/Roaming/TinyTeX/texmf-dist/tex/latex/ctex/engine/ctex-engine-xetex.def (c:/Users/28120/AppData/Roaming/TinyTeX/texmf-dist/tex/xelatex/xecjk/xeCJK.sty (c:/Users/28120/AppData/Roaming/TinyTeX/texmf-dist/tex/latex/l3packages/xtemplate/xtemplate.sty) (c:/Users/28120/AppData/Roaming/TinyTeX/texmf-dist/tex/latex/fontspec/fontspec.sty (c:/Users/28120/AppData/Roaming/TinyTeX/texmf-dist/tex/latex/fontspec/fontspec-xetex.sty (c:/Users/28120/AppData/Roaming/TinyTeX/texmf-dist/tex/latex/base/fontenc.sty) (c:/Users/28120/AppData/Roaming/TinyTeX/texmf-dist/tex/latex/fontspec/fontspec.cfg))) (c:/Users/28120/AppData/Roaming/TinyTeX/texmf-dist/tex/xelatex/xecjk/xeCJK.cfg))) (c:/Users/28120/AppData/Roaming/TinyTeX/texmf-dist/tex/latex/zhnumber/zhnumber.sty (c:/Users/28120/AppData/Roaming/TinyTeX/texmf-dist/tex/latex/zhnumber/zhnumber-utf8.cfg)) (c:/Users/28120/AppData/Roaming/TinyTeX/texmf-dist/tex/latex/ctex/scheme/ctex-scheme-chinese-article.def (c:/Users/28120/AppData/Roaming/TinyTeX/texmf-dist/tex/latex/ctex/config/ctex-name-utf8.cfg)) (c:/Users/28120/AppData/Roaming/TinyTeX/texmf-dist/tex/latex/ctex/ctex-c5size.clo)) (c:/Users/28120/AppData/Roaming/TinyTeX/texmf-dist/tex/latex/ctex/config/ctex.cfg) (c:/Users/28120/AppData/Roaming/TinyTeX/texmf-dist/tex/latex/geometry/geometry.sty (c:/Users/28120/AppData/Roaming/TinyTeX/texmf-dist/tex/latex/graphics/keyval.sty) (c:/Users/28120/AppData/Roaming/TinyTeX/texmf-dist/tex/generic/iftex/ifvtex.sty (c:/Users/28120/AppData/Roaming/TinyTeX/texmf-dist/tex/generic/iftex/iftex.sty))) (c:/Users/28120/AppData/Roaming/TinyTeX/texmf-dist/tex/latex/amsmath/amsmath.sty
For additional information on amsmath, use the `?' option.
(c:/Users/28120/AppData/Roaming/TinyTeX/texmf-dist/tex/latex/amsmath/amstext.sty (c:/Users/28120/AppData/Roaming/TinyTeX/texmf-dist/tex/latex/amsmath/amsgen.sty)) (c:/Users/28120/AppData/Roaming/TinyTeX/texmf-dist/tex/latex/amsmath/amsbsy.sty) (c:/Users/28120/AppData/Roaming/TinyTeX/texmf-dist/tex/latex/amsmath/amsopn.sty)) (c:/Users/28120/AppData/Roaming/TinyTeX/texmf-dist/tex/latex/amsfonts/amssymb.sty (c:/Users/28120/AppData/Roaming/TinyTeX/texmf-dist/tex/latex/amsfonts/amsfonts.sty)) (c:/Users/28120/AppData/Roaming/TinyTeX/texmf-dist/tex/latex/graphics/graphicx.sty (c:/Users/28120/AppData/Roaming/TinyTeX/texmf-dist/tex/latex/graphics/graphics.sty (c:/Users/28120/AppData/Roaming/TinyTeX/texmf-dist/tex/latex/graphics/trig.sty) (c:/Users/28120/AppData/Roaming/TinyTeX/texmf-dist/tex/latex/graphics-cfg/graphics.cfg) (c:/Users/28120/AppData/Roaming/TinyTeX/texmf-dist/tex/latex/graphics-def/xetex.def))) (c:/Users/28120/AppData/Roaming/TinyTeX/texmf-dist/tex/latex/xcolor/xcolor.sty (c:/Users/28120/AppData/Roaming/TinyTeX/texmf-dist/tex/latex/graphics-cfg/color.cfg) (c:/Users/28120/AppData/Roaming/TinyTeX/texmf-dist/tex/latex/graphics/mathcolor.ltx)) (c:/Users/28120/AppData/Roaming/TinyTeX/texmf-dist/tex/latex/booktabs/booktabs.sty) (c:/Users/28120/AppData/Roaming/TinyTeX/texmf-dist/tex/latex/multirow/multirow.sty) (c:/Users/28120/AppData/Roaming/TinyTeX/texmf-dist/tex/latex/tools/array.sty) (c:/Users/28120/AppData/Roaming/TinyTeX/texmf-dist/tex/latex/tools/calc.sty) (c:/Users/28120/AppData/Roaming/TinyTeX/texmf-dist/tex/latex/etoolbox/etoolbox.sty) (c:/Users/28120/AppData/Roaming/TinyTeX/texmf-dist/tex/latex/fancyhdr/fancyhdr.sty) (c:/Users/28120/AppData/Roaming/TinyTeX/texmf-dist/tex/latex/tools/indentfirst.sty) (./main.aux)
*geometry* driver: auto-detecting
*geometry* detected driver: xetex
(./chapterhead.tex (c:/Users/28120/AppData/Roaming/TinyTeX/texmf-dist/tex/latex/amsfonts/umsa.fd) (c:/Users/28120/AppData/Roaming/TinyTeX/texmf-dist/tex/latex/amsfonts/umsb.fd))
Underfull \hbox (badness 10000) in paragraph at lines 4--90
[][]
(./body.tex

LaTeX Font Warning: Font shape `TU/SimHei(0)/b/n' undefined
(Font)              using `TU/SimHei(0)/m/n' instead on input line 11.


Overfull \hbox (3.84927pt too wide) in paragraph at lines 27--27
\TU/SimHei(0)/m/n/12 减、| 

Overfull \vbox (999.013pt too high) has occurred while \output is active
Overfull \vbox (23.01299pt too high) has occurred while \output is active [1]
Overfull \vbox (23.01299pt too high) has occurred while \output is active [2]
Overfull \hbox (9.70757pt too wide) in paragraph at lines 84--85
[] \OT1/cmr/m/n/12 =$$[]$  

Overfull \hbox (9.18031pt too wide) in paragraph at lines 92--93
[] \OT1/cmr/m/n/12 =$$[]$  

Overfull \vbox (23.01299pt too high) has occurred while \output is active [3]
Overfull \hbox (2.4862pt too wide) in paragraph at lines 161--162
[]|\TU/SimHei(0)/m/n/12 （\TU/TimesNewRoman(0)/b/n/12 2\TU/SimHei(0)/m/n/12 ）|  由 数 量 积 的 定 义，|  可 以 得 到：| $[]\OMS/cmsy/m/n/12 ?[] ,$$[] ^^A

Overfull \hbox (23.28867pt too wide) in paragraph at lines 173--174
[][] 

Overfull \vbox (23.01299pt too high) has occurred while \output is active [4]
Overfull \hbox (12.9815pt too wide) in paragraph at lines 235--235
\TU/TimesNewRoman(0)/b/n/12 1.1.1.4-3\TU/SimHei(0)/m/n/12 ． （简 单）|  已 知 正 方 体 \TU/TimesNewRoman(0)/b/it/12 ABCD \TU/SimHei(0)/m/n/12 － \TU/TimesNewRoman(0)/b/it/12 A[] B[] C[] D[] \TU/SimHei(0)/m/n/12 中，|

Overfull \vbox (23.01299pt too high) has occurred while \output is active [5]
Overfull \hbox (29.67879pt too wide) in paragraph at lines 288--289
[]\TU/SimHei(0)/m/n/12 对 于 \TU/TimesNewRoman(0)/b/n/12 C\TU/SimHei(0)/m/n/12 ：| $[][] \OT1/cmr/m/n/12 = [][] =

Overfull \hbox (14.66885pt too wide) in paragraph at lines 290--291
[]\TU/SimHei(0)/m/n/12 对 于 \TU/TimesNewRoman(0)/b/n/12 D\TU/SimHei(0)/m/n/12 ：| $[][] \OT1/cmr/m/n/12 = [] \OMS/cmsy/m/n/12 ^^A [] \OT1/cmr/m/n/12 =

Overfull \hbox (23.28867pt too wide) in paragraph at lines 301--302
[][] 

Overfull \vbox (23.01299pt too high) has occurred while \output is active [6]
Overfull \hbox (44.87228pt too wide) in paragraph at lines 307--308
[]\TU/SimHei(0)/m/n/12 方 法 \TU/TimesNewRoman(0)/b/n/12 2\TU/SimHei(0)/m/n/12 ：|  先 求 $[] \OMS/cmsy/m/n/12 ^^A []$\TU/SimHei(0)/m/n/12 ，|  再 利 用 公 式 $[] [] \OT1/cmr/m/n/12 =

Overfull \hbox (13.06557pt too wide) in paragraph at lines 307--308
[]$ \TU/SimHei(0)/m/n/12 求 $[] []$，|  最 后 确 定 $[]$

Overfull \hbox (7.86707pt too wide) in paragraph at lines 311--312
[]\TU/SimHei(0)/m/n/12 因 为 △ $\OML/cmm/m/it/12 CAD[]$ \TU/SimHei(0)/m/n/12 为 等 边 三 角 形，|  所 以 $\U/msa/m/n/12 \\OML/cmm/m/it/12 CAD[] \OT1/cmr/m/n/12 =

Overfull \hbox (2.11655pt too wide) in paragraph at lines 313--315
[] \OT1/cmr/m/n/12 = []\OML/cmm/m/it/12 ; [] \OT1/cmr/m/n/12 = []$\TU/SimHei(0)/m/n/12 ，|  所 以 $[] [] \OT1/cmr/m/n/12 =

Overfull \hbox (2.21979pt too wide) in paragraph at lines 333--334
[] [] \OMS/cmsy/m/n/12 6\OT1/cmr/m/n/12 = \OMS/cmsy/m/n/12 ^^@\OT1/cmr/m/n/12 1$\TU/SimHei(0)/m/n/12 ，|  由 $[] \OMS/cmsy/m/n/12 ^^A

Overfull \hbox (6.6863pt too wide) in paragraph at lines 340--340
[] \OT1/cmr/m/n/12 + []\OML/cmm/m/it/12 ; [] \OT1/cmr/m/n/12 = [] + \OML/cmm/m/it/12 ^^U[]; [] \OT1/cmr/m/n/12 = 135[]\OML/cmm/m/it/12 ; []\OMS/cmsy/m/n/12 ?[]$

Overfull \vbox (23.01299pt too high) has occurred while \output is active [7]
Overfull \hbox (10.80925pt too wide) in paragraph at lines 346--348
[]|\TU/SimHei(0)/m/n/12 【详 解】|  由 $[]\OMS/cmsy/m/n/12 ?[]$\TU/SimHei(0)/m/n/12 ，|  得 $[] \OMS/cmsy/m/n/12 ^^A [] \OT1/cmr/m/n/12 =

Overfull \hbox (23.28867pt too wide) in paragraph at lines 358--359
[][] 

Overfull \vbox (23.01299pt too high) has occurred while \output is active [8])
Overfull \vbox (23.01299pt too high) has occurred while \output is active [9] (./main.aux)

LaTeX Font Warning: Some font shapes were not available, defaults substituted.

 )
(see the transcript file for additional information)
Output written on main.pdf (9 pages).
Transcript written on main.log.
