This is XeTeX, Version 3.141592653-2.6-0.999998 (TeX Live 2026) (preloaded format=xelatex)
 restricted \write18 enabled.
entering extended mode
(./main.tex
LaTeX2e <2026-06-01>
L3 programming layer <2026-08-10>
(c:/Users/28120/AppData/Roaming/TinyTeX/texmf-dist/tex/latex/ctex/ctexart.cls (c:/Users/28120/AppData/Roaming/TinyTeX/texmf-dist/tex/latex/ctex/config/ctexbackend.cfg) (c:/Users/28120/AppData/Roaming/TinyTeX/texmf-dist/tex/latex/l3kernel/expl3.sty (c:/Users/28120/AppData/Roaming/TinyTeX/texmf-dist/tex/latex/l3kernel/l3backend-xetex.def))
Document Class: ctexart 2026/08/11 v2.6.5 Chinese adapter for class article (CTEX)
(c:/Users/28120/AppData/Roaming/TinyTeX/texmf-dist/tex/latex/ctex/ctexhook.sty) (c:/Users/28120/AppData/Roaming/TinyTeX/texmf-dist/tex/latex/ctex/ctexpatch.sty) (c:/Users/28120/AppData/Roaming/TinyTeX/texmf-dist/tex/latex/base/fix-cm.sty (c:/Users/28120/AppData/Roaming/TinyTeX/texmf-dist/tex/latex/base/ts1enc.def)) (c:/Users/28120/AppData/Roaming/TinyTeX/texmf-dist/tex/latex/ctex/config/ctexopts.cfg) (c:/Users/28120/AppData/Roaming/TinyTeX/texmf-dist/tex/latex/base/article.cls
Document Class: article 2025/01/22 v1.4n Standard LaTeX document class
(c:/Users/28120/AppData/Roaming/TinyTeX/texmf-dist/tex/latex/base/size10.clo)) (c:/Users/28120/AppData/Roaming/TinyTeX/texmf-dist/tex/latex/ctex/engine/ctex-engine-xetex.def (c:/Users/28120/AppData/Roaming/TinyTeX/texmf-dist/tex/xelatex/xecjk/xeCJK.sty (c:/Users/28120/AppData/Roaming/TinyTeX/texmf-dist/tex/latex/l3packages/xtemplate/xtemplate.sty) (c:/Users/28120/AppData/Roaming/TinyTeX/texmf-dist/tex/latex/fontspec/fontspec.sty (c:/Users/28120/AppData/Roaming/TinyTeX/texmf-dist/tex/latex/fontspec/fontspec-xetex.sty (c:/Users/28120/AppData/Roaming/TinyTeX/texmf-dist/tex/latex/base/fontenc.sty) (c:/Users/28120/AppData/Roaming/TinyTeX/texmf-dist/tex/latex/fontspec/fontspec.cfg))) (c:/Users/28120/AppData/Roaming/TinyTeX/texmf-dist/tex/xelatex/xecjk/xeCJK.cfg))) (c:/Users/28120/AppData/Roaming/TinyTeX/texmf-dist/tex/latex/zhnumber/zhnumber.sty (c:/Users/28120/AppData/Roaming/TinyTeX/texmf-dist/tex/latex/zhnumber/zhnumber-utf8.cfg)) (c:/Users/28120/AppData/Roaming/TinyTeX/texmf-dist/tex/latex/ctex/scheme/ctex-scheme-chinese-article.def (c:/Users/28120/AppData/Roaming/TinyTeX/texmf-dist/tex/latex/ctex/config/ctex-name-utf8.cfg)) (c:/Users/28120/AppData/Roaming/TinyTeX/texmf-dist/tex/latex/ctex/ctex-c5size.clo)) (c:/Users/28120/AppData/Roaming/TinyTeX/texmf-dist/tex/latex/ctex/config/ctex.cfg) (./qp-fonts.tex) (./qp-layout.tex (c:/Users/28120/AppData/Roaming/TinyTeX/texmf-dist/tex/latex/geometry/geometry.sty (c:/Users/28120/AppData/Roaming/TinyTeX/texmf-dist/tex/latex/graphics/keyval.sty) (c:/Users/28120/AppData/Roaming/TinyTeX/texmf-dist/tex/generic/iftex/ifvtex.sty (c:/Users/28120/AppData/Roaming/TinyTeX/texmf-dist/tex/generic/iftex/iftex.sty))) (c:/Users/28120/AppData/Roaming/TinyTeX/texmf-dist/tex/latex/amsmath/amsmath.sty
For additional information on amsmath, use the `?' option.
(c:/Users/28120/AppData/Roaming/TinyTeX/texmf-dist/tex/latex/amsmath/amstext.sty (c:/Users/28120/AppData/Roaming/TinyTeX/texmf-dist/tex/latex/amsmath/amsgen.sty)) (c:/Users/28120/AppData/Roaming/TinyTeX/texmf-dist/tex/latex/amsmath/amsbsy.sty) (c:/Users/28120/AppData/Roaming/TinyTeX/texmf-dist/tex/latex/amsmath/amsopn.sty)) (c:/Users/28120/AppData/Roaming/TinyTeX/texmf-dist/tex/latex/amsfonts/amssymb.sty (c:/Users/28120/AppData/Roaming/TinyTeX/texmf-dist/tex/latex/amsfonts/amsfonts.sty)) (c:/Users/28120/AppData/Roaming/TinyTeX/texmf-dist/tex/latex/graphics/graphicx.sty (c:/Users/28120/AppData/Roaming/TinyTeX/texmf-dist/tex/latex/graphics/graphics.sty (c:/Users/28120/AppData/Roaming/TinyTeX/texmf-dist/tex/latex/graphics/trig.sty) (c:/Users/28120/AppData/Roaming/TinyTeX/texmf-dist/tex/latex/graphics-cfg/graphics.cfg) (c:/Users/28120/AppData/Roaming/TinyTeX/texmf-dist/tex/latex/graphics-def/xetex.def))) (c:/Users/28120/AppData/Roaming/TinyTeX/texmf-dist/tex/latex/xcolor/xcolor.sty (c:/Users/28120/AppData/Roaming/TinyTeX/texmf-dist/tex/latex/graphics-cfg/color.cfg) (c:/Users/28120/AppData/Roaming/TinyTeX/texmf-dist/tex/latex/graphics/mathcolor.ltx)) (c:/Users/28120/AppData/Roaming/TinyTeX/texmf-dist/tex/latex/colortbl/colortbl.sty (c:/Users/28120/AppData/Roaming/TinyTeX/texmf-dist/tex/latex/tools/array.sty)
new hooks used!!
) (c:/Users/28120/AppData/Roaming/TinyTeX/texmf-dist/tex/latex/multirow/multirow.sty) (c:/Users/28120/AppData/Roaming/TinyTeX/texmf-dist/tex/latex/tools/calc.sty) (c:/Users/28120/AppData/Roaming/TinyTeX/texmf-dist/tex/latex/tools/multicol.sty)) (./qp-parts.tex) (./qp-headfoot.tex (c:/Users/28120/AppData/Roaming/TinyTeX/texmf-dist/tex/latex/fancyhdr/fancyhdr.sty)) (./qp-titles.tex (c:/Users/28120/AppData/Roaming/TinyTeX/texmf-dist/tex/latex/needspace/needspace.sty)) (./qp-blocks.tex (c:/Users/28120/AppData/Roaming/TinyTeX/texmf-dist/tex/latex/pgf/frontendlayer/tikz.sty (c:/Users/28120/AppData/Roaming/TinyTeX/texmf-dist/tex/latex/pgf/basiclayer/pgf.sty (c:/Users/28120/AppData/Roaming/TinyTeX/texmf-dist/tex/latex/pgf/utilities/pgfrcs.sty (c:/Users/28120/AppData/Roaming/TinyTeX/texmf-dist/tex/generic/pgf/utilities/pgfutil-common.tex) (c:/Users/28120/AppData/Roaming/TinyTeX/texmf-dist/tex/generic/pgf/utilities/pgfutil-latex.def) (c:/Users/28120/AppData/Roaming/TinyTeX/texmf-dist/tex/generic/pgf/utilities/pgfrcs.code.tex (c:/Users/28120/AppData/Roaming/TinyTeX/texmf-dist/tex/generic/pgf/pgf.revision.tex))) (c:/Users/28120/AppData/Roaming/TinyTeX/texmf-dist/tex/latex/pgf/basiclayer/pgfcore.sty (c:/Users/28120/AppData/Roaming/TinyTeX/texmf-dist/tex/latex/pgf/systemlayer/pgfsys.sty (c:/Users/28120/AppData/Roaming/TinyTeX/texmf-dist/tex/generic/pgf/systemlayer/pgfsys.code.tex (c:/Users/28120/AppData/Roaming/TinyTeX/texmf-dist/tex/generic/pgf/utilities/pgfkeys.code.tex (c:/Users/28120/AppData/Roaming/TinyTeX/texmf-dist/tex/generic/pgf/utilities/pgfkeyslibraryfiltered.code.tex)) (c:/Users/28120/AppData/Roaming/TinyTeX/texmf-dist/tex/generic/pgf/systemlayer/pgf.cfg) (c:/Users/28120/AppData/Roaming/TinyTeX/texmf-dist/tex/generic/pgf/systemlayer/pgfsys-xetex.def (c:/Users/28120/AppData/Roaming/TinyTeX/texmf-dist/tex/generic/pgf/systemlayer/pgfsys-dvipdfmx.def (c:/Users/28120/AppData/Roaming/TinyTeX/texmf-dist/tex/generic/pgf/systemlayer/pgfsys-common-pdf.def)))) (c:/Users/28120/AppData/Roaming/TinyTeX/texmf-dist/tex/generic/pgf/systemlayer/pgfsyssoftpath.code.tex) (c:/Users/28120/AppData/Roaming/TinyTeX/texmf-dist/tex/generic/pgf/systemlayer/pgfsysprotocol.code.tex)) (c:/Users/28120/AppData/Roaming/TinyTeX/texmf-dist/tex/generic/pgf/basiclayer/pgfcore.code.tex (c:/Users/28120/AppData/Roaming/TinyTeX/texmf-dist/tex/generic/pgf/math/pgfmath.code.tex (c:/Users/28120/AppData/Roaming/TinyTeX/texmf-dist/tex/generic/pgf/math/pgfmathutil.code.tex) (c:/Users/28120/AppData/Roaming/TinyTeX/texmf-dist/tex/generic/pgf/math/pgfmathparser.code.tex) (c:/Users/28120/AppData/Roaming/TinyTeX/texmf-dist/tex/generic/pgf/math/pgfmathfunctions.code.tex) (c:/Users/28120/AppData/Roaming/TinyTeX/texmf-dist/tex/generic/pgf/math/pgfmathfunctions.basic.code.tex) (c:/Users/28120/AppData/Roaming/TinyTeX/texmf-dist/tex/generic/pgf/math/pgfmathfunctions.trigonometric.code.tex) (c:/Users/28120/AppData/Roaming/TinyTeX/texmf-dist/tex/generic/pgf/math/pgfmathfunctions.random.code.tex) (c:/Users/28120/AppData/Roaming/TinyTeX/texmf-dist/tex/generic/pgf/math/pgfmathfunctions.comparison.code.tex) (c:/Users/28120/AppData/Roaming/TinyTeX/texmf-dist/tex/generic/pgf/math/pgfmathfunctions.base.code.tex) (c:/Users/28120/AppData/Roaming/TinyTeX/texmf-dist/tex/generic/pgf/math/pgfmathfunctions.round.code.tex) (c:/Users/28120/AppData/Roaming/TinyTeX/texmf-dist/tex/generic/pgf/math/pgfmathfunctions.misc.code.tex) (c:/Users/28120/AppData/Roaming/TinyTeX/texmf-dist/tex/generic/pgf/math/pgfmathfunctions.integerarithmetics.code.tex) (c:/Users/28120/AppData/Roaming/TinyTeX/texmf-dist/tex/generic/pgf/math/pgfmathcalc.code.tex) (c:/Users/28120/AppData/Roaming/TinyTeX/texmf-dist/tex/generic/pgf/math/pgfmathfloat.code.tex)) (c:/Users/28120/AppData/Roaming/TinyTeX/texmf-dist/tex/generic/pgf/math/pgfint.code.tex) (c:/Users/28120/AppData/Roaming/TinyTeX/texmf-dist/tex/generic/pgf/basiclayer/pgfcorepoints.code.tex) (c:/Users/28120/AppData/Roaming/TinyTeX/texmf-dist/tex/generic/pgf/basiclayer/pgfcorepathconstruct.code.tex) (c:/Users/28120/AppData/Roaming/TinyTeX/texmf-dist/tex/generic/pgf/basiclayer/pgfcorepathusage.code.tex) (c:/Users/28120/AppData/Roaming/TinyTeX/texmf-dist/tex/generic/pgf/basiclayer/pgfcorescopes.code.tex) (c:/Users/28120/AppData/Roaming/TinyTeX/texmf-dist/tex/generic/pgf/basiclayer/pgfcoregraphicstate.code.tex) (c:/Users/28120/AppData/Roaming/TinyTeX/texmf-dist/tex/generic/pgf/basiclayer/pgfcoretransformations.code.tex) (c:/Users/28120/AppData/Roaming/TinyTeX/texmf-dist/tex/generic/pgf/basiclayer/pgfcorequick.code.tex) (c:/Users/28120/AppData/Roaming/TinyTeX/texmf-dist/tex/generic/pgf/basiclayer/pgfcoreobjects.code.tex) (c:/Users/28120/AppData/Roaming/TinyTeX/texmf-dist/tex/generic/pgf/basiclayer/pgfcorepathprocessing.code.tex) (c:/Users/28120/AppData/Roaming/TinyTeX/texmf-dist/tex/generic/pgf/basiclayer/pgfcorearrows.code.tex) (c:/Users/28120/AppData/Roaming/TinyTeX/texmf-dist/tex/generic/pgf/basiclayer/pgfcoreshade.code.tex) (c:/Users/28120/AppData/Roaming/TinyTeX/texmf-dist/tex/generic/pgf/basiclayer/pgfcoreimage.code.tex) (c:/Users/28120/AppData/Roaming/TinyTeX/texmf-dist/tex/generic/pgf/basiclayer/pgfcoreexternal.code.tex) (c:/Users/28120/AppData/Roaming/TinyTeX/texmf-dist/tex/generic/pgf/basiclayer/pgfcorelayers.code.tex) (c:/Users/28120/AppData/Roaming/TinyTeX/texmf-dist/tex/generic/pgf/basiclayer/pgfcoretransparency.code.tex) (c:/Users/28120/AppData/Roaming/TinyTeX/texmf-dist/tex/generic/pgf/basiclayer/pgfcorepatterns.code.tex) (c:/Users/28120/AppData/Roaming/TinyTeX/texmf-dist/tex/generic/pgf/basiclayer/pgfcorerdf.code.tex))) (c:/Users/28120/AppData/Roaming/TinyTeX/texmf-dist/tex/generic/pgf/modules/pgfmoduleshapes.code.tex) (c:/Users/28120/AppData/Roaming/TinyTeX/texmf-dist/tex/generic/pgf/modules/pgfmoduleplot.code.tex) (c:/Users/28120/AppData/Roaming/TinyTeX/texmf-dist/tex/latex/pgf/compatibility/pgfcomp-version-0-65.sty) (c:/Users/28120/AppData/Roaming/TinyTeX/texmf-dist/tex/latex/pgf/compatibility/pgfcomp-version-1-18.sty)) (c:/Users/28120/AppData/Roaming/TinyTeX/texmf-dist/tex/latex/pgf/utilities/pgffor.sty (c:/Users/28120/AppData/Roaming/TinyTeX/texmf-dist/tex/latex/pgf/utilities/pgfkeys.sty (c:/Users/28120/AppData/Roaming/TinyTeX/texmf-dist/tex/generic/pgf/utilities/pgfkeys.code.tex)) (c:/Users/28120/AppData/Roaming/TinyTeX/texmf-dist/tex/latex/pgf/math/pgfmath.sty (c:/Users/28120/AppData/Roaming/TinyTeX/texmf-dist/tex/generic/pgf/math/pgfmath.code.tex)) (c:/Users/28120/AppData/Roaming/TinyTeX/texmf-dist/tex/generic/pgf/utilities/pgffor.code.tex)) (c:/Users/28120/AppData/Roaming/TinyTeX/texmf-dist/tex/generic/pgf/frontendlayer/tikz/tikz.code.tex (c:/Users/28120/AppData/Roaming/TinyTeX/texmf-dist/tex/generic/pgf/libraries/pgflibraryplothandlers.code.tex) (c:/Users/28120/AppData/Roaming/TinyTeX/texmf-dist/tex/generic/pgf/modules/pgfmodulematrix.code.tex) (c:/Users/28120/AppData/Roaming/TinyTeX/texmf-dist/tex/generic/pgf/frontendlayer/tikz/libraries/tikzlibrarytopaths.code.tex))) (c:/Users/28120/AppData/Roaming/TinyTeX/texmf-dist/tex/generic/pgf/frontendlayer/tikz/libraries/tikzlibraryshapes.geometric.code.tex (c:/Users/28120/AppData/Roaming/TinyTeX/texmf-dist/tex/generic/pgf/libraries/shapes/pgflibraryshapes.geometric.code.tex))) (./main.aux)
*geometry* driver: auto-detecting
*geometry* detected driver: xetex
(./chapterhead.tex) (./body.tex (c:/Users/28120/AppData/Roaming/TinyTeX/texmf-dist/tex/latex/amsfonts/umsa.fd) (c:/Users/28120/AppData/Roaming/TinyTeX/texmf-dist/tex/latex/amsfonts/umsb.fd)
Underfull \hbox (badness 10000) in paragraph at lines 34--34
\TU/TimesNewRoman(0)/m/n/10.5 (1) \TU/FZShuSong-Z01S.ttf(0)/m/n/10.5 两 个 空 间 向 量 的 模 相 等，|  则 这 两 个 向 量 相

Underfull \hbox (badness 10000) in paragraph at lines 40--40
\TU/TimesNewRoman(0)/b/n/10.5 1\TU/TimesNewRoman(0)/m/n/10.5 . \TU/FZShuSong-Z01S.ttf(0)/m/n/10.5 加 法 可 按 $[]$ 法 则 或 $[]$ 法 则 作

Underfull \hbox (badness 10000) in paragraph at lines 42--42
\TU/TimesNewRoman(0)/b/n/10.5 2\TU/TimesNewRoman(0)/m/n/10.5 . \TU/FZShuSong-Z01S.ttf(0)/m/n/10.5 共 线 的 充 要 条 件：|  对 任 意 两 个 空 间 向 量
[1] [2] [3]
Underfull \hbox (badness 5036) in paragraph at lines 191--192
\TU/FZShuSong-Z01S.ttf(0)/m/n/10.5 ① 若 $[] \OT1/cmr/m/n/10.5 = \OML/cmm/m/it/10.5 x[] \OT1/cmr/m/n/10.5 + \OML/cmm/m/it/10.5 y[]$\TU/FZShuSong-Z01S.ttf(0)/m/n/10.5 ，|  则 $[]$ 与 $[]$，| $[]$ 共

Underfull \hbox (badness 10000) in paragraph at lines 255--256
\TU/FZShuSong-Z01S.ttf(0)/m/n/10.5 方 法 \TU/TimesNewRoman(0)/m/n/10.5 2\TU/FZShuSong-Z01S.ttf(0)/m/n/10.5 ：|  先 求 $[] \OMS/cmsy/m/n/10.5 ^^A []$\TU/FZShuSong-Z01S.ttf(0)/m/n/10.5 ，|  再 利 用 公 式
[4]
Underfull \hbox (badness 7291) in paragraph at lines 261--263
\TU/FZShuSong-Z01S.ttf(0)/m/n/10.5 方 法 \TU/TimesNewRoman(0)/m/n/10.5 2\TU/FZShuSong-Z01S.ttf(0)/m/n/10.5 ．|  设 正 方 体 的 棱 长 为 \TU/TimesNewRoman(0)/m/n/10.5 1\TU/FZShuSong-Z01S.ttf(0)/m/n/10.5 ，| $[] \OMS/cmsy/m/n/10.5 ^^A [] \OT1/cmr/m/n/10.5 =

Underfull \hbox (badness 5189) in paragraph at lines 261--263
[] \OMS/cmsy/m/n/10.5 ^^A [] \OT1/cmr/m/n/10.5 = [] \OMS/cmsy/m/n/10.5 ^^A

Underfull \hbox (badness 10000) in paragraph at lines 285--286
\TU/FZShuSong-Z01S.ttf(0)/m/n/10.5 因 为 向 量 $[] \OT1/cmr/m/n/10.5 + \OML/cmm/m/it/10.5 ^^U[]$ \TU/FZShuSong-Z01S.ttf(0)/m/n/10.5 与 $\OML/cmm/m/it/10.5 ^^U[] \OMS/cmsy/m/n/10.5 ^^@ \OT1/cmr/m/n/10.5 2[]$ \TU/FZShuSong-Z01S.ttf(0)/m/n/10.5 的 夹 角 为

Underfull \hbox (badness 10000) in paragraph at lines 285--286
\TU/FZShuSong-Z01S.ttf(0)/m/n/10.5 钝 角，|  可 得 $[] [] \OML/cmm/m/it/10.5 < \OT1/cmr/m/n/10.5 0$

Underfull \hbox (badness 10000) in paragraph at lines 285--286
\TU/FZShuSong-Z01S.ttf(0)/m/n/10.5 且 $[] [] \OMS/cmsy/m/n/10.5 6\OT1/cmr/m/n/10.5 = \OMS/cmsy/m/n/10.5 ^^@\OT1/cmr/m/n/10.5 1$\TU/FZShuSong-Z01S.ttf(0)/m/n/10.5 ，|

Underfull \hbox (badness 10000) in paragraph at lines 285--286
\TU/FZShuSong-Z01S.ttf(0)/m/n/10.5 由 $[] \OMS/cmsy/m/n/10.5 ^^A [] \OML/cmm/m/it/10.5 < \OT1/cmr/m/n/10.5 0$\TU/FZShuSong-Z01S.ttf(0)/m/n/10.5 ，|  即

Underfull \hbox (badness 10000) in paragraph at lines 285--286
\OML/cmm/m/it/10.5 ^^U[][][]^^U[] \OMS/cmsy/m/n/10.5 ^^@ \OT1/cmr/m/n/10.5 2)[] \OMS/cmsy/m/n/10.5 ^^A [] ^^@ \OT1/cmr/m/n/10.5 2\OML/cmm/m/it/10.5 ^^U[][] < \OT1/cmr/m/n/10.5 0$\TU/FZShuSong-Z01S.ttf(0)/m/n/10.5 ，|  所 以
[5]
Underfull \hbox (badness 10000) in paragraph at lines 386--386
\TU/TimesNewRoman(0)/b/n/11.4 4\TU/FZHei-B01S.ttf(7)/m/n/11.4 ．|  \TU/TimesNewRoman(0)/m/n/10.5 [\TU/FZShuSong-Z01S.ttf(0)/m/n/10.5 简 单 \TU/TimesNewRoman(0)/m/n/10.5 (\TU/FZShuSong-Z01S.ttf(0)/m/n/10.5 知 识 点 二\TU/TimesNewRoman(0)/m/n/10.5 )] \TU/FZShuSong-Z01S.ttf(0)/m/n/10.5 在 空 间 四 边 形 $\OML/cmm/m/it/10.5 ABCD$

Underfull \hbox (badness 10000) in paragraph at lines 386--386
\TU/FZShuSong-Z01S.ttf(0)/m/n/10.5 中，| $\OML/cmm/m/it/10.5 E$\TU/FZShuSong-Z01S.ttf(0)/m/n/10.5 ，| $\OML/cmm/m/it/10.5 F$ \TU/FZShuSong-Z01S.ttf(0)/m/n/10.5 分 别 为 $\OML/cmm/m/it/10.5 AB$\TU/FZShuSong-Z01S.ttf(0)/m/n/10.5 ，| $\OML/cmm/m/it/10.5 CD$ \TU/FZShuSong-Z01S.ttf(0)/m/n/10.5 的 中 点，|  则
[6]) [7] (./main.aux) )
(see the transcript file for additional information)
Output written on main.pdf (7 pages).
Transcript written on main.log.
