  跳过配页件（不属任何部分、不计数、不盖章）: 人教B版选必1·封面.docx
  跳过配页件（不属任何部分、不计数、不盖章）: 人教B版选必1·使用说明.docx
  跳过配页件（不属任何部分、不计数、不盖章）: 人教B版选必1·册目录页.docx
  跳过配页件（不属任何部分、不计数、不盖章）: 人教B版选必1·部分封面（第1章 空间向量与立体几何·衔接）.docx
  跳过配页件（不属任何部分、不计数、不盖章）: 人教B版选必1·部分封面（第1章 空间向量与立体几何·清单）.docx
  跳过配页件（不属任何部分、不计数、不盖章）: 人教B版选必1·部分封面（第1章 空间向量与立体几何·讲练）.docx
  跳过配页件（不属任何部分、不计数、不盖章）: 人教B版选必1·部分封面（第2章 平面解析几何·衔接）.docx
  跳过配页件（不属任何部分、不计数、不盖章）: 人教B版选必1·部分封面（第2章 平面解析几何·清单）.docx
  跳过配页件（不属任何部分、不计数、不盖章）: 人教B版选必1·部分封面（第2章 平面解析几何·讲练）.docx
== 部分独立页码盖章（同串版）：人教B版选必1（6个部分／10件）==
  [P1·本1/共6] 人教B版选必1 第1章 空间向量与立体几何·衔接件（29题）.docx | 14页 | start=1 | 第1章·衔接（共14页） | sectPr=2 titlePg剔0
  [P2·本2/共6] 人教B版选必1 第1章 空间向量与立体几何·知识清单（完成）.docx | 13页 | start=1 | 第1章·清单（共13页） | sectPr=2 titlePg剔0
  [P3·本3/共6] 人教B版选必1 第1章 空间向量与立体几何（上）·讲练件（61题）.docx | 61页 | start=1 | 第1章·讲练（共121页） | sectPr=2 titlePg剔0
  [P3·本3/共6] 人教B版选必1 第1章 空间向量与立体几何（下）·讲练件（79题）.docx | 60页 | start=62 | 第1章·讲练（共121页） | sectPr=2 titlePg剔0
  [P4·本4/共6] 人教B版选必1 第2章 平面解析几何·衔接件（13题）.docx | 5页 | start=1 | 第2章·衔接（共5页） | sectPr=2 titlePg剔0
  [P5·本5/共6] 人教B版选必1 第2章 平面解析几何·知识清单（完成）.docx | 28页 | start=1 | 第2章·清单（共28页） | sectPr=2 titlePg剔0
  [P6·本6/共6] 人教B版选必1 第2章 平面解析几何（2.1—2.3.3）·讲练件（92题）.docx | 55页 | start=1 | 第2章·讲练（共225页） | sectPr=2 titlePg剔0
  [P6·本6/共6] 人教B版选必1 第2章 平面解析几何（2.3.4—2.5.2）·讲练件（90题）.doc | 56页 | start=56 | 第2章·讲练（共225页） | sectPr=1 titlePg剔0
  [P6·本6/共6] 人教B版选必1 第2章 平面解析几何（2.6.1—2.7.2）·讲练件（68题）.doc | 44页 | start=112 | 第2章·讲练（共225页） | sectPr=1 titlePg剔0
  [P6·本6/共6] 人教B版选必1 第2章 平面解析几何（2.8）·讲练件（89题）.docx | 70页 | start=156 | 第2章·讲练（共225页） | sectPr=2 titlePg剔0
  收敛：第1轮盖章后复测页数与所盖数字一致（合计406页）
盖章记录 -> 盖章记录_子步7.md
