This is XeTeX, Version 3.141592653-2.6-0.999998 (TeX Live 2026) (preloaded format=xelatex 2026.8.30)  10 SEP 2026 08:08
entering extended mode
 restricted \write18 enabled.
 %&-line parsing enabled.
**C:/提示词\工作区\_tmp取证0909c/片E/probe_break.tex

! Emergency stop.
<to be read again> 
                   \protect 
<*> C:/提示词\工作区\_
                tmp取证0909c/片E/probe_break.tex
*** (job aborted, file error in nonstop mode)

 
Here is how much of TeX's memory you used:
 3 strings out of 469768
 16 string characters out of 5466040
 428451 words of memory out of 5000000
 29115 multiletter control sequences out of 15000+600000
 627721 words of font info for 40 fonts, out of 8000000 for 9000
 14 hyphenation exceptions out of 8191
 2i,0n,1p,1b,6s stack positions out of 10000i,1000n,20000p,200000b,200000s
No pages of output.
