段落总数 = 33
---[00] ind=None pshd=None
    TEXT: 人教B版选必1·使用说明
    RUN b=True sz=32 shd=None | 人教B版选必1·使用说明
---[01] ind=None pshd=ADC2DA
    TEXT: 一、视觉锚图例
    RUN b=True sz=24 shd=None | 一、视觉锚图例
---[02] ind=None pshd=None
    TEXT: （式样＝本册现行版式真实呈现；正文双栏排版——每栏约8.6cm、栏间有分隔线，卷首标题与导航表通栏单栏。）
    RUN b=False sz=18 shd=None | （式样＝本册现行版式真实呈现；正文双栏排版——每栏约8.6cm、栏间有分隔线，卷首标题与导航表通栏单栏。）
---[03] ind=None pshd=None
    TEXT: 1.1.1.1-1．（简单·保60%·卡壳看答案）　题号块：「题型号-节内序号．（档位·提分线·卡壳看答案）」——整块加粗、括注不挂底纹；序号＝节内连续（同节跨题型累进）；题间不留空行。本行题号＝讲练件现行形态（黑字白底·底纹已废止，题块分
    RUN b=True sz=24 shd=None | 1.1.1.1-1．
    RUN b=True sz=24 shd=None | （简单·保60%·卡壳看答案）
    RUN b=False sz=24 shd=None | 　题号块：「题型号-节内序号．（档位·提分线·卡壳看答案）」——整块加粗、括注不挂底纹；序号＝节内连续（同节跨题型累进）
---[04] ind=None pshd=None
    TEXT: 1.2.1.1-1．（衔接必会·卡壳看答案）　衔接件不区分难度——两段式括注、全部必会；题号块底纹维持现行（底纹减法不适用衔接件·清单件）。
    RUN b=True sz=24 shd=C9C9C9 | 1.2.1.1-1．
    RUN b=True sz=24 shd=None | （衔接必会·卡壳看答案）
    RUN b=False sz=24 shd=None | 　衔接件不区分难度——两段式括注、全部必会；题号块底纹维持现行（底纹减法不适用衔接件·清单件）。
---[05] ind=None pshd=ADC2DA
    TEXT: 1.1 空间向量及其运算
    RUN b=True sz=28 shd=None | 1.1 空间向量及其运算
---[06] ind=None pshd=None
    TEXT: 　章标题与节标题：整行铺底#ADC2DA＋加粗＋顶格（章三号／节四号），章标题另加底边框通栏细线。
    RUN b=False sz=18 shd=None | 　章标题与节标题：整行铺底#ADC2DA＋加粗＋顶格（章三号／节四号），章标题另加底边框通栏细线。
---[07] ind=None pshd=C6D4E3
    TEXT: 1.1.1 空间向量的概念：向量的表示
    RUN b=True sz=24 shd=None | 1.1.1 空间向量的概念：向量的表示
---[08] ind=None pshd=C6D4E3
    TEXT: 1.1.1.1 空间向量的概念：向量加减法的三角形法则　2题：1.1.1.1-1～1.1.1.1-2
    RUN b=True sz=24 shd=None | 1.1.1.1 空间向量的概念：向量加减法的三角形法则
    RUN b=False sz=24 shd=None | 　2题：1.1.1.1-1～1.1.1.1-2
---[09] ind=None pshd=None
    TEXT: 　讲部标题与题型标题：整行铺底#C6D4E3＋加粗＋顶格（均小四）；题型标题行末带统计段「　N题：题号a～题号b」。
    RUN b=False sz=18 shd=None | 　讲部标题与题型标题：整行铺底#C6D4E3＋加粗＋顶格（均小四）；题型标题行末带统计段「　N题：题号a～题号b」。
---[10] ind=None pshd=E0E0E0
    TEXT: 如图，在正方体ABCD-A₁B₁C₁D₁中，点E是AB的中点。（题干整体铺底示例）
    RUN b=False sz=24 shd=None | 如图，在正方体ABCD-A₁B₁C₁D₁中，点E是AB的中点。（题干整体铺底示例）
---[11] ind=None pshd=None
    TEXT: 　题干底纹：每题题号块起至【答案】行之前的全部段落铺#E0E0E0（含选项与设问）；配图独立段不铺；解析区白底。
    RUN b=False sz=18 shd=None | 　题干底纹：每题题号块起至【答案】行之前的全部段落铺#E0E0E0（含选项与设问）；配图独立段不铺；解析区白底。
---[12] ind=None pshd=None
    TEXT: 【答案】 C　【知识点】 1.1.1 空间向量的概念
    RUN b=False sz=24 shd=None | 【答案】
    RUN b=False sz=24 shd=None |  
    RUN b=False sz=24 shd=None | C
    RUN b=False sz=24 shd=None | 　
    RUN b=False sz=24 shd=None | 【知识点】
    RUN b=False sz=24 shd=None |  
    RUN b=False sz=24 shd=None | 1.1.1 空间向量的概念
---[13] ind=None pshd=None
    TEXT: 　块标签芯片：【答案】【知识点】【分析】【详解】【点睛】【编注】等行内标签——上行＝讲练件现行形态（黑字白底·底纹已废止）；芯片底纹与答案值灰底仅衔接件·清单件仍现行。
    RUN b=False sz=18 shd=None | 　块标签芯片：【答案】【知识点】【分析】【详解】【点睛】【编注】等行内标签——上行＝讲练件现行形态（黑字白底·底纹已废止
---[14] ind=None pshd=None
    TEXT: 定义：在空间，我们把具有大小和方向的量叫做空间向量．　——讲部需背内容灰底＝讲练件讲部保留形态（甲案：填空化遮答自测职能保留，C9C9C9随知识清单权威源照抄带入）。
    RUN b=False sz=24 shd=None | 定义：在空间，我们把具有
    RUN b=False sz=24 shd=C9C9C9 | 大小
    RUN b=False sz=24 shd=None | 和
    RUN b=False sz=24 shd=C9C9C9 | 方向
    RUN b=False sz=24 shd=None | 的量叫做空间向量．
    RUN b=False sz=24 shd=None | 　——讲部需背内容灰底＝讲练件讲部保留形态（甲案：填空化遮答自测职能保留，C9C9C9随知识清单权威源照抄带入）。
---[15] ind=None pshd=None
    TEXT: 【编注】＝编者补写的思路提示/通法，非素材原文
    RUN b=False sz=24 shd=None | 【编注】＝编者补写的思路提示/通法，非素材原文
---[16] ind=None pshd=None
    TEXT: 2.4-13．〔基〕平面向量基本定理
    RUN b=False sz=24 shd=C9C9C9 | 2.4-13．
    RUN b=False sz=24 shd=None | 〔基〕
    RUN b=False sz=24 shd=None | 平面向量基本定理
---[17] ind=None pshd=None
    TEXT: （1）定理内容：不共线两向量可线性表出任一向量。
    RUN b=False sz=24 shd=C9C9C9 | （1）
    RUN b=False sz=24 shd=None | 定理内容：不共线两向量可线性表出任一向量。
---[18] ind=None pshd=None
    TEXT: 　条目号「节号-序号．」与条目第一子层「（N）」挂灰块；〔基〕＝基础必会、〔进〕＝进阶汇总（不挂底纹）。
    RUN b=False sz=18 shd=None | 　条目号「节号-序号．」与条目第一子层「（N）」挂灰块；〔基〕＝基础必会、〔进〕＝进阶汇总（不挂底纹）。
---[19] ind=None pshd=None
    TEXT: 〔基〕＝基础必会：必须学完本条目，才能做本章题目
    RUN b=False sz=24 shd=None | 〔基〕＝基础必会：必须学完本条目，才能做本章题目
---[20] ind=None pshd=None
    TEXT: 〔进〕＝进阶汇总：本章各题型常识/结论的汇总，方便复习，必须先做题再回看
    RUN b=False sz=24 shd=None | 〔进〕＝进阶汇总：本章各题型常识/结论的汇总，方便复习，必须先做题再回看
---[21] ind=None pshd=C9C9C9
    TEXT: 定理：三条射线两两垂直且相等时，PA⊥平面ABC（三垂线定理示例——定理级条目「灰底＋细框」双标记）
    RUN b=False sz=24 shd=None | 定理：三条射线两两垂直且相等时，PA⊥平面ABC（三垂线定理示例——定理级条目「灰底＋细框」双标记）
---[22] ind=None pshd=ADC2DA
    TEXT: 二、难度三档与提分线
    RUN b=True sz=24 shd=None | 二、难度三档与提分线
---[23] ind=None pshd=None
    TEXT: 简单＝单一知识点直接套用、一两步完成——保60%；中档＝常规解法多步转化或跨一两个知识点——保80%；难＝特别难的题（综合、参数、压轴）——冲100%。
    RUN b=False sz=24 shd=None | 简单＝单一知识点直接套用、一两步完成——保60%；中档＝常规解法多步转化或跨一两个知识点——保80%；难＝特别难的题（综
---[24] ind=None pshd=None
    TEXT: 建议学习路径：先做衔接件（必会）→过知识清单〔基〕→讲练件由易到难逐题型推进→错题隔天重做。
    RUN b=False sz=24 shd=None | 建议学习路径：先做衔接件（必会）→过知识清单〔基〕→讲练件由易到难逐题型推进→错题隔天重做。
---[25] ind=None pshd=None
    TEXT: 答案用法：每题先独立读题动手。卡壳超过10分钟立即看答案学方法，不死磕。看懂后遮住答案重做一遍，隔天重做仍错的题记入自己的错题本。
    RUN b=True sz=24 shd=None | 答案用法：
    RUN b=False sz=24 shd=None | 每题先独立读题动手。卡壳超过10分钟立即看答案学方法，不死磕。看懂后遮住答案重做一遍，隔天重做仍错的题记入
    RUN b=False sz=24 shd=C9C9C9 | 自己的错题本
    RUN b=False sz=24 shd=None | 。
---[26] ind=None pshd=ADC2DA
    TEXT: 三、本册件型用法
    RUN b=True sz=24 shd=None | 三、本册件型用法
---[27] ind=None pshd=None
    TEXT: 衔接件：初升高铺垫，不区分难度、全部必会，题号块为两段式「（衔接必会·卡壳看答案）」。
    RUN b=False sz=24 shd=None | 衔接件：初升高铺垫，不区分难度、全部必会，题号块为两段式「（衔接必会·卡壳看答案）」。
---[28] ind=None pshd=None
    TEXT: 知识清单：〔基〕条目学完才能做题；〔进〕条目是本章各题型常识/结论汇总，必须先做题再回看。
    RUN b=False sz=24 shd=None | 知识清单：〔基〕条目学完才能做题；〔进〕条目是本章各题型常识/结论汇总，必须先做题再回看。
---[29] ind=None pshd=None
    TEXT: 讲练件：按教材节序由易到难装配；题型通式句在该组首题前（【编注】起段）；讲部「方法讲解｜主题」在其题型组前。
    RUN b=False sz=24 shd=None | 讲练件：按教材节序由易到难装配；题型通式句在该组首题前（【编注】起段）；讲部「方法讲解｜主题」在其题型组前。
---[30] ind=None pshd=None
    TEXT: 部分封面：每部分（同一章同一种产出的全部文件）开头一页，标注该章全部部分与本部分统计——翻书定位用。
    RUN b=False sz=24 shd=None | 部分封面：每部分（同一章同一种产出的全部文件）开头一页，标注该章全部部分与本部分统计——翻书定位用。
---[31] ind=None pshd=None
    TEXT: 装订组合方案：方案A整册装订（配页三件＋各部分各带部分封面）；方案B按件型抽订（全部衔接/全部清单/全部讲练）；方案C分层抽订（分层卷派生后：简单卷/中档卷/冲刺卷各按档抽订成套——分层卷以样册通过后另行派生发放）。
    RUN b=True sz=24 shd=None | 装订组合方案：
    RUN b=False sz=24 shd=None | 方案A整册装订（配页三件＋各部分各带部分封面）；方案B按件型抽订（全部衔接/全部清单/全部讲练）；方案C分层抽订（分层卷
---[32] ind=None pshd=None
    TEXT: 本册页眉页脚同串：羿郭工作室·册名 章名·件型（共N页）·本n/共M本　节名　第X页。
    RUN b=False sz=24 shd=None | 本册页眉页脚同串：羿郭工作室·册名 章名·件型（共N页）·本n/共M本　节名　第X页。
=== 版式: pgSz=7560310x10692130 pgMar L539750 R539750 T539750 B539750
