pages = 7

== E5 页码块 ==
p1 块 26.18×7.83mm  右缘距纸右0.07 左缘183.80 底距纸底11.08  数字 ink 高2.68mm(38px) 灰min0中位0 距块左3.10mm runs_mid[(6, 13)]
p2 块 26.18×7.83mm  右缘距纸右183.87 左缘0.00 底距纸底11.08  数字 ink 高2.75mm(39px) 灰min0中位0 距块右2.89mm runs_mid[(7, 8), (6, 5)]
p3 块 26.18×7.83mm  右缘距纸右0.07 左缘183.80 底距纸底11.08  数字 ink 高2.82mm(40px) 灰min0中位0 距块左2.96mm runs_mid[(7, 4), (6, 2), (9, 2), (10, 2)]
p4 块 26.18×7.83mm  右缘距纸右183.87 左缘0.00 底距纸底11.08  数字 ink 高2.68mm(38px) 灰min0中位0 距块右2.82mm runs_mid[(6, 22), (28, 2)]
p5 块 26.18×7.83mm  右缘距纸右0.07 左缘183.80 底距纸底11.08  数字 ink 高2.75mm(39px) 灰min0中位0 距块左2.96mm runs_mid[(7, 3), (6, 3), (5, 2), (8, 2)]
p6 块 26.18×7.83mm  右缘距纸右183.87 左缘0.00 底距纸底11.08  数字 ink 高2.82mm(40px) 灰min0中位0 距块右2.89mm runs_mid[(6, 11), (9, 3), (7, 2), (5, 1)]
p7 块 26.18×7.83mm  右缘距纸右0.07 左缘183.80 底距纸底11.08  数字 ink 高2.68mm(38px) 灰min0中位0 距块左3.03mm runs_mid[(6, 13)]

== 数字 span（rawdict）==
p1 [1] NotoSansSC-Medium 10.66 color=0x000000 bbox=[528.9, 792.3, 535.0, 802.9]
p2 [2] NotoSansSC-Medium 10.66 color=0x000000 bbox=[60.4, 792.3, 66.5, 802.9]
p3 [3] NotoSansSC-Medium 10.66 color=0x000000 bbox=[528.9, 792.3, 535.0, 802.9]
p4 [4] NotoSansSC-Medium 10.66 color=0x000000 bbox=[60.4, 792.3, 66.5, 802.9]
p5 [5] NotoSansSC-Medium 10.66 color=0x000000 bbox=[528.9, 792.3, 535.0, 802.9]
p6 [6] NotoSansSC-Medium 10.66 color=0x000000 bbox=[60.4, 792.3, 66.5, 802.9]
p7 [7] NotoSansSC-Medium 10.66 color=0x000000 bbox=[528.9, 792.3, 535.0, 802.9]

== E6 栏线 ==
p1 栏线 w=0.398pt color=(189, 189, 189) y[292,787]
p2 栏线 w=0.398pt color=(189, 189, 189) y[56,787]
p3 栏线 w=0.398pt color=(189, 189, 189) y[56,787]
p4 栏线 w=0.398pt color=(189, 189, 189) y[56,787]
p5 栏线 w=0.398pt color=(189, 189, 189) y[56,787]
p6 栏线 w=0.398pt color=(189, 189, 189) y[56,787]
p7 栏线 w=0.398pt color=(189, 189, 189) y[56,655]
栏线渲染芯中位 = 206 （全品靶 188）

== E8 标点 ==
PDF 字符计数: {"'.'": 68, "'．'": 105}

== 学习目标后隙（p1）==
