{
 "zhenti": [
  {
   "gap_pt": 2.92,
   "gap_mm": 1.03,
   "adv_pt": 2.093,
   "a_ink_x1": 319.7,
   "b_ink_x0": 322.62,
   "a_bbox": [
    316.78,
    595.05,
    320.13,
    605.1
   ],
   "b_bbox": [
    322.22,
    594.04,
    332.28,
    605.07
   ],
   "page": 1,
   "y": 594.0,
   "num": "1",
   "body": "两"
  },
  {
   "gap_pt": 2.8,
   "gap_mm": 0.988,
   "adv_pt": 2.093,
   "a_ink_x1": 319.7,
   "b_ink_x0": 322.5,
   "a_bbox": [
    316.78,
    666.78,
    320.13,
    676.83
   ],
   "b_bbox": [
    322.22,
    665.77,
    332.28,
    676.8
   ],
   "page": 1,
   "y": 665.8,
   "num": "2",
   "body": "相"
  },
  {
   "gap_pt": 2.679,
   "gap_mm": 0.945,
   "adv_pt": 2.092,
   "a_ink_x1": 60.05,
   "b_ink_x0": 62.73,
   "a_bbox": [
    57.13,
    528.09,
    60.48,
    538.14
   ],
   "b_bbox": [
    62.57,
    527.08,
    72.62,
    538.11
   ],
   "page": 2,
   "y": 527.1,
   "num": "1",
   "body": "若"
  },
  {
   "gap_pt": 2.679,
   "gap_mm": 0.945,
   "adv_pt": 2.092,
   "a_ink_x1": 60.05,
   "b_ink_x0": 62.73,
   "a_bbox": [
    57.13,
    581.89,
    60.48,
    591.94
   ],
   "b_bbox": [
    62.57,
    580.88,
    72.62,
    591.9
   ],
   "page": 2,
   "y": 580.9,
   "num": "2",
   "body": "若"
  },
  {
   "gap_pt": 2.679,
   "gap_mm": 0.945,
   "adv_pt": 2.092,
   "a_ink_x1": 60.05,
   "b_ink_x0": 62.73,
   "a_bbox": [
    57.13,
    77.78,
    60.48,
    87.84
   ],
   "b_bbox": [
    62.57,
    76.77,
    72.62,
    87.8
   ],
   "page": 3,
   "y": 76.8,
   "num": "1",
   "body": "若"
  },
  {
   "gap_pt": 2.919,
   "gap_mm": 1.03,
   "adv_pt": 2.092,
   "a_ink_x1": 60.05,
   "b_ink_x0": 62.97,
   "a_bbox": [
    57.13,
    131.58,
    60.48,
    141.63
   ],
   "b_bbox": [
    62.57,
    130.57,
    72.62,
    141.6
   ],
   "page": 3,
   "y": 130.6,
   "num": "2",
   "body": "两"
  }
 ],
 "tiaomu": [
  {
   "gap_pt": 9.406,
   "gap_mm": 3.318,
   "adv_pt": 8.468,
   "a_ink_x1": 57.63,
   "b_ink_x0": 67.03,
   "a_bbox": [
    54.83,
    342.67,
    58.29,
    352.72
   ],
   "b_bbox": [
    66.75,
    342.84,
    76.81,
    353.87
   ],
   "page": 1,
   "y": 342.7,
   "num": "1",
   "body": "定"
  },
  {
   "gap_pt": 9.526,
   "gap_mm": 3.361,
   "adv_pt": 8.468,
   "a_ink_x1": 57.63,
   "b_ink_x0": 67.15,
   "a_bbox": [
    54.83,
    433.32,
    58.29,
    443.38
   ],
   "b_bbox": [
    66.75,
    434.51,
    70.1,
    444.56
   ],
   "page": 1,
   "y": 433.3,
   "num": "2",
   "body": "("
  },
  {
   "gap_pt": 9.406,
   "gap_mm": 3.318,
   "adv_pt": 8.468,
   "a_ink_x1": 57.63,
   "b_ink_x0": 67.03,
   "a_bbox": [
    54.83,
    559.84,
    58.29,
    569.9
   ],
   "b_bbox": [
    66.75,
    560.01,
    76.81,
    571.04
   ],
   "page": 1,
   "y": 559.8,
   "num": "3",
   "body": "几"
  },
  {
   "gap_pt": 9.406,
   "gap_mm": 3.318,
   "adv_pt": 8.468,
   "a_ink_x1": 57.63,
   "b_ink_x0": 67.03,
   "a_bbox": [
    54.83,
    76.89,
    58.29,
    86.94
   ],
   "b_bbox": [
    66.75,
    77.06,
    76.81,
    88.08
   ],
   "page": 2,
   "y": 76.9,
   "num": "1",
   "body": "加"
  },
  {
   "gap_pt": 9.406,
   "gap_mm": 3.318,
   "adv_pt": 8.468,
   "a_ink_x1": 57.63,
   "b_ink_x0": 67.03,
   "a_bbox": [
    54.83,
    203.41,
    58.29,
    213.46
   ],
   "b_bbox": [
    66.75,
    203.58,
    76.81,
    214.61
   ],
   "page": 2,
   "y": 203.4,
   "num": "2",
   "body": "共"
  },
  {
   "gap_pt": 9.526,
   "gap_mm": 3.361,
   "adv_pt": 8.468,
   "a_ink_x1": 57.63,
   "b_ink_x0": 67.15,
   "a_bbox": [
    54.83,
    660.71,
    58.29,
    670.76
   ],
   "b_bbox": [
    66.75,
    660.88,
    76.81,
    671.9
   ],
   "page": 2,
   "y": 660.7,
   "num": "1",
   "body": "夹"
  },
  {
   "gap_pt": 9.406,
   "gap_mm": 3.318,
   "adv_pt": 8.468,
   "a_ink_x1": 317.28,
   "b_ink_x0": 326.69,
   "a_bbox": [
    314.48,
    56.68,
    317.94,
    66.73
   ],
   "b_bbox": [
    326.41,
    56.85,
    336.46,
    67.87
   ],
   "page": 2,
   "y": 56.7,
   "num": "2",
   "body": "数"
  },
  {
   "gap_pt": 9.406,
   "gap_mm": 3.318,
   "adv_pt": 8.468,
   "a_ink_x1": 317.28,
   "b_ink_x0": 326.69,
   "a_bbox": [
    314.48,
    165.26,
    317.94,
    175.32
   ],
   "b_bbox": [
    326.41,
    165.43,
    336.46,
    176.46
   ],
   "page": 2,
   "y": 165.3,
   "num": "3",
   "body": "投"
  },
  {
   "gap_pt": 9.406,
   "gap_mm": 3.318,
   "adv_pt": 8.468,
   "a_ink_x1": 317.28,
   "b_ink_x0": 326.69,
   "a_bbox": [
    314.48,
    451.66,
    317.94,
    461.72
   ],
   "b_bbox": [
    326.41,
    451.84,
    336.46,
    462.86
   ],
   "page": 2,
   "y": 451.7,
   "num": "4",
   "body": "共"
  }
 ],
 "eq": [
  {
   "page": 1,
   "y": 379.3,
   "left_mm": 1.684,
   "right_mm": 1.71,
   "L": "|",
   "R": "1"
  },
  {
   "page": 1,
   "y": 534.7,
   "left_mm": -0.108,
   "right_mm": -0.479,
   "L": "𝑎",
   "R": "⃗"
  },
  {
   "page": 2,
   "y": 130.9,
   "left_mm": 1.612,
   "right_mm": 1.319,
   "L": "𝜆",
   "R": "0"
  },
  {
   "page": 2,
   "y": 130.9,
   "left_mm": -0.096,
   "right_mm": -0.491,
   "L": "𝑎",
   "R": "⃗"
  },
  {
   "page": 2,
   "y": 221.5,
   "left_mm": -0.096,
   "right_mm": 1.53,
   "L": "𝑎",
   "R": "𝜆"
  },
  {
   "page": 2,
   "y": 344.6,
   "left_mm": 1.443,
   "right_mm": -0.437,
   "L": "𝑏",
   "R": "⃗"
  },
  {
   "page": 2,
   "y": 397.3,
   "left_mm": -0.089,
   "right_mm": -0.437,
   "L": "𝑐",
   "R": "⃗"
  },
  {
   "page": 2,
   "y": 441.7,
   "left_mm": -0.108,
   "right_mm": 1.668,
   "L": "𝑎",
   "R": "𝜆"
  },
  {
   "page": 2,
   "y": 479.2,
   "left_mm": -0.112,
   "right_mm": 1.668,
   "L": "𝑎",
   "R": "𝜆"
  },
  {
   "page": 2,
   "y": 545.0,
   "left_mm": 1.414,
   "right_mm": -0.449,
   "L": "𝑏",
   "R": "⃗"
  },
  {
   "page": 2,
   "y": 580.9,
   "left_mm": -0.142,
   "right_mm": 1.573,
   "L": "𝑎",
   "R": "𝜆"
  },
  {
   "page": 2,
   "y": 598.8,
   "left_mm": -0.1,
   "right_mm": -0.449,
   "L": "𝑎",
   "R": "⃗"
  },
  {
   "page": 2,
   "y": 678.8,
   "left_mm": 1.307,
   "right_mm": -0.449,
   "L": "𝐴",
   "R": "⃗"
  },
  {
   "page": 2,
   "y": 678.8,
   "left_mm": 1.325,
   "right_mm": -0.491,
   "L": "𝐵",
   "R": "⃗"
  },
  {
   "page": 2,
   "y": 690.9,
   "left_mm": 1.574,
   "right_mm": 1.997,
   "L": "⟩",
   "R": "𝜋"
  },
  {
   "page": 2,
   "y": 56.8,
   "left_mm": 1.456,
   "right_mm": 1.53,
   "L": "𝑏",
   "R": "|"
  },
  {
   "page": 2,
   "y": 74.8,
   "left_mm": 1.414,
   "right_mm": 1.361,
   "L": "𝑏",
   "R": "0"
  },
  {
   "page": 2,
   "y": 89.9,
   "left_mm": -0.138,
   "right_mm": -0.449,
   "L": "𝑎",
   "R": "⃗"
  },
  {
   "page": 2,
   "y": 89.9,
   "left_mm": 1.552,
   "right_mm": 1.569,
   "L": "2",
   "R": "|"
  },
  {
   "page": 2,
   "y": 267.2,
   "left_mm": -0.069,
   "right_mm": -1.211,
   "L": "𝑐",
   "R": "|"
  },
  {
   "page": 2,
   "y": 469.8,
   "left_mm": 1.329,
   "right_mm": 1.149,
   "L": "𝑝",
   "R": "𝑥"
  },
  {
   "page": 2,
   "y": 577.9,
   "left_mm": 1.353,
   "right_mm": -0.479,
   "L": "𝐴",
   "R": "⃗"
  },
  {
   "page": 2,
   "y": 577.9,
   "left_mm": 1.333,
   "right_mm": -0.437,
   "L": "𝐵",
   "R": "⃗"
  },
  {
   "page": 2,
   "y": 612.6,
   "left_mm": 1.443,
   "right_mm": 1.626,
   "L": "𝑏",
   "R": "|"
  },
  {
   "page": 2,
   "y": 693.8,
   "left_mm": 1.312,
   "right_mm": 1.202,
   "L": "𝑝",
   "R": "𝑥"
  },
  {
   "page": 3,
   "y": 76.8,
   "left_mm": 1.329,
   "right_mm": 1.192,
   "L": "𝑝",
   "R": "𝑥"
  },
  {
   "page": 3,
   "y": 184.4,
   "left_mm": 1.607,
   "right_mm": 1.319,
   "L": "𝜃",
   "R": "0"
  },
  {
   "page": 3,
   "y": 295.9,
   "left_mm": 1.645,
   "right_mm": 1.668,
   "L": "|",
   "R": "|"
  },
  {
   "page": 3,
   "y": 295.9,
   "left_mm": -0.112,
   "right_mm": -0.437,
   "L": "𝑎",
   "R": "⃗"
  },
  {
   "page": 3,
   "y": 295.9,
   "left_mm": -0.112,
   "right_mm": 1.626,
   "L": "𝑎",
   "R": "−"
  },
  {
   "page": 3,
   "y": 314.8,
   "left_mm": 1.401,
   "right_mm": -0.437,
   "L": "𝑏",
   "R": "⃗"
  },
  {
   "page": 3,
   "y": 352.7,
   "left_mm": -0.112,
   "right_mm": -0.437,
   "L": "𝑎",
   "R": "⃗"
  },
  {
   "page": 3,
   "y": 406.8,
   "left_mm": 1.616,
   "right_mm": 1.53,
   "L": "|",
   "R": "|"
  },
  {
   "page": 3,
   "y": 589.8,
   "left_mm": 1.603,
   "right_mm": 1.414,
   "L": "|",
   "R": "0"
  },
  {
   "page": 3,
   "y": 589.8,
   "left_mm": -0.112,
   "right_mm": -0.479,
   "L": "𝑎",
   "R": "⃗"
  },
  {
   "page": 3,
   "y": 608.7,
   "left_mm": -0.108,
   "right_mm": -0.437,
   "L": "𝑎",
   "R": "⃗"
  },
  {
   "page": 3,
   "y": 608.7,
   "left_mm": 1.599,
   "right_mm": 1.626,
   "L": "|",
   "R": "|"
  },
  {
   "page": 3,
   "y": 627.6,
   "left_mm": 1.641,
   "right_mm": 1.668,
   "L": "|",
   "R": "|"
  },
  {
   "page": 3,
   "y": 681.8,
   "left_mm": -0.138,
   "right_mm": 1.403,
   "L": "𝑎",
   "R": "2"
  },
  {
   "page": 3,
   "y": 119.3,
   "left_mm": 1.307,
   "right_mm": -0.449,
   "L": "𝐴",
   "R": "⃗"
  },
  {
   "page": 3,
   "y": 119.3,
   "left_mm": 1.329,
   "right_mm": -0.449,
   "L": "𝐵",
   "R": "⃗"
  },
  {
   "page": 3,
   "y": 119.3,
   "left_mm": 1.806,
   "right_mm": -0.491,
   "L": "1",
   "R": "⃗"
  },
  {
   "page": 3,
   "y": 119.3,
   "left_mm": -1.455,
   "right_mm": 13.529,
   "L": "𝐵",
   "R": "."
  },
  {
   "page": 3,
   "y": 173.1,
   "left_mm": 1.325,
   "right_mm": -0.449,
   "L": "𝐵",
   "R": "⃗"
  },
  {
   "page": 3,
   "y": 209.0,
   "left_mm": 1.325,
   "right_mm": -0.449,
   "L": "𝐵",
   "R": "⃗"
  },
  {
   "page": 3,
   "y": 227.6,
   "left_mm": 1.764,
   "right_mm": -0.449,
   "L": "1",
   "R": "⃗"
  },
  {
   "page": 3,
   "y": 227.6,
   "left_mm": 1.763,
   "right_mm": -0.449,
   "L": "1",
   "R": "⃗"
  },
  {
   "page": 3,
   "y": 377.5,
   "left_mm": 1.283,
   "right_mm": -0.449,
   "L": "𝐵",
   "R": "⃗"
  },
  {
   "page": 3,
   "y": 377.5,
   "left_mm": 1.307,
   "right_mm": -0.449,
   "L": "𝐷",
   "R": "⃗"
  },
  {
   "page": 3,
   "y": 377.5,
   "left_mm": 1.806,
   "right_mm": -0.449,
   "L": "1",
   "R": "⃗"
  },
  {
   "page": 3,
   "y": 395.5,
   "left_mm": 1.283,
   "right_mm": 13.58,
   "L": "𝐵",
   "R": "．"
  },
  {
   "page": 3,
   "y": 431.3,
   "left_mm": 1.325,
   "right_mm": -0.491,
   "L": "𝐵",
   "R": "⃗"
  },
  {
   "page": 3,
   "y": 431.3,
   "left_mm": 1.325,
   "right_mm": 1.573,
   "L": "𝐵",
   "R": "−"
  },
  {
   "page": 3,
   "y": 640.4,
   "left_mm": -1.288,
   "right_mm": -1.007,
   "L": "𝐸",
   "R": "1"
  },
  {
   "page": 3,
   "y": 682.1,
   "left_mm": 1.322,
   "right_mm": -1.462,
   "L": "𝐸",
   "R": "x"
  },
  {
   "page": 3,
   "y": 701.0,
   "left_mm": -1.432,
   "right_mm": 13.529,
   "L": "x",
   "R": "，"
  },
  {
   "page": 3,
   "y": 700.0,
   "left_mm": -1.648,
   "right_mm": 13.571,
   "L": "，",
   "R": "."
  },
  {
   "page": 4,
   "y": 54.5,
   "left_mm": 1.322,
   "right_mm": -0.491,
   "L": "𝐸",
   "R": "⃗"
  },
  {
   "page": 4,
   "y": 54.5,
   "left_mm": 1.322,
   "right_mm": -0.449,
   "L": "𝐸",
   "R": "⃗"
  },
  {
   "page": 4,
   "y": 54.5,
   "left_mm": 1.764,
   "right_mm": -0.449,
   "L": "1",
   "R": "⃗"
  },
  {
   "page": 4,
   "y": 75.0,
   "left_mm": 1.408,
   "right_mm": 1.7,
   "L": "𝑥",
   "R": "1"
  },
  {
   "page": 4,
   "y": 75.0,
   "left_mm": 1.42,
   "right_mm": 1.74,
   "L": "𝑦",
   "R": "4"
  },
  {
   "page": 4,
   "y": 112.9,
   "left_mm": 1.322,
   "right_mm": 2.086,
   "L": "𝐸",
   "R": "1"
  },
  {
   "page": 4,
   "y": 136.7,
   "left_mm": 1.28,
   "right_mm": 1.192,
   "L": "𝐸",
   "R": "𝑥"
  },
  {
   "page": 4,
   "y": 136.7,
   "left_mm": 1.408,
   "right_mm": 13.538,
   "L": "𝑥",
   "R": "，"
  },
  {
   "page": 4,
   "y": 136.7,
   "left_mm": 1.412,
   "right_mm": 13.538,
   "L": "，",
   "R": "．"
  },
  {
   "page": 4,
   "y": 148.8,
   "left_mm": 1.408,
   "right_mm": 1.657,
   "L": "𝑥",
   "R": "1"
  },
  {
   "page": 4,
   "y": 148.8,
   "left_mm": 1.412,
   "right_mm": 2.087,
   "L": "，",
   "R": "1"
  },
  {
   "page": 4,
   "y": 169.3,
   "left_mm": 1.322,
   "right_mm": -0.491,
   "L": "𝐸",
   "R": "⃗"
  },
  {
   "page": 4,
   "y": 169.3,
   "left_mm": 1.322,
   "right_mm": -0.449,
   "L": "𝐸",
   "R": "⃗"
  },
  {
   "page": 4,
   "y": 175.2,
   "left_mm": 1.408,
   "right_mm": 1.657,
   "L": "𝑥",
   "R": "1"
  },
  {
   "page": 4,
   "y": 189.9,
   "left_mm": 1.416,
   "right_mm": 2.087,
   "L": "𝑦",
   "R": "1"
  },
  {
   "page": 4,
   "y": 410.6,
   "left_mm": 1.244,
   "right_mm": 1.192,
   "L": "𝑝",
   "R": "𝑥"
  },
  {
   "page": 4,
   "y": 428.5,
   "left_mm": -1.454,
   "right_mm": -1.429,
   "L": "𝑝",
   "R": "x"
  },
  {
   "page": 4,
   "y": 428.5,
   "left_mm": -1.347,
   "right_mm": -1.471,
   "L": "𝑃",
   "R": "x"
  },
  {
   "page": 4,
   "y": 446.5,
   "left_mm": -1.351,
   "right_mm": -1.471,
   "L": "𝑃",
   "R": "x"
  },
  {
   "page": 4,
   "y": 538.1,
   "left_mm": -1.451,
   "right_mm": -1.429,
   "L": "𝑝",
   "R": "x"
  },
  {
   "page": 4,
   "y": 591.9,
   "left_mm": -1.455,
   "right_mm": -1.429,
   "L": "𝑝",
   "R": "x"
  },
  {
   "page": 4,
   "y": 610.3,
   "left_mm": 1.302,
   "right_mm": 1.488,
   "L": "𝑃",
   "R": "3"
  },
  {
   "page": 4,
   "y": 683.6,
   "left_mm": 1.306,
   "right_mm": 1.446,
   "L": "𝑃",
   "R": "3"
  },
  {
   "page": 4,
   "y": 74.8,
   "left_mm": -1.444,
   "right_mm": -1.471,
   "L": "p",
   "R": "x"
  },
  {
   "page": 4,
   "y": 74.8,
   "left_mm": -1.457,
   "right_mm": -1.429,
   "L": "P",
   "R": "x"
  },
  {
   "page": 4,
   "y": 260.5,
   "left_mm": 0.607,
   "right_mm": 1.622,
   "L": "2",
   "R": "|"
  },
  {
   "page": 4,
   "y": 276.3,
   "left_mm": 1.875,
   "right_mm": -0.437,
   "L": "𝑏",
   "R": "⃗"
  },
  {
   "page": 4,
   "y": 298.3,
   "left_mm": 1.622,
   "right_mm": -0.437,
   "L": "2",
   "R": "⃗"
  },
  {
   "page": 4,
   "y": 317.3,
   "left_mm": 1.622,
   "right_mm": -0.437,
   "L": "2",
   "R": "⃗"
  },
  {
   "page": 4,
   "y": 371.5,
   "left_mm": 1.552,
   "right_mm": -0.449,
   "L": "2",
   "R": "⃗"
  },
  {
   "page": 4,
   "y": 371.5,
   "left_mm": -0.096,
   "right_mm": 1.573,
   "L": "𝑎",
   "R": "|"
  },
  {
   "page": 4,
   "y": 371.5,
   "left_mm": 1.343,
   "right_mm": 1.615,
   "L": "0",
   "R": "|"
  },
  {
   "page": 4,
   "y": 443.3,
   "left_mm": 1.594,
   "right_mm": 1.696,
   "L": "2",
   "R": "("
  },
  {
   "page": 4,
   "y": 443.3,
   "left_mm": 1.594,
   "right_mm": 1.569,
   "L": "2",
   "R": "|"
  },
  {
   "page": 4,
   "y": 479.1,
   "left_mm": 1.552,
   "right_mm": 1.696,
   "L": "2",
   "R": "("
  },
  {
   "page": 4,
   "y": 479.1,
   "left_mm": 1.722,
   "right_mm": -0.449,
   "L": ")",
   "R": "⃗"
  },
  {
   "page": 4,
   "y": 518.3,
   "left_mm": 1.528,
   "right_mm": 1.403,
   "L": "|",
   "R": "2"
  },
  {
   "page": 4,
   "y": 518.3,
   "left_mm": 1.613,
   "right_mm": 1.403,
   "L": "|",
   "R": "3"
  },
  {
   "page": 4,
   "y": 537.7,
   "left_mm": 1.574,
   "right_mm": 1.403,
   "L": "⟩",
   "R": "6"
  },
  {
   "page": 4,
   "y": 537.7,
   "left_mm": 1.722,
   "right_mm": 13.58,
   "L": ")",
   "R": "．"
  },
  {
   "page": 4,
   "y": 570.8,
   "left_mm": 1.414,
   "right_mm": 1.446,
   "L": "𝑏",
   "R": "2"
  },
  {
   "page": 4,
   "y": 570.8,
   "left_mm": 1.614,
   "right_mm": 1.442,
   "L": "∘",
   "R": "3"
  },
  {
   "page": 4,
   "y": 570.8,
   "left_mm": 1.183,
   "right_mm": -0.449,
   "L": "式",
   "R": "⃗"
  },
  {
   "page": 4,
   "y": 570.8,
   "left_mm": 1.594,
   "right_mm": 1.315,
   "L": "2",
   "R": "4"
  },
  {
   "page": 4,
   "y": 591.5,
   "left_mm": 1.502,
   "right_mm": 1.569,
   "L": "8",
   "R": "−"
  },
  {
   "page": 4,
   "y": 672.2,
   "left_mm": -1.444,
   "right_mm": -1.133,
   "L": "b",
   "R": "|"
  },
  {
   "page": 5,
   "y": 222.7,
   "left_mm": 1.577,
   "right_mm": -0.449,
   "L": "⟩",
   "R": "⃗"
  },
  {
   "page": 5,
   "y": 262.9,
   "left_mm": 1.764,
   "right_mm": -0.449,
   "L": "1",
   "R": "⃗"
  },
  {
   "page": 5,
   "y": 298.8,
   "left_mm": 1.806,
   "right_mm": 1.4,
   "L": "1",
   "R": "6"
  },
  {
   "page": 5,
   "y": 334.6,
   "left_mm": 1.309,
   "right_mm": 1.7,
   "L": "𝐶",
   "R": "("
  },
  {
   "page": 5,
   "y": 353.2,
   "left_mm": 1.768,
   "right_mm": 1.657,
   "L": ")",
   "R": "("
  },
  {
   "page": 5,
   "y": 353.2,
   "left_mm": -1.439,
   "right_mm": -0.449,
   "L": ")",
   "R": "⃗"
  },
  {
   "page": 5,
   "y": 367.7,
   "left_mm": 1.307,
   "right_mm": 1.361,
   "L": "𝐷",
   "R": "0"
  },
  {
   "page": 5,
   "y": 367.7,
   "left_mm": 1.389,
   "right_mm": 1.573,
   "L": "0",
   "R": "|"
  },
  {
   "page": 5,
   "y": 367.7,
   "left_mm": 1.552,
   "right_mm": 7.955,
   "L": "2",
   "R": "使"
  },
  {
   "page": 5,
   "y": 387.3,
   "left_mm": 1.571,
   "right_mm": 1.701,
   "L": "|",
   "R": "√"
  },
  {
   "page": 5,
   "y": 387.3,
   "left_mm": 1.616,
   "right_mm": 1.659,
   "L": "|",
   "R": "√"
  },
  {
   "page": 5,
   "y": 387.3,
   "left_mm": 1.577,
   "right_mm": -0.449,
   "L": "⟩",
   "R": "⃗"
  },
  {
   "page": 5,
   "y": 401.7,
   "left_mm": 6.557,
   "right_mm": 2.126,
   "L": "1",
   "R": "1"
  },
  {
   "page": 5,
   "y": 466.6,
   "left_mm": 1.367,
   "right_mm": 1.403,
   "L": "𝐵",
   "R": "2"
  },
  {
   "page": 5,
   "y": 466.6,
   "left_mm": 1.392,
   "right_mm": 1.403,
   "L": "𝐷",
   "R": "2"
  },
  {
   "page": 5,
   "y": 466.6,
   "left_mm": 1.764,
   "right_mm": 1.654,
   "L": "1",
   "R": "1"
  },
  {
   "page": 5,
   "y": 520.3,
   "left_mm": 1.309,
   "right_mm": 1.7,
   "L": "𝐶",
   "R": "("
  },
  {
   "page": 5,
   "y": 520.3,
   "left_mm": 1.726,
   "right_mm": 1.573,
   "L": ")",
   "R": "|"
  },
  {
   "page": 5,
   "y": 520.3,
   "left_mm": 1.594,
   "right_mm": 1.315,
   "L": "2",
   "R": "4"
  },
  {
   "page": 5,
   "y": 539.9,
   "left_mm": 1.571,
   "right_mm": 1.702,
   "L": "|",
   "R": "√"
  },
  {
   "page": 5,
   "y": 539.9,
   "left_mm": 1.571,
   "right_mm": 1.403,
   "L": "|",
   "R": "2"
  },
  {
   "page": 5,
   "y": 539.9,
   "left_mm": 1.574,
   "right_mm": 25.661,
   "L": "⟩",
   "R": "𝑏"
  },
  {
   "page": 5,
   "y": 79.2,
   "left_mm": 1.574,
   "right_mm": 1.403,
   "L": "|",
   "R": "2"
  },
  {
   "page": 5,
   "y": 98.7,
   "left_mm": 1.571,
   "right_mm": 1.657,
   "L": "|",
   "R": "1"
  },
  {
   "page": 5,
   "y": 98.7,
   "left_mm": 1.574,
   "right_mm": 1.403,
   "L": "⟩",
   "R": "6"
  },
  {
   "page": 5,
   "y": 170.4,
   "left_mm": 1.414,
   "right_mm": 1.319,
   "L": "𝑏",
   "R": "𝑘"
  },
  {
   "page": 5,
   "y": 191.9,
   "left_mm": 1.616,
   "right_mm": 1.657,
   "L": "𝜆",
   "R": "1"
  },
  {
   "page": 5,
   "y": 215.8,
   "left_mm": 1.57,
   "right_mm": 1.573,
   "L": "𝜆",
   "R": "−"
  },
  {
   "page": 5,
   "y": 231.3,
   "left_mm": 1.574,
   "right_mm": 1.403,
   "L": "|",
   "R": "2"
  },
  {
   "page": 5,
   "y": 231.3,
   "left_mm": 1.571,
   "right_mm": 1.657,
   "L": "|",
   "R": "1"
  },
  {
   "page": 5,
   "y": 231.3,
   "left_mm": 1.616,
   "right_mm": 1.361,
   "L": "⟩",
   "R": "6"
  },
  {
   "page": 5,
   "y": 249.2,
   "left_mm": 1.414,
   "right_mm": 1.403,
   "L": "𝑏",
   "R": "2"
  },
  {
   "page": 5,
   "y": 249.2,
   "left_mm": 1.614,
   "right_mm": 1.696,
   "L": "∘",
   "R": "1"
  },
  {
   "page": 5,
   "y": 367.8,
   "left_mm": 1.414,
   "right_mm": 1.319,
   "L": "𝑏",
   "R": "𝑘"
  },
  {
   "page": 5,
   "y": 360.1,
   "left_mm": 1.616,
   "right_mm": 1.657,
   "L": "𝜆",
   "R": "1"
  },
  {
   "page": 5,
   "y": 384.0,
   "left_mm": 1.612,
   "right_mm": 1.615,
   "L": "𝜆",
   "R": "−"
  },
  {
   "page": 5,
   "y": 454.2,
   "left_mm": 1.574,
   "right_mm": 1.446,
   "L": "|",
   "R": "3"
  },
  {
   "page": 5,
   "y": 473.2,
   "left_mm": 1.237,
   "right_mm": -0.491,
   "L": "𝑚",
   "R": "⃗"
  },
  {
   "page": 5,
   "y": 473.2,
   "left_mm": 1.16,
   "right_mm": -0.449,
   "L": "𝑛",
   "R": "⃗"
  },
  {
   "page": 5,
   "y": 473.2,
   "left_mm": 1.574,
   "right_mm": 1.657,
   "L": "⟩",
   "R": "1"
  },
  {
   "page": 5,
   "y": 492.1,
   "left_mm": -1.455,
   "right_mm": 13.571,
   "L": "λ",
   "R": "．"
  },
  {
   "page": 5,
   "y": 524.2,
   "left_mm": 1.202,
   "right_mm": 1.7,
   "L": "𝑛",
   "R": "("
  },
  {
   "page": 5,
   "y": 524.2,
   "left_mm": 1.722,
   "right_mm": 1.573,
   "L": ")",
   "R": "|"
  },
  {
   "page": 5,
   "y": 539.1,
   "left_mm": 1.414,
   "right_mm": 1.7,
   "L": "𝑏",
   "R": "1"
  },
  {
   "page": 5,
   "y": 539.1,
   "left_mm": 1.726,
   "right_mm": 1.4,
   "L": ")",
   "R": "6"
  },
  {
   "page": 5,
   "y": 539.1,
   "left_mm": 1.574,
   "right_mm": 1.357,
   "L": "𝜆",
   "R": "0"
  },
  {
   "page": 5,
   "y": 539.1,
   "left_mm": 1.612,
   "right_mm": 1.573,
   "L": "𝜆",
   "R": "−"
  },
  {
   "page": 5,
   "y": 661.5,
   "left_mm": -1.457,
   "right_mm": -1.429,
   "L": "s",
   "R": "0"
  },
  {
   "page": 6,
   "y": 202.7,
   "left_mm": 1.283,
   "right_mm": -0.449,
   "L": "𝐵",
   "R": "⃗"
  },
  {
   "page": 6,
   "y": 235.7,
   "left_mm": 1.307,
   "right_mm": -0.449,
   "L": "𝐷",
   "R": "⃗"
  },
  {
   "page": 6,
   "y": 235.7,
   "left_mm": 1.552,
   "right_mm": 1.569,
   "L": "2",
   "R": "|"
  },
  {
   "page": 6,
   "y": 255.4,
   "left_mm": 1.311,
   "right_mm": 1.657,
   "L": "𝐷",
   "R": "1"
  },
  {
   "page": 6,
   "y": 272.0,
   "left_mm": 1.574,
   "right_mm": 1.702,
   "L": "|",
   "R": "√"
  },
  {
   "page": 6,
   "y": 399.1,
   "left_mm": 1.552,
   "right_mm": 1.654,
   "L": "2",
   "R": "1"
  },
  {
   "page": 6,
   "y": 399.1,
   "left_mm": 1.311,
   "right_mm": 1.446,
   "L": "𝐷",
   "R": "3"
  },
  {
   "page": 6,
   "y": 399.1,
   "left_mm": 1.614,
   "right_mm": 1.4,
   "L": "∘",
   "R": "2"
  },
  {
   "page": 6,
   "y": 418.8,
   "left_mm": 1.574,
   "right_mm": 1.744,
   "L": "|",
   "R": "√"
  },
  {
   "page": 6,
   "y": 615.3,
   "left_mm": 1.41,
   "right_mm": 1.657,
   "L": "𝐵",
   "R": "1"
  },
  {
   "page": 6,
   "y": 633.7,
   "left_mm": 1.398,
   "right_mm": 1.702,
   "L": "𝐶",
   "R": "√"
  },
  {
   "page": 6,
   "y": 652.7,
   "left_mm": 1.571,
   "right_mm": -1.462,
   "L": "|",
   "R": "("
  },
  {
   "page": 6,
   "y": 709.4,
   "left_mm": 1.307,
   "right_mm": -0.449,
   "L": "𝐷",
   "R": "⃗"
  },
  {
   "page": 6,
   "y": 88.8,
   "left_mm": 1.425,
   "right_mm": 2.087,
   "L": "𝑀",
   "R": "1"
  },
  {
   "page": 6,
   "y": 87.1,
   "left_mm": 1.428,
   "right_mm": 2.123,
   "L": "𝑀",
   "R": "√"
  },
  {
   "page": 6,
   "y": 112.9,
   "left_mm": 1.447,
   "right_mm": 2.044,
   "L": "𝑁",
   "R": "1"
  },
  {
   "page": 6,
   "y": 111.2,
   "left_mm": 1.405,
   "right_mm": 2.123,
   "L": "𝑁",
   "R": "√"
  },
  {
   "page": 6,
   "y": 132.2,
   "left_mm": 1.405,
   "right_mm": 1.657,
   "L": "𝑁",
   "R": "1"
  },
  {
   "page": 6,
   "y": 132.2,
   "left_mm": 1.311,
   "right_mm": -0.449,
   "L": "𝐷",
   "R": "⃗"
  },
  {
   "page": 6,
   "y": 149.4,
   "left_mm": -0.427,
   "right_mm": 1.527,
   "L": "2",
   "R": "|"
  },
  {
   "page": 6,
   "y": 165.0,
   "left_mm": -1.481,
   "right_mm": 1.742,
   "L": ")",
   "R": "("
  },
  {
   "page": 6,
   "y": 166.7,
   "left_mm": 1.726,
   "right_mm": 1.832,
   "L": ")",
   "R": "5"
  },
  {
   "page": 6,
   "y": 189.2,
   "left_mm": 1.571,
   "right_mm": 2.124,
   "L": "|",
   "R": "√"
  },
  {
   "page": 6,
   "y": 269.4,
   "left_mm": 1.394,
   "right_mm": 1.702,
   "L": "𝐶",
   "R": "√"
  },
  {
   "page": 6,
   "y": 288.4,
   "left_mm": 1.616,
   "right_mm": 13.538,
   "L": "|",
   "R": "．"
  },
  {
   "page": 6,
   "y": 325.6,
   "left_mm": 1.428,
   "right_mm": 1.234,
   "L": "𝑀",
   "R": "𝐷"
  },
  {
   "page": 6,
   "y": 325.6,
   "left_mm": 1.408,
   "right_mm": 2.122,
   "L": "𝑁",
   "R": "√"
  },
  {
   "page": 6,
   "y": 333.2,
   "left_mm": 1.362,
   "right_mm": 1.657,
   "L": "𝑁",
   "R": "1"
  },
  {
   "page": 6,
   "y": 347.9,
   "left_mm": 1.307,
   "right_mm": 1.87,
   "L": "𝐷",
   "R": "3"
  },
  {
   "page": 6,
   "y": 347.9,
   "left_mm": 1.614,
   "right_mm": 1.697,
   "L": "∘",
   "R": "8"
  },
  {
   "page": 6,
   "y": 347.9,
   "left_mm": 1.594,
   "right_mm": 1.867,
   "L": "2",
   "R": "3"
  },
  {
   "page": 6,
   "y": 372.1,
   "left_mm": 1.965,
   "right_mm": 2.121,
   "L": "3",
   "R": "1"
  },
  {
   "page": 6,
   "y": 370.5,
   "left_mm": 1.571,
   "right_mm": 2.124,
   "L": "|",
   "R": "√"
  },
  {
   "page": 7,
   "y": 93.0,
   "left_mm": 1.574,
   "right_mm": 1.403,
   "L": "|",
   "R": "2"
  },
  {
   "page": 7,
   "y": 93.0,
   "left_mm": 1.528,
   "right_mm": 1.446,
   "L": "|",
   "R": "3"
  },
  {
   "page": 7,
   "y": 112.2,
   "left_mm": 1.414,
   "right_mm": 13.538,
   "L": "𝑏",
   "R": "．"
  },
  {
   "page": 7,
   "y": 112.2,
   "left_mm": 1.414,
   "right_mm": 1.573,
   "L": "𝑏",
   "R": "|"
  },
  {
   "page": 7,
   "y": 148.1,
   "left_mm": 1.456,
   "right_mm": 1.53,
   "L": "𝑏",
   "R": "|"
  },
  {
   "page": 7,
   "y": 148.1,
   "left_mm": 1.614,
   "right_mm": 1.4,
   "L": "∘",
   "R": "2"
  },
  {
   "page": 7,
   "y": 148.1,
   "left_mm": 1.502,
   "right_mm": 1.442,
   "L": "5",
   "R": "3"
  },
  {
   "page": 7,
   "y": 173.7,
   "left_mm": -0.096,
   "right_mm": 1.361,
   "L": "𝑎",
   "R": "2"
  },
  {
   "page": 7,
   "y": 192.9,
   "left_mm": 1.414,
   "right_mm": 1.319,
   "L": "𝑏",
   "R": "4"
  },
  {
   "page": 7,
   "y": 192.9,
   "left_mm": 1.416,
   "right_mm": -1.462,
   "L": "𝑘",
   "R": "("
  },
  {
   "page": 7,
   "y": 249.7,
   "left_mm": 1.414,
   "right_mm": 1.573,
   "L": "𝑏",
   "R": "𝜆"
  },
  {
   "page": 7,
   "y": 249.7,
   "left_mm": 1.414,
   "right_mm": 1.446,
   "L": "4",
   "R": "2"
  },
  {
   "page": 7,
   "y": 249.7,
   "left_mm": 1.616,
   "right_mm": 1.4,
   "L": "𝜆",
   "R": "2"
  },
  {
   "page": 7,
   "y": 249.7,
   "left_mm": 1.411,
   "right_mm": 1.403,
   "L": "，",
   "R": "2"
  },
  {
   "page": 7,
   "y": 294.6,
   "left_mm": 1.414,
   "right_mm": 1.361,
   "L": "𝑏",
   "R": "0"
  },
  {
   "page": 7,
   "y": 414.1,
   "left_mm": 1.414,
   "right_mm": 1.361,
   "L": "𝑏",
   "R": "0"
  },
  {
   "page": 7,
   "y": 459.6,
   "left_mm": 1.726,
   "right_mm": -1.462,
   "L": ")",
   "R": "("
  },
  {
   "page": 7,
   "y": 509.9,
   "left_mm": 1.277,
   "right_mm": -0.449,
   "L": "𝐹",
   "R": "⃗"
  },
  {
   "page": 7,
   "y": 509.9,
   "left_mm": 1.32,
   "right_mm": 1.7,
   "L": "𝐹",
   "R": "2"
  },
  {
   "page": 7,
   "y": 559.2,
   "left_mm": 1.571,
   "right_mm": 1.319,
   "L": "|",
   "R": "4"
  },
  {
   "page": 7,
   "y": 559.2,
   "left_mm": 1.528,
   "right_mm": 1.446,
   "L": "|",
   "R": "3"
  },
  {
   "page": 7,
   "y": 578.5,
   "left_mm": 1.571,
   "right_mm": 13.58,
   "L": "|",
   "R": "．"
  },
  {
   "page": 7,
   "y": 593.0,
   "left_mm": 1.552,
   "right_mm": 1.696,
   "L": "2",
   "R": "("
  },
  {
   "page": 7,
   "y": 629.5,
   "left_mm": 1.414,
   "right_mm": 1.319,
   "L": "𝑏",
   "R": "4"
  },
  {
   "page": 7,
   "y": 629.5,
   "left_mm": 1.614,
   "right_mm": 1.569,
   "L": "∘",
   "R": "−"
  },
  {
   "page": 7,
   "y": 629.5,
   "left_mm": 1.637,
   "right_mm": 1.654,
   "L": "2",
   "R": "1"
  },
  {
   "page": 7,
   "y": 629.5,
   "left_mm": 1.424,
   "right_mm": 1.657,
   "L": "2",
   "R": "1"
  }
 ],
 "par": [
  {
   "page": 1,
   "y": 577.0,
   "box": [
    230.82,
    577.01,
    239.09,
    586.78
   ],
   "left_mm": 1.078,
   "right_mm": 1.061,
   "L": "0",
   "R": "𝑎"
  },
  {
   "page": 2,
   "y": 220.6,
   "box": [
    70.31,
    220.58,
    78.59,
    230.35
   ],
   "left_mm": 0.612,
   "right_mm": 0.934,
   "L": "𝑎",
   "R": "𝑏"
  },
  {
   "page": 2,
   "y": 526.1,
   "box": [
    83.15,
    526.14,
    91.42,
    535.91
   ],
   "left_mm": 0.612,
   "right_mm": 0.934,
   "L": "𝑎",
   "R": "𝑏"
  },
  {
   "page": 2,
   "y": 526.1,
   "box": [
    112.4,
    526.14,
    120.67,
    535.91
   ],
   "left_mm": 1.106,
   "right_mm": 1.148,
   "L": "𝑏",
   "R": "𝑐"
  },
  {
   "page": 2,
   "y": 526.1,
   "box": [
    152.27,
    526.14,
    160.54,
    535.91
   ],
   "left_mm": 0.609,
   "right_mm": 1.19,
   "L": "𝑎",
   "R": "𝑐"
  },
  {
   "page": 2,
   "y": 579.9,
   "box": [
    83.15,
    579.94,
    91.42,
    589.71
   ],
   "left_mm": 0.612,
   "right_mm": 0.934,
   "L": "𝑎",
   "R": "𝑏"
  },
  {
   "page": 7,
   "y": 192.0,
   "box": [
    129.39,
    192.01,
    137.66,
    201.78
   ],
   "left_mm": 0.57,
   "right_mm": 0.934,
   "L": "𝑎",
   "R": "𝑏"
  }
 ]
}
json → H3_隙_终版.json
--- 汇总 ---
判断题序号后隙 mm: n=6 min=0.945 med=0.966 max=1.030
条目号后隙 mm: n=9 min=3.318 med=3.318 max=3.361
= 左墨隙 mm: n=211 min=-1.648 med=1.414 max=6.557 | 右墨隙 mm: n=211 min=-1.471 med=1.442 max=25.661
∥ 左墨隙 mm: n=7 min=0.570 med=0.612 max=1.106 | 右墨隙 mm: n=7 min=0.934 med=0.934 max=1.190
