[EV] {"t": "2026-09-04T17:51:09.260", "事件": "驱动启动", "已有结果件": []}
[EV] {"t": "2026-09-04T17:51:09.417", "事件": "open_start", "件": "人教B版选必1 第1章 空间向量与立体几何·衔接件（29题）.docx", "形态": "原件直开", "路径": "C:\\提示词\\高中数学\\高中数学同步\\人教B版选必1 第1章 空间向量与立体几何·衔接件（29题）.docx"}
[EV] {"t": "2026-09-04T17:51:12.082", "事件": "测成", "件": "人教B版选必1 第1章 空间向量与立体几何·衔接件（29题）.docx", "形态": "原件直开", "全程耗时": 2.67}
[EV] {"t": "2026-09-04T17:51:12.231", "事件": "open_start", "件": "人教B版选必1 第1章 空间向量与立体几何·知识清单（完成）.docx", "形态": "原件直开", "路径": "C:\\提示词\\高中数学\\高中数学同步\\人教B版选必1 第1章 空间向量与立体几何·知识清单（完成）.docx"}
[EV] {"t": "2026-09-04T17:51:15.071", "事件": "测成", "件": "人教B版选必1 第1章 空间向量与立体几何·知识清单（完成）.docx", "形态": "原件直开", "全程耗时": 2.84}
[EV] {"t": "2026-09-04T17:51:15.071", "事件": "强制副本路径", "件": "人教B版选必1 第1章 空间向量与立体几何（上）·讲练件（61题）.docx", "依据": "§〇⑦讲练1上禁直开"}
[EV] {"t": "2026-09-04T17:51:15.089", "事件": "副本sha复核", "件": "人教B版选必1 第1章 空间向量与立体几何（上）·讲练件（61题）.docx", "副本": "C:\\提示词\\工作区\\同步-数学选必1复合修复-0903\\子步10\\tmp\\原件全同副本\\人教B版选必1 第1章 空间向量与立体几何（上）·讲练件（61题）.docx", "副本sha": "f286cd898026f8579aff26b1b946003f6df70532b3159be2047b13ca1029c355", "原件sha": "f286cd898026f8579aff26b1b946003f6df70532b3159be2047b13ca1029c355", "全等": true}
[EV] {"t": "2026-09-04T17:51:15.242", "事件": "open_start", "件": "人教B版选必1 第1章 空间向量与立体几何（上）·讲练件（61题）.docx", "形态": "副本降级（强制）", "路径": "C:\\提示词\\工作区\\同步-数学选必1复合修复-0903\\子步10\\tmp\\原件全同副本\\人教B版选必1 第1章 空间向量与立体几何（上）·讲练件（61题）.docx"}
[EV] {"t": "2026-09-04T17:51:20.987", "事件": "测成", "件": "人教B版选必1 第1章 空间向量与立体几何（上）·讲练件（61题）.docx", "形态": "副本降级（强制）", "全程耗时": 5.75}
[EV] {"t": "2026-09-04T17:51:21.144", "事件": "open_start", "件": "人教B版选必1 第1章 空间向量与立体几何（下）·讲练件（79题）.docx", "形态": "原件直开", "路径": "C:\\提示词\\高中数学\\高中数学同步\\人教B版选必1 第1章 空间向量与立体几何（下）·讲练件（79题）.docx"}
[EV] {"t": "2026-09-04T17:51:25.312", "事件": "测成", "件": "人教B版选必1 第1章 空间向量与立体几何（下）·讲练件（79题）.docx", "形态": "原件直开", "全程耗时": 4.17}
[EV] {"t": "2026-09-04T17:51:25.472", "事件": "open_start", "件": "人教B版选必1 第2章 平面解析几何·衔接件（13题）.docx", "形态": "原件直开", "路径": "C:\\提示词\\高中数学\\高中数学同步\\人教B版选必1 第2章 平面解析几何·衔接件（13题）.docx"}
[EV] {"t": "2026-09-04T17:51:27.949", "事件": "测成", "件": "人教B版选必1 第2章 平面解析几何·衔接件（13题）.docx", "形态": "原件直开", "全程耗时": 2.48}
[EV] {"t": "2026-09-04T17:51:28.102", "事件": "open_start", "件": "人教B版选必1 第2章 平面解析几何·知识清单（完成）.docx", "形态": "原件直开", "路径": "C:\\提示词\\高中数学\\高中数学同步\\人教B版选必1 第2章 平面解析几何·知识清单（完成）.docx"}
[EV] {"t": "2026-09-04T17:51:33.239", "事件": "测成", "件": "人教B版选必1 第2章 平面解析几何·知识清单（完成）.docx", "形态": "原件直开", "全程耗时": 5.14}
[EV] {"t": "2026-09-04T17:51:33.397", "事件": "open_start", "件": "人教B版选必1 第2章 平面解析几何（2.1—2.3.3）·讲练件（92题）.docx", "形态": "原件直开", "路径": "C:\\提示词\\高中数学\\高中数学同步\\人教B版选必1 第2章 平面解析几何（2.1—2.3.3）·讲练件（92题）.docx"}
[EV] {"t": "2026-09-04T17:51:39.614", "事件": "测成", "件": "人教B版选必1 第2章 平面解析几何（2.1—2.3.3）·讲练件（92题）.docx", "形态": "原件直开", "全程耗时": 6.22}
[EV] {"t": "2026-09-04T17:51:39.774", "事件": "open_start", "件": "人教B版选必1 第2章 平面解析几何（2.3.4—2.5.2）·讲练件（90题）.docx", "形态": "原件直开", "路径": "C:\\提示词\\高中数学\\高中数学同步\\人教B版选必1 第2章 平面解析几何（2.3.4—2.5.2）·讲练件（90题）.docx"}
[EV] {"t": "2026-09-04T17:51:46.976", "事件": "测成", "件": "人教B版选必1 第2章 平面解析几何（2.3.4—2.5.2）·讲练件（90题）.docx", "形态": "原件直开", "全程耗时": 7.2}
[EV] {"t": "2026-09-04T17:51:47.136", "事件": "open_start", "件": "人教B版选必1 第2章 平面解析几何（2.6.1—2.7.2）·讲练件（68题）.docx", "形态": "原件直开", "路径": "C:\\提示词\\高中数学\\高中数学同步\\人教B版选必1 第2章 平面解析几何（2.6.1—2.7.2）·讲练件（68题）.docx"}
[EV] {"t": "2026-09-04T17:51:51.937", "事件": "测成", "件": "人教B版选必1 第2章 平面解析几何（2.6.1—2.7.2）·讲练件（68题）.docx", "形态": "原件直开", "全程耗时": 4.8}
[EV] {"t": "2026-09-04T17:51:52.090", "事件": "open_start", "件": "人教B版选必1 第2章 平面解析几何（2.8）·讲练件（89题）.docx", "形态": "原件直开", "路径": "C:\\提示词\\高中数学\\高中数学同步\\人教B版选必1 第2章 平面解析几何（2.8）·讲练件（89题）.docx"}
[EV] {"t": "2026-09-04T17:52:00.193", "事件": "测成", "件": "人教B版选必1 第2章 平面解析几何（2.8）·讲练件（89题）.docx", "形态": "原件直开", "全程耗时": 8.1}
[EV] {"t": "2026-09-04T17:52:00.194", "事件": "驱动收尾", "结果": {"人教B版选必1 第1章 空间向量与立体几何·衔接件（29题）.docx": "ok", "人教B版选必1 第1章 空间向量与立体几何·知识清单（完成）.docx": "ok", "人教B版选必1 第1章 空间向量与立体几何（上）·讲练件（61题）.docx": "ok", "人教B版选必1 第1章 空间向量与立体几何（下）·讲练件（79题）.docx": "ok", "人教B版选必1 第2章 平面解析几何·衔接件（13题）.docx": "ok", "人教B版选必1 第2章 平面解析几何·知识清单（完成）.docx": "ok", "人教B版选必1 第2章 平面解析几何（2.1—2.3.3）·讲练件（92题）.docx": "ok", "人教B版选必1 第2章 平面解析几何（2.3.4—2.5.2）·讲练件（90题）.docx": "ok", "人教B版选必1 第2章 平面解析几何（2.6.1—2.7.2）·讲练件（68题）.docx": "ok", "人教B版选必1 第2章 平面解析几何（2.8）·讲练件（89题）.docx": "ok"}}
RESULTS {"人教B版选必1 第1章 空间向量与立体几何·衔接件（29题）.docx": "ok", "人教B版选必1 第1章 空间向量与立体几何·知识清单（完成）.docx": "ok", "人教B版选必1 第1章 空间向量与立体几何（上）·讲练件（61题）.docx": "ok", "人教B版选必1 第1章 空间向量与立体几何（下）·讲练件（79题）.docx": "ok", "人教B版选必1 第2章 平面解析几何·衔接件（13题）.docx": "ok", "人教B版选必1 第2章 平面解析几何·知识清单（完成）.docx": "ok", "人教B版选必1 第2章 平面解析几何（2.1—2.3.3）·讲练件（92题）.docx": "ok", "人教B版选必1 第2章 平面解析几何（2.3.4—2.5.2）·讲练件（90题）.docx": "ok", "人教B版选必1 第2章 平面解析几何（2.6.1—2.7.2）·讲练件（68题）.docx": "ok", "人教B版选必1 第2章 平面解析几何（2.8）·讲练件（89题）.docx": "ok"}
