This is XeTeX, Version 3.141592653-2.6-0.999998 (TeX Live 2026) (preloaded format=xelatex 2026.8.30)  10 SEP 2026 18:32
entering extended mode
 restricted \write18 enabled.
 %&-line parsing enabled.
**我方探针.tex
(./我方探针.tex
LaTeX2e <2026-06-01>
L3 programming layer <2026-08-10>
(c:/Users/28120/AppData/Roaming/TinyTeX/texmf-dist/tex/latex/base/article.cls
Document Class: article 2025/01/22 v1.4n Standard LaTeX document class
(c:/Users/28120/AppData/Roaming/TinyTeX/texmf-dist/tex/latex/base/size10.clo
File: size10.clo 2025/01/22 v1.4n Standard LaTeX file (size option)
)
\c@part=\count273
\c@section=\count274
\c@subsection=\count275
\c@subsubsection=\count276
\c@paragraph=\count277
\c@subparagraph=\count278
\c@figure=\count279
\c@table=\count280
\abovecaptionskip=\skip49
\belowcaptionskip=\skip50
\bibindent=\dimen150
) (c:/Users/28120/AppData/Roaming/TinyTeX/texmf-dist/tex/latex/pgf/frontendlayer/tikz.sty (c:/Users/28120/AppData/Roaming/TinyTeX/texmf-dist/tex/latex/pgf/basiclayer/pgf.sty (c:/Users/28120/AppData/Roaming/TinyTeX/texmf-dist/tex/latex/pgf/utilities/pgfrcs.sty (c:/Users/28120/AppData/Roaming/TinyTeX/texmf-dist/tex/generic/pgf/utilities/pgfutil-common.tex
\pgfutil@everybye=\toks17
\pgfutil@tempdima=\dimen151
\pgfutil@tempdimb=\dimen152
) (c:/Users/28120/AppData/Roaming/TinyTeX/texmf-dist/tex/generic/pgf/utilities/pgfutil-latex.def
\pgfutil@abb=\box53
) (c:/Users/28120/AppData/Roaming/TinyTeX/texmf-dist/tex/generic/pgf/utilities/pgfrcs.code.tex (c:/Users/28120/AppData/Roaming/TinyTeX/texmf-dist/tex/generic/pgf/pgf.revision.tex)
Package: pgfrcs 2026-08-01 v3.1.12 (3.1.12)
))
Package: pgf 2026-08-01 v3.1.12 (3.1.12)
 (c:/Users/28120/AppData/Roaming/TinyTeX/texmf-dist/tex/latex/pgf/basiclayer/pgfcore.sty (c:/Users/28120/AppData/Roaming/TinyTeX/texmf-dist/tex/latex/graphics/graphicx.sty
Package: graphicx 2026-05-17 v1.2e Enhanced LaTeX Graphics (DPC,SPQR)
 (c:/Users/28120/AppData/Roaming/TinyTeX/texmf-dist/tex/latex/graphics/keyval.sty
Package: keyval 2026-05-17 v1.15 key=value parser (DPC)
\KV@toks@=\toks18
) (c:/Users/28120/AppData/Roaming/TinyTeX/texmf-dist/tex/latex/graphics/graphics.sty
Package: graphics 2026-05-17 v1.4h Standard LaTeX Graphics (DPC,SPQR)
 (c:/Users/28120/AppData/Roaming/TinyTeX/texmf-dist/tex/latex/graphics/trig.sty
Package: trig 2023/12/02 v1.11 sin cos tan (DPC)
) (c:/Users/28120/AppData/Roaming/TinyTeX/texmf-dist/tex/latex/graphics-cfg/graphics.cfg
File: graphics.cfg 2016/06/04 v1.11 sample graphics configuration
)
Package graphics Info: Driver file: xetex.def on input line 106.
 (c:/Users/28120/AppData/Roaming/TinyTeX/texmf-dist/tex/latex/graphics-def/xetex.def
File: xetex.def 2025/11/01 v5.0p Graphics/color driver for xetex
))
\Gin@req@height=\dimen153
\Gin@req@width=\dimen154
) (c:/Users/28120/AppData/Roaming/TinyTeX/texmf-dist/tex/latex/pgf/systemlayer/pgfsys.sty (c:/Users/28120/AppData/Roaming/TinyTeX/texmf-dist/tex/generic/pgf/systemlayer/pgfsys.code.tex
Package: pgfsys 2026-08-01 v3.1.12 (3.1.12)
 (c:/Users/28120/AppData/Roaming/TinyTeX/texmf-dist/tex/generic/pgf/utilities/pgfkeys.code.tex
\pgfkeys@pathtoks=\toks19
\pgfkeys@temptoks=\toks20
 (c:/Users/28120/AppData/Roaming/TinyTeX/texmf-dist/tex/generic/pgf/utilities/pgfkeyslibraryfiltered.code.tex
\pgfkeys@tmptoks=\toks21
))
\pgf@x=\dimen155
\pgf@y=\dimen156
\pgf@xa=\dimen157
\pgf@ya=\dimen158
\pgf@xb=\dimen159
\pgf@yb=\dimen160
\pgf@xc=\dimen161
\pgf@yc=\dimen162
\pgf@xd=\dimen163
\pgf@yd=\dimen164
\w@pgf@writea=\write3
\r@pgf@reada=\read2
\c@pgf@counta=\count281
\c@pgf@countb=\count282
\c@pgf@countc=\count283
\c@pgf@countd=\count284
\t@pgf@toka=\toks22
\t@pgf@tokb=\toks23
\t@pgf@tokc=\toks24
\pgf@sys@id@count=\count285
 (c:/Users/28120/AppData/Roaming/TinyTeX/texmf-dist/tex/generic/pgf/systemlayer/pgf.cfg
File: pgf.cfg 2026-08-01 v3.1.12 (3.1.12)
)
Driver file for pgf: pgfsys-xetex.def
 (c:/Users/28120/AppData/Roaming/TinyTeX/texmf-dist/tex/generic/pgf/systemlayer/pgfsys-xetex.def
File: pgfsys-xetex.def 2026-08-01 v3.1.12 (3.1.12)
 (c:/Users/28120/AppData/Roaming/TinyTeX/texmf-dist/tex/generic/pgf/systemlayer/pgfsys-dvipdfmx.def
File: pgfsys-dvipdfmx.def 2026-08-01 v3.1.12 (3.1.12)
 (c:/Users/28120/AppData/Roaming/TinyTeX/texmf-dist/tex/generic/pgf/systemlayer/pgfsys-common-pdf.def
File: pgfsys-common-pdf.def 2026-08-01 v3.1.12 (3.1.12)
)
\pgfsys@objnum=\count286
))) (c:/Users/28120/AppData/Roaming/TinyTeX/texmf-dist/tex/generic/pgf/systemlayer/pgfsyssoftpath.code.tex
File: pgfsyssoftpath.code.tex 2026-08-01 v3.1.12 (3.1.12)
\pgfsyssoftpath@smallbuffer@items=\count287
\pgfsyssoftpath@bigbuffer@items=\count288
) (c:/Users/28120/AppData/Roaming/TinyTeX/texmf-dist/tex/generic/pgf/systemlayer/pgfsysprotocol.code.tex
File: pgfsysprotocol.code.tex 2026-08-01 v3.1.12 (3.1.12)
)) (c:/Users/28120/AppData/Roaming/TinyTeX/texmf-dist/tex/latex/xcolor/xcolor.sty
Package: xcolor 2024/09/29 v3.02 LaTeX color extensions (UK)
 (c:/Users/28120/AppData/Roaming/TinyTeX/texmf-dist/tex/latex/graphics-cfg/color.cfg
File: color.cfg 2016/01/02 v1.6 sample color configuration
)
Package xcolor Info: Driver file: xetex.def on input line 274.
 (c:/Users/28120/AppData/Roaming/TinyTeX/texmf-dist/tex/latex/graphics/mathcolor.ltx)
Package xcolor Info: Model `cmy' substituted by `cmy0' on input line 1349.
Package xcolor Info: Model `RGB' extended on input line 1365.
Package xcolor Info: Model `HTML' substituted by `rgb' on input line 1367.
Package xcolor Info: Model `Hsb' substituted by `hsb' on input line 1368.
Package xcolor Info: Model `tHsb' substituted by `hsb' on input line 1369.
Package xcolor Info: Model `HSB' substituted by `hsb' on input line 1370.
Package xcolor Info: Model `Gray' substituted by `gray' on input line 1371.
Package xcolor Info: Model `wave' substituted by `hsb' on input line 1372.
) (c:/Users/28120/AppData/Roaming/TinyTeX/texmf-dist/tex/generic/pgf/basiclayer/pgfcore.code.tex
Package: pgfcore 2026-08-01 v3.1.12 (3.1.12)
 (c:/Users/28120/AppData/Roaming/TinyTeX/texmf-dist/tex/generic/pgf/math/pgfmath.code.tex (c:/Users/28120/AppData/Roaming/TinyTeX/texmf-dist/tex/generic/pgf/math/pgfmathutil.code.tex) (c:/Users/28120/AppData/Roaming/TinyTeX/texmf-dist/tex/generic/pgf/math/pgfmathparser.code.tex
\pgfmath@dimen=\dimen165
\pgfmath@count=\count289
\pgfmath@box=\box54
\pgfmath@toks=\toks25
\pgfmath@stack@operand=\toks26
\pgfmath@stack@operation=\toks27
) (c:/Users/28120/AppData/Roaming/TinyTeX/texmf-dist/tex/generic/pgf/math/pgfmathfunctions.code.tex) (c:/Users/28120/AppData/Roaming/TinyTeX/texmf-dist/tex/generic/pgf/math/pgfmathfunctions.basic.code.tex) (c:/Users/28120/AppData/Roaming/TinyTeX/texmf-dist/tex/generic/pgf/math/pgfmathfunctions.trigonometric.code.tex) (c:/Users/28120/AppData/Roaming/TinyTeX/texmf-dist/tex/generic/pgf/math/pgfmathfunctions.random.code.tex) (c:/Users/28120/AppData/Roaming/TinyTeX/texmf-dist/tex/generic/pgf/math/pgfmathfunctions.comparison.code.tex) (c:/Users/28120/AppData/Roaming/TinyTeX/texmf-dist/tex/generic/pgf/math/pgfmathfunctions.base.code.tex) (c:/Users/28120/AppData/Roaming/TinyTeX/texmf-dist/tex/generic/pgf/math/pgfmathfunctions.round.code.tex) (c:/Users/28120/AppData/Roaming/TinyTeX/texmf-dist/tex/generic/pgf/math/pgfmathfunctions.misc.code.tex) (c:/Users/28120/AppData/Roaming/TinyTeX/texmf-dist/tex/generic/pgf/math/pgfmathfunctions.integerarithmetics.code.tex) (c:/Users/28120/AppData/Roaming/TinyTeX/texmf-dist/tex/generic/pgf/math/pgfmathcalc.code.tex) (c:/Users/28120/AppData/Roaming/TinyTeX/texmf-dist/tex/generic/pgf/math/pgfmathfloat.code.tex
\c@pgfmathroundto@lastzeros=\count290
)) (c:/Users/28120/AppData/Roaming/TinyTeX/texmf-dist/tex/generic/pgf/math/pgfint.code.tex) (c:/Users/28120/AppData/Roaming/TinyTeX/texmf-dist/tex/generic/pgf/basiclayer/pgfcorepoints.code.tex
File: pgfcorepoints.code.tex 2026-08-01 v3.1.12 (3.1.12)
\pgf@picminx=\dimen166
\pgf@picmaxx=\dimen167
\pgf@picminy=\dimen168
\pgf@picmaxy=\dimen169
\pgf@pathminx=\dimen170
\pgf@pathmaxx=\dimen171
\pgf@pathminy=\dimen172
\pgf@pathmaxy=\dimen173
\pgf@xx=\dimen174
\pgf@xy=\dimen175
\pgf@yx=\dimen176
\pgf@yy=\dimen177
\pgf@zx=\dimen178
\pgf@zy=\dimen179
) (c:/Users/28120/AppData/Roaming/TinyTeX/texmf-dist/tex/generic/pgf/basiclayer/pgfcorepathconstruct.code.tex
File: pgfcorepathconstruct.code.tex 2026-08-01 v3.1.12 (3.1.12)
\pgf@path@lastx=\dimen180
\pgf@path@lasty=\dimen181
) (c:/Users/28120/AppData/Roaming/TinyTeX/texmf-dist/tex/generic/pgf/basiclayer/pgfcorepathusage.code.tex
File: pgfcorepathusage.code.tex 2026-08-01 v3.1.12 (3.1.12)
\pgf@shorten@end@additional=\dimen182
\pgf@shorten@start@additional=\dimen183
) (c:/Users/28120/AppData/Roaming/TinyTeX/texmf-dist/tex/generic/pgf/basiclayer/pgfcorescopes.code.tex
File: pgfcorescopes.code.tex 2026-08-01 v3.1.12 (3.1.12)
\pgfpic=\box55
\pgf@hbox=\box56
\pgf@layerbox@main=\box57
\pgf@picture@serial@count=\count291
) (c:/Users/28120/AppData/Roaming/TinyTeX/texmf-dist/tex/generic/pgf/basiclayer/pgfcoregraphicstate.code.tex
File: pgfcoregraphicstate.code.tex 2026-08-01 v3.1.12 (3.1.12)
\pgflinewidth=\dimen184
) (c:/Users/28120/AppData/Roaming/TinyTeX/texmf-dist/tex/generic/pgf/basiclayer/pgfcoretransformations.code.tex
File: pgfcoretransformations.code.tex 2026-08-01 v3.1.12 (3.1.12)
\pgf@pt@x=\dimen185
\pgf@pt@y=\dimen186
\pgf@pt@temp=\dimen187
) (c:/Users/28120/AppData/Roaming/TinyTeX/texmf-dist/tex/generic/pgf/basiclayer/pgfcorequick.code.tex
File: pgfcorequick.code.tex 2026-08-01 v3.1.12 (3.1.12)
) (c:/Users/28120/AppData/Roaming/TinyTeX/texmf-dist/tex/generic/pgf/basiclayer/pgfcoreobjects.code.tex
File: pgfcoreobjects.code.tex 2026-08-01 v3.1.12 (3.1.12)
) (c:/Users/28120/AppData/Roaming/TinyTeX/texmf-dist/tex/generic/pgf/basiclayer/pgfcorepathprocessing.code.tex
File: pgfcorepathprocessing.code.tex 2026-08-01 v3.1.12 (3.1.12)
) (c:/Users/28120/AppData/Roaming/TinyTeX/texmf-dist/tex/generic/pgf/basiclayer/pgfcorearrows.code.tex
File: pgfcorearrows.code.tex 2026-08-01 v3.1.12 (3.1.12)
\pgfarrowsep=\dimen188
) (c:/Users/28120/AppData/Roaming/TinyTeX/texmf-dist/tex/generic/pgf/basiclayer/pgfcoreshade.code.tex
File: pgfcoreshade.code.tex 2026-08-01 v3.1.12 (3.1.12)
\pgf@max=\dimen189
\pgf@sys@shading@range@num=\count292
\pgf@shadingcount=\count293
) (c:/Users/28120/AppData/Roaming/TinyTeX/texmf-dist/tex/generic/pgf/basiclayer/pgfcoreimage.code.tex
File: pgfcoreimage.code.tex 2026-08-01 v3.1.12 (3.1.12)
) (c:/Users/28120/AppData/Roaming/TinyTeX/texmf-dist/tex/generic/pgf/basiclayer/pgfcoreexternal.code.tex
File: pgfcoreexternal.code.tex 2026-08-01 v3.1.12 (3.1.12)
\pgfexternal@startupbox=\box58
) (c:/Users/28120/AppData/Roaming/TinyTeX/texmf-dist/tex/generic/pgf/basiclayer/pgfcorelayers.code.tex
File: pgfcorelayers.code.tex 2026-08-01 v3.1.12 (3.1.12)
) (c:/Users/28120/AppData/Roaming/TinyTeX/texmf-dist/tex/generic/pgf/basiclayer/pgfcoretransparency.code.tex
File: pgfcoretransparency.code.tex 2026-08-01 v3.1.12 (3.1.12)
) (c:/Users/28120/AppData/Roaming/TinyTeX/texmf-dist/tex/generic/pgf/basiclayer/pgfcorepatterns.code.tex
File: pgfcorepatterns.code.tex 2026-08-01 v3.1.12 (3.1.12)
) (c:/Users/28120/AppData/Roaming/TinyTeX/texmf-dist/tex/generic/pgf/basiclayer/pgfcorerdf.code.tex
File: pgfcorerdf.code.tex 2026-08-01 v3.1.12 (3.1.12)
))) (c:/Users/28120/AppData/Roaming/TinyTeX/texmf-dist/tex/generic/pgf/modules/pgfmoduleshapes.code.tex
File: pgfmoduleshapes.code.tex 2026-08-01 v3.1.12 (3.1.12)
\pgfnodeparttextbox=\box59
) (c:/Users/28120/AppData/Roaming/TinyTeX/texmf-dist/tex/generic/pgf/modules/pgfmoduleplot.code.tex
File: pgfmoduleplot.code.tex 2026-08-01 v3.1.12 (3.1.12)
) (c:/Users/28120/AppData/Roaming/TinyTeX/texmf-dist/tex/latex/pgf/compatibility/pgfcomp-version-0-65.sty
Package: pgfcomp-version-0-65 2026-08-01 v3.1.12 (3.1.12)
\pgf@nodesepstart=\dimen190
\pgf@nodesepend=\dimen191
) (c:/Users/28120/AppData/Roaming/TinyTeX/texmf-dist/tex/latex/pgf/compatibility/pgfcomp-version-1-18.sty
Package: pgfcomp-version-1-18 2026-08-01 v3.1.12 (3.1.12)
)) (c:/Users/28120/AppData/Roaming/TinyTeX/texmf-dist/tex/latex/pgf/utilities/pgffor.sty (c:/Users/28120/AppData/Roaming/TinyTeX/texmf-dist/tex/latex/pgf/utilities/pgfkeys.sty (c:/Users/28120/AppData/Roaming/TinyTeX/texmf-dist/tex/generic/pgf/utilities/pgfkeys.code.tex)) (c:/Users/28120/AppData/Roaming/TinyTeX/texmf-dist/tex/latex/pgf/math/pgfmath.sty (c:/Users/28120/AppData/Roaming/TinyTeX/texmf-dist/tex/generic/pgf/math/pgfmath.code.tex)) (c:/Users/28120/AppData/Roaming/TinyTeX/texmf-dist/tex/generic/pgf/utilities/pgffor.code.tex
Package: pgffor 2026-08-01 v3.1.12 (3.1.12)
\pgffor@iter=\dimen192
\pgffor@skip=\dimen193
\pgffor@stack=\toks28
\pgffor@toks=\toks29
)) (c:/Users/28120/AppData/Roaming/TinyTeX/texmf-dist/tex/generic/pgf/frontendlayer/tikz/tikz.code.tex
Package: tikz 2026-08-01 v3.1.12 (3.1.12)
 (c:/Users/28120/AppData/Roaming/TinyTeX/texmf-dist/tex/generic/pgf/libraries/pgflibraryplothandlers.code.tex
File: pgflibraryplothandlers.code.tex 2026-08-01 v3.1.12 (3.1.12)
\pgf@plot@mark@count=\count294
\pgfplotmarksize=\dimen194
)
\tikz@lastx=\dimen195
\tikz@lasty=\dimen196
\tikz@lastxsaved=\dimen197
\tikz@lastysaved=\dimen198
\tikz@lastmovetox=\dimen199
\tikz@lastmovetoy=\dimen256
\tikzleveldistance=\dimen257
\tikzsiblingdistance=\dimen258
\tikz@figbox=\box60
\tikz@figbox@bg=\box61
\tikz@tempbox=\box62
\tikz@tempbox@bg=\box63
\tikztreelevel=\count295
\tikznumberofchildren=\count296
\tikznumberofcurrentchild=\count297
\tikz@fig@count=\count298
 (c:/Users/28120/AppData/Roaming/TinyTeX/texmf-dist/tex/generic/pgf/modules/pgfmodulematrix.code.tex
File: pgfmodulematrix.code.tex 2026-08-01 v3.1.12 (3.1.12)
\pgfmatrixcurrentrow=\count299
\pgfmatrixcurrentcolumn=\count300
\pgf@matrix@numberofcolumns=\count301
)
\tikz@expandcount=\count302
 (c:/Users/28120/AppData/Roaming/TinyTeX/texmf-dist/tex/generic/pgf/frontendlayer/tikz/libraries/tikzlibrarytopaths.code.tex
File: tikzlibrarytopaths.code.tex 2026-08-01 v3.1.12 (3.1.12)
))) (c:/Users/28120/AppData/Roaming/TinyTeX/texmf-dist/tex/latex/l3kernel/l3backend-xetex.def
File: l3backend-xetex.def 2026-08-10 L3 backend support: XeTeX
\g__graphics_track_int=\count303
\g__pdfannot_backend_int=\count304
\g__pdfannot_backend_link_int=\count305
)
No file 我方探针.aux.
\openout1 = `我方探针.aux'.

LaTeX Font Info:    Checking defaults for OML/cmm/m/it on input line 11.
LaTeX Font Info:    ... okay on input line 11.
LaTeX Font Info:    Checking defaults for OMS/cmsy/m/n on input line 11.
LaTeX Font Info:    ... okay on input line 11.
LaTeX Font Info:    Checking defaults for OT1/cmr/m/n on input line 11.
LaTeX Font Info:    ... okay on input line 11.
LaTeX Font Info:    Checking defaults for T1/cmr/m/n on input line 11.
LaTeX Font Info:    ... okay on input line 11.
LaTeX Font Info:    Checking defaults for TS1/cmr/m/n on input line 11.
LaTeX Font Info:    ... okay on input line 11.
LaTeX Font Info:    Checking defaults for TU/lmr/m/n on input line 11.
LaTeX Font Info:    ... okay on input line 11.
LaTeX Font Info:    Checking defaults for OMX/cmex/m/n on input line 11.
LaTeX Font Info:    ... okay on input line 11.
LaTeX Font Info:    Checking defaults for U/cmr/m/n on input line 11.
LaTeX Font Info:    ... okay on input line 11.
(c:/提示词/工作区/字替对照-0909/variantF/figs/g6-triple.tikz
LaTeX Font Info:    Calculating math sizes for size <7.86> on input line 34.


LaTeX Font Warning: Font shape `OT1/cmr/m/n' in size <5.50197> not available
(Font)              size <6> substituted on input line 34.


LaTeX Font Warning: Font shape `OT1/cmr/m/n' in size <3.93> not available
(Font)              size <5> substituted on input line 34.


LaTeX Font Warning: Font shape `OML/cmm/m/it' in size <5.50197> not available
(Font)              size <6> substituted on input line 34.


LaTeX Font Warning: Font shape `OML/cmm/m/it' in size <3.93> not available
(Font)              size <5> substituted on input line 34.


LaTeX Font Warning: Font shape `OMS/cmsy/m/n' in size <5.50197> not available
(Font)              size <6> substituted on input line 34.


LaTeX Font Warning: Font shape `OMS/cmsy/m/n' in size <3.93> not available
(Font)              size <5> substituted on input line 34.

LaTeX Font Info:    External font `cmex10' loaded for size
(Font)              <7.86> on input line 34.
LaTeX Font Info:    External font `cmex10' loaded for size
(Font)              <5.50197> on input line 34.
LaTeX Font Info:    External font `cmex10' loaded for size
(Font)              <3.93> on input line 34.

LaTeX Font Warning: Font shape `OT1/cmr/bx/n' in size <5.50197> not available
(Font)              size <6> substituted on input line 34.


LaTeX Font Warning: Font shape `OT1/cmr/bx/n' in size <3.93> not available
(Font)              size <5> substituted on input line 34.

LaTeX Font Info:    Calculating math sizes for size <7.11> on input line 38.

LaTeX Font Warning: Font shape `OT1/cmr/m/n' in size <3.555> not available
(Font)              size <5> substituted on input line 38.


LaTeX Font Warning: Font shape `OML/cmm/m/it' in size <3.555> not available
(Font)              size <5> substituted on input line 38.


LaTeX Font Warning: Font shape `OMS/cmsy/m/n' in size <3.555> not available
(Font)              size <5> substituted on input line 38.

LaTeX Font Info:    External font `cmex10' loaded for size
(Font)              <7.11> on input line 38.
LaTeX Font Info:    External font `cmex10' loaded for size
(Font)              <4.97697> on input line 38.
LaTeX Font Info:    External font `cmex10' loaded for size
(Font)              <3.555> on input line 38.

LaTeX Font Warning: Font shape `OT1/cmr/bx/n' in size <3.555> not available
(Font)              size <5> substituted on input line 38.

) [1

] (c:/提示词/工作区/字替对照-0909/variantF/figs/g1-prism.tikz
LaTeX Font Info:    Calculating math sizes for size <6.83> on input line 38.


LaTeX Font Warning: Font shape `OT1/cmr/m/n' in size <3.415> not available
(Font)              size <5> substituted on input line 38.


LaTeX Font Warning: Font shape `OML/cmm/m/it' in size <3.415> not available
(Font)              size <5> substituted on input line 38.


LaTeX Font Warning: Font shape `OMS/cmsy/m/n' in size <3.415> not available
(Font)              size <5> substituted on input line 38.

LaTeX Font Info:    External font `cmex10' loaded for size
(Font)              <6.83> on input line 38.
LaTeX Font Info:    External font `cmex10' loaded for size
(Font)              <4.78098> on input line 38.
LaTeX Font Info:    External font `cmex10' loaded for size
(Font)              <3.415> on input line 38.

LaTeX Font Warning: Font shape `OT1/cmr/bx/n' in size <3.415> not available
(Font)              size <5> substituted on input line 38.

LaTeX Font Info:    Calculating math sizes for size <4.44> on input line 38.

LaTeX Font Warning: Font shape `OT1/cmr/m/n' in size <4.44> not available
(Font)              size <5> substituted on input line 38.


LaTeX Font Warning: Font shape `OT1/cmr/m/n' in size <3.10799> not available
(Font)              size <5> substituted on input line 38.


LaTeX Font Warning: Font shape `OT1/cmr/m/n' in size <2.22> not available
(Font)              size <5> substituted on input line 38.


LaTeX Font Warning: Font shape `OML/cmm/m/it' in size <4.44> not available
(Font)              size <5> substituted on input line 38.


LaTeX Font Warning: Font shape `OML/cmm/m/it' in size <3.10799> not available
(Font)              size <5> substituted on input line 38.


LaTeX Font Warning: Font shape `OML/cmm/m/it' in size <2.22> not available
(Font)              size <5> substituted on input line 38.


LaTeX Font Warning: Font shape `OMS/cmsy/m/n' in size <4.44> not available
(Font)              size <5> substituted on input line 38.


LaTeX Font Warning: Font shape `OMS/cmsy/m/n' in size <3.10799> not available
(Font)              size <5> substituted on input line 38.


LaTeX Font Warning: Font shape `OMS/cmsy/m/n' in size <2.22> not available
(Font)              size <5> substituted on input line 38.

LaTeX Font Info:    External font `cmex10' loaded for size
(Font)              <4.44> on input line 38.
LaTeX Font Info:    External font `cmex10' loaded for size
(Font)              <3.10799> on input line 38.
LaTeX Font Info:    External font `cmex10' loaded for size
(Font)              <2.22> on input line 38.

LaTeX Font Warning: Font shape `OT1/cmr/bx/n' in size <4.44> not available
(Font)              size <5> substituted on input line 38.


LaTeX Font Warning: Font shape `OT1/cmr/bx/n' in size <3.10799> not available
(Font)              size <5> substituted on input line 38.


LaTeX Font Warning: Font shape `OT1/cmr/bx/n' in size <2.22> not available
(Font)              size <5> substituted on input line 38.

LaTeX Font Info:    Calculating math sizes for size <7.93> on input line 41.

LaTeX Font Warning: Font shape `OT1/cmr/m/n' in size <5.55096> not available
(Font)              size <6> substituted on input line 41.


LaTeX Font Warning: Font shape `OT1/cmr/m/n' in size <3.965> not available
(Font)              size <5> substituted on input line 41.


LaTeX Font Warning: Font shape `OML/cmm/m/it' in size <5.55096> not available
(Font)              size <6> substituted on input line 41.


LaTeX Font Warning: Font shape `OML/cmm/m/it' in size <3.965> not available
(Font)              size <5> substituted on input line 41.


LaTeX Font Warning: Font shape `OMS/cmsy/m/n' in size <5.55096> not available
(Font)              size <6> substituted on input line 41.


LaTeX Font Warning: Font shape `OMS/cmsy/m/n' in size <3.965> not available
(Font)              size <5> substituted on input line 41.

LaTeX Font Info:    External font `cmex10' loaded for size
(Font)              <7.93> on input line 41.
LaTeX Font Info:    External font `cmex10' loaded for size
(Font)              <5.55096> on input line 41.
LaTeX Font Info:    External font `cmex10' loaded for size
(Font)              <3.965> on input line 41.

LaTeX Font Warning: Font shape `OT1/cmr/bx/n' in size <5.55096> not available
(Font)              size <6> substituted on input line 41.


LaTeX Font Warning: Font shape `OT1/cmr/bx/n' in size <3.965> not available
(Font)              size <5> substituted on input line 41.

) [2] (c:/提示词/工作区/字替对照-0909/variantF/figs/g2-cubeE.tikz
LaTeX Font Info:    Calculating math sizes for size <7.53> on input line 29.


LaTeX Font Warning: Font shape `OT1/cmr/m/n' in size <7.53> not available
(Font)              size <8> substituted on input line 29.


LaTeX Font Warning: Font shape `OT1/cmr/m/n' in size <3.765> not available
(Font)              size <5> substituted on input line 29.


LaTeX Font Warning: Font shape `OML/cmm/m/it' in size <7.53> not available
(Font)              size <8> substituted on input line 29.


LaTeX Font Warning: Font shape `OML/cmm/m/it' in size <3.765> not available
(Font)              size <5> substituted on input line 29.


LaTeX Font Warning: Font shape `OMS/cmsy/m/n' in size <7.53> not available
(Font)              size <8> substituted on input line 29.


LaTeX Font Warning: Font shape `OMS/cmsy/m/n' in size <3.765> not available
(Font)              size <5> substituted on input line 29.

LaTeX Font Info:    External font `cmex10' loaded for size
(Font)              <7.53> on input line 29.
LaTeX Font Info:    External font `cmex10' loaded for size
(Font)              <5.27097> on input line 29.
LaTeX Font Info:    External font `cmex10' loaded for size
(Font)              <3.765> on input line 29.

LaTeX Font Warning: Font shape `OT1/cmr/bx/n' in size <7.53> not available
(Font)              size <8> substituted on input line 29.


LaTeX Font Warning: Font shape `OT1/cmr/bx/n' in size <3.765> not available
(Font)              size <5> substituted on input line 29.


LaTeX Font Warning: Font shape `OT1/cmr/m/it' in size <7.53> not available
(Font)              size <8> substituted on input line 29.


LaTeX Font Warning: Font shape `OT1/cmr/m/it' in size <3.765> not available
(Font)              size <5> substituted on input line 29.

) [3] (c:/提示词/工作区/字替对照-0909/variantF/figs/g3-cube6.tikz
LaTeX Font Info:    Calculating math sizes for size <17.5> on input line 38.
LaTeX Font Info:    External font `cmex10' loaded for size
(Font)              <17.5> on input line 38.
LaTeX Font Info:    External font `cmex10' loaded for size
(Font)              <12.24994> on input line 38.
LaTeX Font Info:    External font `cmex10' loaded for size
(Font)              <8.75> on input line 38.
) [4] (c:/提示词/工作区/字替对照-0909/variantF/figs/g4-dihedral.tikz
LaTeX Font Info:    Calculating math sizes for size <16.03> on input line 35.


LaTeX Font Warning: Font shape `OT1/cmr/m/n' in size <16.03> not available
(Font)              size <17.28> substituted on input line 35.


LaTeX Font Warning: Font shape `OML/cmm/m/it' in size <16.03> not available
(Font)              size <17.28> substituted on input line 35.


LaTeX Font Warning: Font shape `OMS/cmsy/m/n' in size <16.03> not available
(Font)              size <17.28> substituted on input line 35.

LaTeX Font Info:    External font `cmex10' loaded for size
(Font)              <16.03> on input line 35.
LaTeX Font Info:    External font `cmex10' loaded for size
(Font)              <11.22095> on input line 35.
LaTeX Font Info:    External font `cmex10' loaded for size
(Font)              <8.015> on input line 35.

LaTeX Font Warning: Font shape `OT1/cmr/bx/n' in size <16.03> not available
(Font)              size <17.28> substituted on input line 35.


LaTeX Font Warning: Font shape `OT1/cmr/m/it' in size <16.03> not available
(Font)              size <17.28> substituted on input line 35.

) [5] (c:/提示词/工作区/字替对照-0909/variantF/figs/g5-fold.tikz
LaTeX Font Info:    External font `cmex10' loaded for size
(Font)              <14.4> on input line 33.
LaTeX Font Info:    External font `cmex10' loaded for size
(Font)              <7> on input line 33.
) [6] (./我方探针.aux)
 ***********
LaTeX2e <2026-06-01>
L3 programming layer <2026-08-10>
 ***********


LaTeX Font Warning: Size substitutions with differences
(Font)              up to 2.78pt have occurred.

 ) 
Here is how much of TeX's memory you used:
 11969 strings out of 469768
 258453 string characters out of 5466040
 625180 words of memory out of 5000000
 40765 multiletter control sequences out of 15000+600000
 640413 words of font info for 91 fonts, out of 8000000 for 9000
 14 hyphenation exceptions out of 8191
 102i,8n,107p,416b,667s stack positions out of 10000i,1000n,20000p,200000b,200000s

Output written on 我方探针.pdf (6 pages).
