[件] M2导学本/课时08/main-true.tex
  承件族判定：multicol 可回流栏（非静默族：出栏 TeX 报 Overfull \vbox）｜证据 main.tex:67；main.tex:316
  锚账：键 21 集合 % ans:↔ansblock 对平 ✓（档向源=tex明记 true）
  log：Error 0｜Overfull h/v 0/0｜Underfull vbox 0｜Missing char 0｜页数 4｜M3-ANSKEY 21 键
  印面：页数 4｜纸面 210.0×297.0mm（纸边硬线 297.0｜脚带线 289.8）｜[答案]×10（无限裁剪层×10）｜键档向=true
    p1 栏底 栏1:277.8 栏2:283.3 栏3:0.0 
    p2 栏底 栏1:277.8 栏2:271.8 栏3:0.0 
    p3 栏底 栏1:277.8 栏2:283.3 栏3:0.0 
    p4 栏底 栏1:276.9 栏2:126.0 栏3:0.0 
    页脚签名带豁免条最大底 286.0mm（不计栏底）
  [警告] 答案区计数 10 < 键数 21（键含多区块等数号歧义，降级对数）
  判定：PASS（警告 1）
[件] M2导学本/课时08/main-pure.tex
  承件族判定：multicol 可回流栏（非静默族：出栏 TeX 报 Overfull \vbox）｜证据 main.tex:67；main.tex:316
  锚账：键 21 集合 % ans:↔ansblock 对平 ✓（档向源=tex明记 false）
  log：Error 0｜Overfull h/v 0/0｜Underfull vbox 0｜Missing char 0｜页数 3｜M3-ANSKEY 21 键
  印面：页数 3｜纸面 210.0×297.0mm（纸边硬线 297.0｜脚带线 289.8）｜[答案]×0（无限裁剪层×0）｜键档向=false
    p1 栏底 栏1:277.8 栏2:283.3 栏3:0.0 
    p2 栏底 栏1:277.8 栏2:276.0 栏3:0.0 
    p3 栏底 栏1:276.9 栏2:283.3 栏3:0.0 
    页脚签名带豁免条最大底 286.0mm（不计栏底）
  印面 [答案]×0 → 判纯题档（false）：答案区应零，PASS 口径
  判定：PASS（警告 0）
[PASS] 静默溢出审计全过（零误报档｜件 2／红旗 0／警告 1）
