[件] M2导学本/章末-本章总结提升/main-true.tex
  承件族判定：multicol 可回流栏（非静默族：出栏 TeX 报 Overfull \vbox）｜证据 main.tex:60；main.tex:460；main.tex:467；main.tex:533
  锚账：键 28 集合 % ans:↔ansblock 对平 ✓（档向源=tex明记 true）
  log：Error 0｜Overfull h/v 0/0｜Underfull vbox 0｜Missing char 0｜页数 8｜M3-ANSKEY 28 键
  印面：页数 8｜纸面 210.0×297.0mm（纸边硬线 297.0｜脚带线 289.8）｜[答案]×0（无限裁剪层×0）｜键档向=true
    p1 栏底 栏1:277.8 栏2:283.3 栏3:0.0 
    p2 栏底 栏1:277.8 栏2:196.1 栏3:0.0 
    p3 栏底 栏1:277.8 栏2:283.3 栏3:0.0 
    p4 栏底 栏1:277.8 栏2:165.6 栏3:0.0 
    p5 栏底 栏1:277.8 栏2:283.3 栏3:0.0 
    p6 栏底 栏1:189.2 栏2:186.6 栏3:0.0 
    p7 栏底 栏1:231.4 栏2:283.3 栏3:0.0 
    p8 栏底 栏1:276.9 栏2:108.1 栏3:0.0 
    页脚签名带豁免条最大底 286.0mm（不计栏底）
  [红旗] 案卷标 true 档而印面 [答案]×0——整册答案静默蒸发（键 28 个全丢）
  判定：FAIL 红旗1 警告0
[件] M2导学本/章末-本章总结提升/main-pure.tex
  承件族判定：multicol 可回流栏（非静默族：出栏 TeX 报 Overfull \vbox）｜证据 main.tex:60；main.tex:460；main.tex:467；main.tex:533
  锚账：键 28 集合 % ans:↔ansblock 对平 ✓（档向源=tex明记 false）
  log：Error 0｜Overfull h/v 0/0｜Underfull vbox 0｜Missing char 0｜页数 6｜M3-ANSKEY 28 键
  印面：页数 6｜纸面 210.0×297.0mm（纸边硬线 297.0｜脚带线 289.8）｜[答案]×0（无限裁剪层×0）｜键档向=false
    p1 栏底 栏1:277.8 栏2:283.3 栏3:0.0 
    p2 栏底 栏1:277.8 栏2:258.5 栏3:0.0 
    p3 栏底 栏1:277.8 栏2:283.3 栏3:0.0 
    p4 栏底 栏1:250.1 栏2:161.1 栏3:0.0 
    p5 栏底 栏1:211.6 栏2:283.3 栏3:0.0 
    p6 栏底 栏1:276.9 栏2:108.1 栏3:0.0 
    页脚签名带豁免条最大底 286.0mm（不计栏底）
  印面 [答案]×0 → 判纯题档（false）：答案区应零，PASS 口径
  判定：PASS（警告 0）
[FAIL] 红旗 1（零误报档）：出纸/丢块/吞块须回炉（附卷制迁移或缩块），警告 0 登记
