[件] M2导学本/衔接节-1.2.1前/main-true.tex
  承件族判定：multicol 可回流栏（非静默族：出栏 TeX 报 Overfull \vbox）｜证据 main.tex:65；main.tex:371
  锚账：键 29 集合 % ans:↔ansblock 对平 ✓（档向源=tex明记 true）
  log：Error 0｜Overfull h/v 0/0｜Underfull vbox 0｜Missing char 0｜页数 5｜M3-ANSKEY 29 键
  印面：页数 5｜纸面 210.0×297.0mm（纸边硬线 297.0｜脚带线 289.8）｜[答案]×29（无限裁剪层×29）｜键档向=true
    p1 栏底 栏1:277.8 栏2:283.3 栏3:0.0 
    p2 栏底 栏1:277.8 栏2:265.4 栏3:0.0 
    p3 栏底 栏1:277.8 栏2:283.3 栏3:0.0 
    p4 栏底 栏1:278.5 栏2:244.8 栏3:0.0 
    p5 栏底 栏1:276.9 栏2:283.3 栏3:0.0 
    页脚签名带豁免条最大底 286.0mm（不计栏底）
  判定：PASS（警告 0）
[件] M2导学本/衔接节-1.2.1前/main-pure.tex
  承件族判定：multicol 可回流栏（非静默族：出栏 TeX 报 Overfull \vbox）｜证据 main.tex:65；main.tex:371
  锚账：键 29 集合 % ans:↔ansblock 对平 ✓（档向源=tex明记 false）
  log：Error 0｜Overfull h/v 0/0｜Underfull vbox 0｜Missing char 0｜页数 4｜M3-ANSKEY 29 键
  印面：页数 4｜纸面 210.0×297.0mm（纸边硬线 297.0｜脚带线 289.8）｜[答案]×0（无限裁剪层×0）｜键档向=false
    p1 栏底 栏1:277.8 栏2:283.3 栏3:0.0 
    p2 栏底 栏1:277.8 栏2:265.8 栏3:0.0 
    p3 栏底 栏1:277.8 栏2:283.3 栏3:0.0 
    p4 栏底 栏1:276.9 栏2:182.4 栏3:0.0 
    页脚签名带豁免条最大底 286.0mm（不计栏底）
  印面 [答案]×0 → 判纯题档（false）：答案区应零，PASS 口径
  判定：PASS（警告 0）
[PASS] 静默溢出审计全过（零误报档｜件 2／红旗 0／警告 0）
