[X1] PDF已存在，跳过导出（幂等）
[X1] PNG 页数=14 新增=0
[I1] 导出 人教B版选必1 第1章 空间向量与立体几何·知识清单（完成）.docx ...
  [PS拦截渲染] 轮询期满无.pdf，.PS在案→用户级GS渲染
[I1] OK PS拦截渲染(尝试1) 627.9s
[I1] PNG 页数=13 新增=13
[B] 导出 人教B版选必1 第1章 空间向量与立体几何（上）·讲练件（61题）.docx ...
  [PS拦截渲染] 轮询期满无.pdf，.PS在案→用户级GS渲染
[B] OK PS拦截渲染(尝试1) 757.1s
[B] PNG 页数=61 新增=61
[C] 导出 人教B版选必1 第1章 空间向量与立体几何（下）·讲练件（79题）.docx ...
  [PS拦截渲染] 轮询期满无.pdf，.PS在案→用户级GS渲染
[C] OK PS拦截渲染(尝试1) 737.2s
[C] PNG 页数=60 新增=60
[X2] 导出 人教B版选必1 第2章 平面解析几何·衔接件（13题）.docx ...
  [PS拦截渲染] 轮询期满无.pdf，.PS在案→用户级GS渲染
[X2] OK PS拦截渲染(尝试1) 607.1s
[X2] PNG 页数=5 新增=5
[I2] 导出 人教B版选必1 第2章 平面解析几何·知识清单（完成）.docx ...
  [PS拦截渲染] 轮询期满无.pdf，.PS在案→用户级GS渲染
[I2] OK PS拦截渲染(尝试1) 676.4s
[I2] PNG 页数=28 新增=28
[E] 导出 人教B版选必1 第2章 平面解析几何（2.1—2.3.3）·讲练件（92题）.docx ...
  [PS拦截渲染] 轮询期满无.pdf，.PS在案→用户级GS渲染
[E] OK PS拦截渲染(尝试1) 670.0s
[E] PNG 页数=55 新增=55
[F] 导出 人教B版选必1 第2章 平面解析几何（2.3.4—2.5.2）·讲练件（90题）.docx ...
