{
 "zhenti": [
  {
   "gap_pt": 2.92,
   "gap_mm": 1.03,
   "adv_pt": 2.093,
   "a_ink_x1": 319.7,
   "b_ink_x0": 322.62,
   "a_bbox": [
    316.78,
    595.05,
    320.13,
    605.1
   ],
   "b_bbox": [
    322.22,
    594.04,
    332.28,
    605.07
   ],
   "page": 1,
   "y": 594.0,
   "num": "1",
   "body": "两"
  },
  {
   "gap_pt": 2.8,
   "gap_mm": 0.988,
   "adv_pt": 2.093,
   "a_ink_x1": 319.7,
   "b_ink_x0": 322.5,
   "a_bbox": [
    316.78,
    666.78,
    320.13,
    676.83
   ],
   "b_bbox": [
    322.22,
    665.77,
    332.28,
    676.8
   ],
   "page": 1,
   "y": 665.8,
   "num": "2",
   "body": "相"
  },
  {
   "gap_pt": 2.679,
   "gap_mm": 0.945,
   "adv_pt": 2.092,
   "a_ink_x1": 60.05,
   "b_ink_x0": 62.73,
   "a_bbox": [
    57.13,
    528.09,
    60.48,
    538.14
   ],
   "b_bbox": [
    62.57,
    527.08,
    72.62,
    538.11
   ],
   "page": 2,
   "y": 527.1,
   "num": "1",
   "body": "若"
  },
  {
   "gap_pt": 2.679,
   "gap_mm": 0.945,
   "adv_pt": 2.092,
   "a_ink_x1": 60.05,
   "b_ink_x0": 62.73,
   "a_bbox": [
    57.13,
    581.89,
    60.48,
    591.94
   ],
   "b_bbox": [
    62.57,
    580.88,
    72.62,
    591.9
   ],
   "page": 2,
   "y": 580.9,
   "num": "2",
   "body": "若"
  },
  {
   "gap_pt": 2.679,
   "gap_mm": 0.945,
   "adv_pt": 2.092,
   "a_ink_x1": 60.05,
   "b_ink_x0": 62.73,
   "a_bbox": [
    57.13,
    77.78,
    60.48,
    87.84
   ],
   "b_bbox": [
    62.57,
    76.77,
    72.62,
    87.8
   ],
   "page": 3,
   "y": 76.8,
   "num": "1",
   "body": "若"
  },
  {
   "gap_pt": 2.919,
   "gap_mm": 1.03,
   "adv_pt": 2.092,
   "a_ink_x1": 60.05,
   "b_ink_x0": 62.97,
   "a_bbox": [
    57.13,
    131.58,
    60.48,
    141.63
   ],
   "b_bbox": [
    62.57,
    130.57,
    72.62,
    141.6
   ],
   "page": 3,
   "y": 130.6,
   "num": "2",
   "body": "两"
  }
 ],
 "tiaomu": [
  {
   "gap_pt": 9.406,
   "gap_mm": 3.318,
   "adv_pt": 8.468,
   "a_ink_x1": 57.63,
   "b_ink_x0": 67.03,
   "a_bbox": [
    54.83,
    342.67,
    58.29,
    352.72
   ],
   "b_bbox": [
    66.75,
    342.84,
    76.81,
    353.87
   ],
   "page": 1,
   "y": 342.7,
   "num": "1",
   "body": "定"
  },
  {
   "gap_pt": 9.526,
   "gap_mm": 3.361,
   "adv_pt": 8.468,
   "a_ink_x1": 57.63,
   "b_ink_x0": 67.15,
   "a_bbox": [
    54.83,
    433.32,
    58.29,
    443.38
   ],
   "b_bbox": [
    66.75,
    434.51,
    70.1,
    444.56
   ],
   "page": 1,
   "y": 433.3,
   "num": "2",
   "body": "("
  },
  {
   "gap_pt": 9.406,
   "gap_mm": 3.318,
   "adv_pt": 8.468,
   "a_ink_x1": 57.63,
   "b_ink_x0": 67.03,
   "a_bbox": [
    54.83,
    559.84,
    58.29,
    569.9
   ],
   "b_bbox": [
    66.75,
    560.01,
    76.81,
    571.04
   ],
   "page": 1,
   "y": 559.8,
   "num": "3",
   "body": "几"
  },
  {
   "gap_pt": 9.406,
   "gap_mm": 3.318,
   "adv_pt": 8.468,
   "a_ink_x1": 57.63,
   "b_ink_x0": 67.03,
   "a_bbox": [
    54.83,
    76.89,
    58.29,
    86.94
   ],
   "b_bbox": [
    66.75,
    77.06,
    76.81,
    88.08
   ],
   "page": 2,
   "y": 76.9,
   "num": "1",
   "body": "加"
  },
  {
   "gap_pt": 9.406,
   "gap_mm": 3.318,
   "adv_pt": 8.468,
   "a_ink_x1": 57.63,
   "b_ink_x0": 67.03,
   "a_bbox": [
    54.83,
    203.41,
    58.29,
    213.46
   ],
   "b_bbox": [
    66.75,
    203.58,
    76.81,
    214.61
   ],
   "page": 2,
   "y": 203.4,
   "num": "2",
   "body": "共"
  },
  {
   "gap_pt": 9.526,
   "gap_mm": 3.361,
   "adv_pt": 8.468,
   "a_ink_x1": 57.63,
   "b_ink_x0": 67.15,
   "a_bbox": [
    54.83,
    660.71,
    58.29,
    670.76
   ],
   "b_bbox": [
    66.75,
    660.88,
    76.81,
    671.9
   ],
   "page": 2,
   "y": 660.7,
   "num": "1",
   "body": "夹"
  },
  {
   "gap_pt": 9.406,
   "gap_mm": 3.318,
   "adv_pt": 8.468,
   "a_ink_x1": 317.28,
   "b_ink_x0": 326.69,
   "a_bbox": [
    314.48,
    56.68,
    317.94,
    66.73
   ],
   "b_bbox": [
    326.41,
    56.85,
    336.46,
    67.87
   ],
   "page": 2,
   "y": 56.7,
   "num": "2",
   "body": "数"
  },
  {
   "gap_pt": 9.406,
   "gap_mm": 3.318,
   "adv_pt": 8.468,
   "a_ink_x1": 317.28,
   "b_ink_x0": 326.69,
   "a_bbox": [
    314.48,
    165.26,
    317.94,
    175.32
   ],
   "b_bbox": [
    326.41,
    165.43,
    336.46,
    176.46
   ],
   "page": 2,
   "y": 165.3,
   "num": "3",
   "body": "投"
  },
  {
   "gap_pt": 9.406,
   "gap_mm": 3.318,
   "adv_pt": 8.468,
   "a_ink_x1": 317.28,
   "b_ink_x0": 326.69,
   "a_bbox": [
    314.48,
    450.25,
    317.94,
    460.31
   ],
   "b_bbox": [
    326.41,
    450.42,
    336.46,
    461.45
   ],
   "page": 2,
   "y": 450.3,
   "num": "4",
   "body": "共"
  }
 ],
 "eq": [
  {
   "page": 1,
   "y": 379.3,
   "left_mm": 1.606,
   "right_mm": 1.768,
   "L": "|",
   "R": "1"
  },
  {
   "page": 1,
   "y": 534.7,
   "left_mm": -0.085,
   "right_mm": -0.443,
   "L": "𝑎",
   "R": "⃗"
  },
  {
   "page": 2,
   "y": 130.9,
   "left_mm": 1.545,
   "right_mm": 1.379,
   "L": "𝜆",
   "R": "0"
  },
  {
   "page": 2,
   "y": 130.9,
   "left_mm": -0.109,
   "right_mm": -0.453,
   "L": "𝑎",
   "R": "⃗"
  },
  {
   "page": 2,
   "y": 221.5,
   "left_mm": -0.155,
   "right_mm": 1.548,
   "L": "𝑎",
   "R": "𝜆"
  },
  {
   "page": 2,
   "y": 344.7,
   "left_mm": 1.428,
   "right_mm": -0.443,
   "L": "𝑏",
   "R": "⃗"
  },
  {
   "page": 2,
   "y": 390.6,
   "left_mm": -0.058,
   "right_mm": -0.443,
   "L": "𝑐",
   "R": "⃗"
  },
  {
   "page": 2,
   "y": 441.9,
   "left_mm": -0.081,
   "right_mm": 1.599,
   "L": "𝑎",
   "R": "𝜆"
  },
  {
   "page": 2,
   "y": 479.3,
   "left_mm": -0.124,
   "right_mm": 1.557,
   "L": "𝑎",
   "R": "𝜆"
  },
  {
   "page": 2,
   "y": 545.0,
   "left_mm": 1.358,
   "right_mm": -0.453,
   "L": "𝑏",
   "R": "⃗"
  },
  {
   "page": 2,
   "y": 580.9,
   "left_mm": -0.113,
   "right_mm": 1.548,
   "L": "𝑎",
   "R": "𝜆"
  },
  {
   "page": 2,
   "y": 598.8,
   "left_mm": -0.151,
   "right_mm": -0.453,
   "L": "𝑎",
   "R": "⃗"
  },
  {
   "page": 2,
   "y": 678.8,
   "left_mm": 1.29,
   "right_mm": -0.453,
   "L": "𝐴",
   "R": "⃗"
  },
  {
   "page": 2,
   "y": 678.8,
   "left_mm": 1.262,
   "right_mm": -0.453,
   "L": "𝐵",
   "R": "⃗"
  },
  {
   "page": 2,
   "y": 695.6,
   "left_mm": 1.529,
   "right_mm": 1.676,
   "L": "⟩",
   "R": "𝜋"
  },
  {
   "page": 2,
   "y": 56.8,
   "left_mm": 1.358,
   "right_mm": 1.591,
   "L": "𝑏",
   "R": "|"
  },
  {
   "page": 2,
   "y": 74.8,
   "left_mm": 1.358,
   "right_mm": 1.294,
   "L": "𝑏",
   "R": "0"
  },
  {
   "page": 2,
   "y": 90.1,
   "left_mm": -0.151,
   "right_mm": -0.453,
   "L": "𝑎",
   "R": "⃗"
  },
  {
   "page": 2,
   "y": 90.1,
   "left_mm": 1.517,
   "right_mm": 1.545,
   "L": "2",
   "R": "|"
  },
  {
   "page": 2,
   "y": 271.9,
   "left_mm": -0.121,
   "right_mm": -1.173,
   "L": "𝑐",
   "R": "|"
  },
  {
   "page": 2,
   "y": 468.4,
   "left_mm": 1.27,
   "right_mm": 1.167,
   "L": "𝑝",
   "R": "𝑥"
  },
  {
   "page": 2,
   "y": 577.7,
   "left_mm": 1.372,
   "right_mm": -0.443,
   "L": "𝐴",
   "R": "⃗"
  },
  {
   "page": 2,
   "y": 577.7,
   "left_mm": 1.306,
   "right_mm": -0.443,
   "L": "𝐵",
   "R": "⃗"
  },
  {
   "page": 2,
   "y": 611.3,
   "left_mm": 1.428,
   "right_mm": 1.641,
   "L": "𝑏",
   "R": "|"
  },
  {
   "page": 2,
   "y": 692.4,
   "left_mm": 1.297,
   "right_mm": 1.218,
   "L": "𝑝",
   "R": "𝑥"
  },
  {
   "page": 3,
   "y": 76.8,
   "left_mm": 1.228,
   "right_mm": 1.167,
   "L": "𝑝",
   "R": "𝑥"
  },
  {
   "page": 3,
   "y": 184.1,
   "left_mm": 1.547,
   "right_mm": 1.337,
   "L": "𝜃",
   "R": "0"
  },
  {
   "page": 3,
   "y": 295.9,
   "left_mm": 1.609,
   "right_mm": 1.599,
   "L": "|",
   "R": "|"
  },
  {
   "page": 3,
   "y": 295.9,
   "left_mm": -0.124,
   "right_mm": -0.443,
   "L": "𝑎",
   "R": "⃗"
  },
  {
   "page": 3,
   "y": 295.9,
   "left_mm": -0.085,
   "right_mm": 1.599,
   "L": "𝑎",
   "R": "−"
  },
  {
   "page": 3,
   "y": 314.8,
   "left_mm": 1.47,
   "right_mm": -0.485,
   "L": "𝑏",
   "R": "⃗"
  },
  {
   "page": 3,
   "y": 352.7,
   "left_mm": -0.081,
   "right_mm": -0.443,
   "L": "𝑎",
   "R": "⃗"
  },
  {
   "page": 3,
   "y": 406.8,
   "left_mm": 1.625,
   "right_mm": 1.506,
   "L": "|",
   "R": "|"
  },
  {
   "page": 3,
   "y": 589.8,
   "left_mm": 1.609,
   "right_mm": 1.387,
   "L": "|",
   "R": "0"
  },
  {
   "page": 3,
   "y": 589.8,
   "left_mm": -0.085,
   "right_mm": -0.443,
   "L": "𝑎",
   "R": "⃗"
  },
  {
   "page": 3,
   "y": 608.7,
   "left_mm": -0.085,
   "right_mm": -0.443,
   "L": "𝑎",
   "R": "⃗"
  },
  {
   "page": 3,
   "y": 608.7,
   "left_mm": 1.609,
   "right_mm": 1.599,
   "L": "|",
   "R": "|"
  },
  {
   "page": 3,
   "y": 627.6,
   "left_mm": 1.606,
   "right_mm": 1.599,
   "L": "|",
   "R": "|"
  },
  {
   "page": 3,
   "y": 681.8,
   "left_mm": -0.155,
   "right_mm": 1.379,
   "L": "𝑎",
   "R": "2"
  },
  {
   "page": 3,
   "y": 137.2,
   "left_mm": 1.329,
   "right_mm": -0.496,
   "L": "𝐴",
   "R": "⃗"
  },
  {
   "page": 3,
   "y": 137.2,
   "left_mm": 1.262,
   "right_mm": -0.453,
   "L": "𝐵",
   "R": "⃗"
  },
  {
   "page": 3,
   "y": 137.2,
   "left_mm": 1.729,
   "right_mm": -0.453,
   "L": "1",
   "R": "⃗"
  },
  {
   "page": 3,
   "y": 137.2,
   "left_mm": -1.456,
   "right_mm": 13.529,
   "L": "𝐵",
   "R": "."
  },
  {
   "page": 3,
   "y": 191.0,
   "left_mm": 1.304,
   "right_mm": -0.453,
   "L": "𝐵",
   "R": "⃗"
  },
  {
   "page": 3,
   "y": 244.8,
   "left_mm": 1.262,
   "right_mm": -0.453,
   "L": "𝐵",
   "R": "⃗"
  },
  {
   "page": 3,
   "y": 244.8,
   "left_mm": 1.772,
   "right_mm": -0.453,
   "L": "1",
   "R": "⃗"
  },
  {
   "page": 3,
   "y": 263.6,
   "left_mm": 1.771,
   "right_mm": -0.453,
   "L": "1",
   "R": "⃗"
  },
  {
   "page": 3,
   "y": 395.3,
   "left_mm": 1.262,
   "right_mm": -0.453,
   "L": "𝐵",
   "R": "⃗"
  },
  {
   "page": 3,
   "y": 395.3,
   "left_mm": 1.278,
   "right_mm": -0.453,
   "L": "𝐷",
   "R": "⃗"
  },
  {
   "page": 3,
   "y": 395.3,
   "left_mm": 1.772,
   "right_mm": -0.453,
   "L": "1",
   "R": "⃗"
  },
  {
   "page": 3,
   "y": 413.2,
   "left_mm": 1.304,
   "right_mm": 13.576,
   "L": "𝐵",
   "R": "．"
  },
  {
   "page": 3,
   "y": 449.1,
   "left_mm": 1.346,
   "right_mm": -0.496,
   "L": "𝐵",
   "R": "⃗"
  },
  {
   "page": 3,
   "y": 449.1,
   "left_mm": 1.262,
   "right_mm": 1.591,
   "L": "𝐵",
   "R": "−"
  },
  {
   "page": 3,
   "y": 662.8,
   "left_mm": -1.251,
   "right_mm": -1.05,
   "L": "𝐸",
   "R": "1"
  },
  {
   "page": 3,
   "y": 699.8,
   "left_mm": 1.256,
   "right_mm": -1.424,
   "L": "𝐸",
   "R": "x"
  },
  {
   "page": 3,
   "y": 718.8,
   "left_mm": -1.432,
   "right_mm": 13.529,
   "L": "x",
   "R": "，"
  },
  {
   "page": 3,
   "y": 717.8,
   "left_mm": -1.648,
   "right_mm": 13.571,
   "L": "，",
   "R": "."
  },
  {
   "page": 4,
   "y": 55.7,
   "left_mm": 1.256,
   "right_mm": -0.453,
   "L": "𝐸",
   "R": "⃗"
  },
  {
   "page": 4,
   "y": 55.7,
   "left_mm": 1.256,
   "right_mm": -0.453,
   "L": "𝐸",
   "R": "⃗"
  },
  {
   "page": 4,
   "y": 55.7,
   "left_mm": 1.771,
   "right_mm": -0.453,
   "L": "1",
   "R": "⃗"
  },
  {
   "page": 4,
   "y": 73.6,
   "left_mm": 1.397,
   "right_mm": 1.633,
   "L": "𝑥",
   "R": "1"
  },
  {
   "page": 4,
   "y": 73.6,
   "left_mm": 1.411,
   "right_mm": 1.631,
   "L": "𝑦",
   "R": "1"
  },
  {
   "page": 4,
   "y": 111.5,
   "left_mm": 1.34,
   "right_mm": 1.634,
   "L": "𝐸",
   "R": "2"
  },
  {
   "page": 4,
   "y": 130.6,
   "left_mm": 1.256,
   "right_mm": 1.167,
   "L": "𝐸",
   "R": "𝑥"
  },
  {
   "page": 4,
   "y": 130.6,
   "left_mm": 1.397,
   "right_mm": 13.576,
   "L": "𝑥",
   "R": "，"
  },
  {
   "page": 4,
   "y": 130.6,
   "left_mm": 1.36,
   "right_mm": 13.534,
   "L": "，",
   "R": "．"
  },
  {
   "page": 4,
   "y": 147.4,
   "left_mm": 1.397,
   "right_mm": 1.633,
   "L": "𝑥",
   "R": "1"
  },
  {
   "page": 4,
   "y": 147.4,
   "left_mm": 1.402,
   "right_mm": 1.634,
   "L": "，",
   "R": "1"
  },
  {
   "page": 4,
   "y": 165.3,
   "left_mm": 1.256,
   "right_mm": -0.453,
   "L": "𝐸",
   "R": "⃗"
  },
  {
   "page": 4,
   "y": 165.3,
   "left_mm": 1.298,
   "right_mm": -0.453,
   "L": "𝐸",
   "R": "⃗"
  },
  {
   "page": 4,
   "y": 166.4,
   "left_mm": 1.397,
   "right_mm": 1.633,
   "L": "𝑥",
   "R": "1"
  },
  {
   "page": 4,
   "y": 183.2,
   "left_mm": 1.407,
   "right_mm": 1.634,
   "L": "𝑦",
   "R": "1"
  },
  {
   "page": 4,
   "y": 399.3,
   "left_mm": 1.231,
   "right_mm": 1.167,
   "L": "𝑝",
   "R": "𝑥"
  },
  {
   "page": 4,
   "y": 417.2,
   "left_mm": -1.444,
   "right_mm": -1.429,
   "L": "𝑝",
   "R": "x"
  },
  {
   "page": 4,
   "y": 417.2,
   "left_mm": -1.392,
   "right_mm": -1.471,
   "L": "𝑃",
   "R": "x"
  },
  {
   "page": 4,
   "y": 435.1,
   "left_mm": -1.396,
   "right_mm": -1.471,
   "L": "𝑃",
   "R": "x"
  },
  {
   "page": 4,
   "y": 526.8,
   "left_mm": -1.49,
   "right_mm": -1.471,
   "L": "𝑝",
   "R": "x"
  },
  {
   "page": 4,
   "y": 580.6,
   "left_mm": -1.448,
   "right_mm": -1.471,
   "L": "𝑝",
   "R": "x"
  },
  {
   "page": 4,
   "y": 599.0,
   "left_mm": 1.283,
   "right_mm": 1.421,
   "L": "𝑃",
   "R": "3"
  },
  {
   "page": 4,
   "y": 672.2,
   "left_mm": 1.283,
   "right_mm": 1.421,
   "L": "𝑃",
   "R": "3"
  },
  {
   "page": 4,
   "y": 735.0,
   "left_mm": -1.444,
   "right_mm": -1.429,
   "L": "p",
   "R": "x"
  },
  {
   "page": 4,
   "y": 735.0,
   "left_mm": -1.457,
   "right_mm": -1.429,
   "L": "P",
   "R": "x"
  },
  {
   "page": 4,
   "y": 189.0,
   "left_mm": 1.573,
   "right_mm": 1.595,
   "L": "2",
   "R": "|"
  },
  {
   "page": 4,
   "y": 209.4,
   "left_mm": 1.438,
   "right_mm": -0.443,
   "L": "𝑎",
   "R": "⃗"
  },
  {
   "page": 4,
   "y": 226.8,
   "left_mm": 1.615,
   "right_mm": -0.443,
   "L": "2",
   "R": "⃗"
  },
  {
   "page": 4,
   "y": 245.8,
   "left_mm": 1.615,
   "right_mm": -0.443,
   "L": "2",
   "R": "⃗"
  },
  {
   "page": 4,
   "y": 300.0,
   "left_mm": 1.56,
   "right_mm": -0.453,
   "L": "2",
   "R": "⃗"
  },
  {
   "page": 4,
   "y": 300.0,
   "left_mm": -0.151,
   "right_mm": 1.587,
   "L": "𝑎",
   "R": "|"
  },
  {
   "page": 4,
   "y": 300.0,
   "left_mm": 1.373,
   "right_mm": 1.548,
   "L": "0",
   "R": "|"
  },
  {
   "page": 4,
   "y": 371.8,
   "left_mm": 1.56,
   "right_mm": 1.714,
   "L": "2",
   "R": "("
  },
  {
   "page": 4,
   "y": 371.8,
   "left_mm": 1.602,
   "right_mm": 1.502,
   "L": "2",
   "R": "|"
  },
  {
   "page": 4,
   "y": 407.6,
   "left_mm": 1.56,
   "right_mm": 1.672,
   "L": "2",
   "R": "("
  },
  {
   "page": 4,
   "y": 407.6,
   "left_mm": 1.759,
   "right_mm": -0.496,
   "L": ")",
   "R": "⃗"
  },
  {
   "page": 4,
   "y": 446.6,
   "left_mm": 1.621,
   "right_mm": 1.337,
   "L": "|",
   "R": "2"
  },
  {
   "page": 4,
   "y": 446.6,
   "left_mm": 1.536,
   "right_mm": 1.464,
   "L": "|",
   "R": "3"
  },
  {
   "page": 4,
   "y": 465.8,
   "left_mm": 1.571,
   "right_mm": 1.379,
   "L": "⟩",
   "R": "6"
  },
  {
   "page": 4,
   "y": 465.8,
   "left_mm": 1.716,
   "right_mm": 13.576,
   "L": ")",
   "R": "．"
  },
  {
   "page": 4,
   "y": 499.3,
   "left_mm": 1.358,
   "right_mm": 1.379,
   "L": "𝑏",
   "R": "2"
  },
  {
   "page": 4,
   "y": 499.3,
   "left_mm": 1.626,
   "right_mm": 1.46,
   "L": "∘",
   "R": "3"
  },
  {
   "page": 4,
   "y": 499.3,
   "left_mm": 1.645,
   "right_mm": -0.453,
   "L": "式",
   "R": "⃗"
  },
  {
   "page": 4,
   "y": 517.2,
   "left_mm": 1.56,
   "right_mm": 1.291,
   "L": "2",
   "R": "4"
  },
  {
   "page": 4,
   "y": 517.2,
   "left_mm": 1.489,
   "right_mm": 1.548,
   "L": "8",
   "R": "−"
  },
  {
   "page": 4,
   "y": 600.5,
   "left_mm": -1.444,
   "right_mm": -1.133,
   "L": "b",
   "R": "|"
  },
  {
   "page": 5,
   "y": 128.6,
   "left_mm": 1.771,
   "right_mm": -0.453,
   "L": "1",
   "R": "⃗"
  },
  {
   "page": 5,
   "y": 164.4,
   "left_mm": 1.771,
   "right_mm": 1.375,
   "L": "1",
   "R": "6"
  },
  {
   "page": 5,
   "y": 200.3,
   "left_mm": 1.281,
   "right_mm": 1.675,
   "L": "𝐶",
   "R": "("
  },
  {
   "page": 5,
   "y": 215.6,
   "left_mm": 1.716,
   "right_mm": 1.675,
   "L": ")",
   "R": "("
  },
  {
   "page": 5,
   "y": 215.6,
   "left_mm": -1.425,
   "right_mm": -0.453,
   "L": ")",
   "R": "⃗"
  },
  {
   "page": 5,
   "y": 233.6,
   "left_mm": 1.32,
   "right_mm": 1.294,
   "L": "𝐷",
   "R": "0"
  },
  {
   "page": 5,
   "y": 233.6,
   "left_mm": 1.376,
   "right_mm": 1.548,
   "L": "0",
   "R": "|"
  },
  {
   "page": 5,
   "y": 233.6,
   "left_mm": 1.56,
   "right_mm": 1.672,
   "L": "2",
   "R": "1"
  },
  {
   "page": 5,
   "y": 253.2,
   "left_mm": 1.579,
   "right_mm": 1.677,
   "L": "|",
   "R": "√"
  },
  {
   "page": 5,
   "y": 253.2,
   "left_mm": 1.536,
   "right_mm": 1.72,
   "L": "|",
   "R": "√"
  },
  {
   "page": 5,
   "y": 253.2,
   "left_mm": 1.571,
   "right_mm": 1.969,
   "L": "⟩",
   "R": "𝐵"
  },
  {
   "page": 5,
   "y": 270.9,
   "left_mm": 1.806,
   "right_mm": 1.673,
   "L": "2",
   "R": "1"
  },
  {
   "page": 5,
   "y": 327.8,
   "left_mm": 1.389,
   "right_mm": 1.379,
   "L": "𝐵",
   "R": "2"
  },
  {
   "page": 5,
   "y": 327.8,
   "left_mm": 1.32,
   "right_mm": 1.379,
   "L": "𝐷",
   "R": "2"
  },
  {
   "page": 5,
   "y": 327.8,
   "left_mm": 1.729,
   "right_mm": 1.629,
   "L": "1",
   "R": "1"
  },
  {
   "page": 5,
   "y": 379.0,
   "left_mm": 1.239,
   "right_mm": 1.675,
   "L": "𝐶",
   "R": "("
  },
  {
   "page": 5,
   "y": 379.0,
   "left_mm": 1.716,
   "right_mm": 1.548,
   "L": ")",
   "R": "|"
  },
  {
   "page": 5,
   "y": 379.0,
   "left_mm": 1.56,
   "right_mm": 1.291,
   "L": "2",
   "R": "4"
  },
  {
   "page": 5,
   "y": 398.7,
   "left_mm": 1.621,
   "right_mm": 1.635,
   "L": "|",
   "R": "√"
  },
  {
   "page": 5,
   "y": 398.7,
   "left_mm": 1.582,
   "right_mm": 1.379,
   "L": "|",
   "R": "2"
  },
  {
   "page": 5,
   "y": 398.7,
   "left_mm": 1.571,
   "right_mm": 2.015,
   "L": "⟩",
   "R": "√"
  },
  {
   "page": 5,
   "y": 397.3,
   "left_mm": 1.848,
   "right_mm": 1.927,
   "L": "2",
   "R": "√"
  },
  {
   "page": 5,
   "y": 595.0,
   "left_mm": 1.54,
   "right_mm": 1.379,
   "L": "|",
   "R": "2"
  },
  {
   "page": 5,
   "y": 614.2,
   "left_mm": 1.621,
   "right_mm": 1.591,
   "L": "|",
   "R": "1"
  },
  {
   "page": 5,
   "y": 614.2,
   "left_mm": 1.571,
   "right_mm": 1.421,
   "L": "⟩",
   "R": "6"
  },
  {
   "page": 5,
   "y": 686.2,
   "left_mm": 1.358,
   "right_mm": 1.294,
   "L": "𝑏",
   "R": "𝑘"
  },
  {
   "page": 5,
   "y": 707.8,
   "left_mm": 1.591,
   "right_mm": 1.675,
   "L": "𝜆",
   "R": "1"
  },
  {
   "page": 5,
   "y": 731.7,
   "left_mm": 1.587,
   "right_mm": 1.548,
   "L": "𝜆",
   "R": "−"
  },
  {
   "page": 5,
   "y": 746.6,
   "left_mm": 1.621,
   "right_mm": 1.337,
   "L": "|",
   "R": "2"
  },
  {
   "page": 5,
   "y": 746.6,
   "left_mm": 1.579,
   "right_mm": 1.633,
   "L": "|",
   "R": "1"
  },
  {
   "page": 5,
   "y": 746.6,
   "left_mm": 1.571,
   "right_mm": 1.379,
   "L": "⟩",
   "R": "6"
  },
  {
   "page": 5,
   "y": 764.5,
   "left_mm": 1.358,
   "right_mm": 1.337,
   "L": "𝑏",
   "R": "2"
  },
  {
   "page": 5,
   "y": 764.5,
   "left_mm": 1.626,
   "right_mm": 1.672,
   "L": "∘",
   "R": "1"
  },
  {
   "page": 5,
   "y": 157.5,
   "left_mm": 1.358,
   "right_mm": 1.252,
   "L": "𝑏",
   "R": "𝑘"
  },
  {
   "page": 5,
   "y": 150.0,
   "left_mm": 1.633,
   "right_mm": 1.591,
   "L": "𝜆",
   "R": "1"
  },
  {
   "page": 5,
   "y": 173.9,
   "left_mm": 1.545,
   "right_mm": 1.591,
   "L": "𝜆",
   "R": "−"
  },
  {
   "page": 5,
   "y": 243.3,
   "left_mm": 1.582,
   "right_mm": 1.421,
   "L": "|",
   "R": "3"
  },
  {
   "page": 5,
   "y": 262.5,
   "left_mm": 1.165,
   "right_mm": -0.453,
   "L": "𝑚",
   "R": "⃗"
  },
  {
   "page": 5,
   "y": 262.5,
   "left_mm": 1.147,
   "right_mm": -0.453,
   "L": "𝑛",
   "R": "⃗"
  },
  {
   "page": 5,
   "y": 262.5,
   "left_mm": 1.571,
   "right_mm": 1.633,
   "L": "⟩",
   "R": "1"
  },
  {
   "page": 5,
   "y": 281.7,
   "left_mm": -1.455,
   "right_mm": 13.571,
   "L": "λ",
   "R": "．"
  },
  {
   "page": 5,
   "y": 313.9,
   "left_mm": 1.147,
   "right_mm": 1.675,
   "L": "𝑛",
   "R": "("
  },
  {
   "page": 5,
   "y": 313.9,
   "left_mm": 1.716,
   "right_mm": 1.548,
   "L": ")",
   "R": "|"
  },
  {
   "page": 5,
   "y": 333.3,
   "left_mm": 1.358,
   "right_mm": 1.633,
   "L": "𝑏",
   "R": "1"
  },
  {
   "page": 5,
   "y": 333.3,
   "left_mm": 1.716,
   "right_mm": 1.379,
   "L": ")",
   "R": "6"
  },
  {
   "page": 5,
   "y": 333.3,
   "left_mm": 1.591,
   "right_mm": 1.333,
   "L": "𝜆",
   "R": "0"
  },
  {
   "page": 5,
   "y": 333.3,
   "left_mm": 1.545,
   "right_mm": 1.591,
   "L": "𝜆",
   "R": "−"
  },
  {
   "page": 5,
   "y": 451.0,
   "left_mm": -1.457,
   "right_mm": -1.429,
   "L": "s",
   "R": "0"
  },
  {
   "page": 5,
   "y": 653.3,
   "left_mm": 1.262,
   "right_mm": -0.453,
   "L": "𝐵",
   "R": "⃗"
  },
  {
   "page": 5,
   "y": 686.6,
   "left_mm": 1.282,
   "right_mm": -0.453,
   "L": "𝐷",
   "R": "⃗"
  },
  {
   "page": 5,
   "y": 686.6,
   "left_mm": 1.56,
   "right_mm": 1.545,
   "L": "2",
   "R": "|"
  },
  {
   "page": 5,
   "y": 704.5,
   "left_mm": 1.236,
   "right_mm": 1.633,
   "L": "𝐷",
   "R": "1"
  },
  {
   "page": 5,
   "y": 722.9,
   "left_mm": 1.582,
   "right_mm": 1.677,
   "L": "|",
   "R": "√"
  },
  {
   "page": 6,
   "y": 126.0,
   "left_mm": 1.56,
   "right_mm": 1.629,
   "L": "2",
   "R": "1"
  },
  {
   "page": 6,
   "y": 126.0,
   "left_mm": 1.324,
   "right_mm": 1.379,
   "L": "𝐷",
   "R": "3"
  },
  {
   "page": 6,
   "y": 126.0,
   "left_mm": 1.668,
   "right_mm": 1.375,
   "L": "∘",
   "R": "2"
  },
  {
   "page": 6,
   "y": 145.6,
   "left_mm": 1.54,
   "right_mm": 1.72,
   "L": "|",
   "R": "√"
  },
  {
   "page": 6,
   "y": 341.9,
   "left_mm": 1.389,
   "right_mm": 1.633,
   "L": "𝐵",
   "R": "1"
  },
  {
   "page": 6,
   "y": 360.6,
   "left_mm": 1.369,
   "right_mm": 1.677,
   "L": "𝐶",
   "R": "√"
  },
  {
   "page": 6,
   "y": 379.3,
   "left_mm": 1.579,
   "right_mm": -1.467,
   "L": "|",
   "R": "("
  },
  {
   "page": 6,
   "y": 434.1,
   "left_mm": 1.32,
   "right_mm": -0.496,
   "L": "𝐷",
   "R": "⃗"
  },
  {
   "page": 6,
   "y": 504.7,
   "left_mm": 1.383,
   "right_mm": 1.676,
   "L": "𝑀",
   "R": "2"
  },
  {
   "page": 6,
   "y": 503.5,
   "left_mm": 1.341,
   "right_mm": 1.972,
   "L": "𝑀",
   "R": "√"
  },
  {
   "page": 6,
   "y": 522.6,
   "left_mm": 1.377,
   "right_mm": 1.676,
   "L": "𝑁",
   "R": "1"
  },
  {
   "page": 6,
   "y": 521.5,
   "left_mm": 1.335,
   "right_mm": 1.972,
   "L": "𝑁",
   "R": "√"
  },
  {
   "page": 6,
   "y": 534.4,
   "left_mm": 1.377,
   "right_mm": 1.633,
   "L": "𝑁",
   "R": "1"
  },
  {
   "page": 6,
   "y": 534.4,
   "left_mm": 1.278,
   "right_mm": -0.453,
   "L": "𝐷",
   "R": "⃗"
  },
  {
   "page": 6,
   "y": 534.4,
   "left_mm": 1.56,
   "right_mm": 8.162,
   "L": "2",
   "R": "["
  },
  {
   "page": 6,
   "y": 550.7,
   "left_mm": -0.441,
   "right_mm": 1.502,
   "L": "2",
   "R": "|"
  },
  {
   "page": 6,
   "y": 570.5,
   "left_mm": -1.467,
   "right_mm": 1.675,
   "L": ")",
   "R": "("
  },
  {
   "page": 6,
   "y": 571.7,
   "left_mm": 1.72,
   "right_mm": 1.676,
   "L": ")",
   "R": "5"
  },
  {
   "page": 6,
   "y": 588.5,
   "left_mm": 1.582,
   "right_mm": 1.972,
   "L": "|",
   "R": "√"
  },
  {
   "page": 6,
   "y": 663.7,
   "left_mm": 1.366,
   "right_mm": 1.678,
   "L": "𝐶",
   "R": "√"
  },
  {
   "page": 6,
   "y": 682.2,
   "left_mm": 1.579,
   "right_mm": 13.533,
   "L": "|",
   "R": "．"
  },
  {
   "page": 6,
   "y": 716.0,
   "left_mm": 1.345,
   "right_mm": 1.21,
   "L": "𝑀",
   "R": "𝐷"
  },
  {
   "page": 6,
   "y": 716.0,
   "left_mm": 1.377,
   "right_mm": 1.971,
   "L": "𝑁",
   "R": "√"
  },
  {
   "page": 6,
   "y": 718.3,
   "left_mm": 1.416,
   "right_mm": 1.591,
   "L": "𝑁",
   "R": "1"
  },
  {
   "page": 6,
   "y": 735.1,
   "left_mm": 1.324,
   "right_mm": 1.633,
   "L": "𝐷",
   "R": "3"
  },
  {
   "page": 6,
   "y": 735.1,
   "left_mm": 1.71,
   "right_mm": 1.631,
   "L": "∘",
   "R": "8"
  },
  {
   "page": 6,
   "y": 733.6,
   "left_mm": 1.56,
   "right_mm": 1.673,
   "L": "2",
   "R": "3"
  },
  {
   "page": 6,
   "y": 753.0,
   "left_mm": 1.679,
   "right_mm": 1.673,
   "L": "3",
   "R": "1"
  },
  {
   "page": 6,
   "y": 751.8,
   "left_mm": 1.621,
   "right_mm": 1.93,
   "L": "|",
   "R": "√"
  },
  {
   "page": 6,
   "y": 230.6,
   "left_mm": 1.536,
   "right_mm": 1.421,
   "L": "|",
   "R": "2"
  },
  {
   "page": 6,
   "y": 230.6,
   "left_mm": 1.579,
   "right_mm": 1.421,
   "L": "|",
   "R": "3"
  },
  {
   "page": 6,
   "y": 249.6,
   "left_mm": 1.358,
   "right_mm": 13.533,
   "L": "𝑏",
   "R": "．"
  },
  {
   "page": 6,
   "y": 249.9,
   "left_mm": 1.358,
   "right_mm": 1.548,
   "L": "𝑏",
   "R": "|"
  },
  {
   "page": 6,
   "y": 285.5,
   "left_mm": 1.358,
   "right_mm": 1.591,
   "L": "𝑏",
   "R": "|"
  },
  {
   "page": 6,
   "y": 285.5,
   "left_mm": 1.668,
   "right_mm": 1.375,
   "L": "∘",
   "R": "2"
  },
  {
   "page": 6,
   "y": 285.5,
   "left_mm": 1.574,
   "right_mm": 1.379,
   "L": "5",
   "R": "3"
  },
  {
   "page": 6,
   "y": 311.3,
   "left_mm": -0.151,
   "right_mm": 1.421,
   "L": "𝑎",
   "R": "2"
  },
  {
   "page": 6,
   "y": 330.6,
   "left_mm": 1.358,
   "right_mm": 1.294,
   "L": "𝑏",
   "R": "4"
  },
  {
   "page": 6,
   "y": 330.6,
   "left_mm": 1.362,
   "right_mm": -1.467,
   "L": "𝑘",
   "R": "("
  },
  {
   "page": 6,
   "y": 387.4,
   "left_mm": 1.358,
   "right_mm": 1.548,
   "L": "𝑏",
   "R": "𝜆"
  },
  {
   "page": 6,
   "y": 387.4,
   "left_mm": 1.32,
   "right_mm": 1.375,
   "L": "4",
   "R": "2"
  },
  {
   "page": 6,
   "y": 387.4,
   "left_mm": 1.591,
   "right_mm": 1.421,
   "L": "𝜆",
   "R": "2"
  },
  {
   "page": 6,
   "y": 387.4,
   "left_mm": 1.357,
   "right_mm": 1.379,
   "L": "，",
   "R": "2"
  },
  {
   "page": 6,
   "y": 432.2,
   "left_mm": 1.358,
   "right_mm": 1.294,
   "L": "𝑏",
   "R": "0"
  },
  {
   "page": 6,
   "y": 551.7,
   "left_mm": 1.358,
   "right_mm": 1.337,
   "L": "𝑏",
   "R": "0"
  },
  {
   "page": 6,
   "y": 597.4,
   "left_mm": 1.72,
   "right_mm": -1.425,
   "L": ")",
   "R": "("
  },
  {
   "page": 6,
   "y": 652.2,
   "left_mm": 1.252,
   "right_mm": -0.453,
   "L": "𝐹",
   "R": "⃗"
  },
  {
   "page": 6,
   "y": 652.2,
   "left_mm": 1.298,
   "right_mm": 1.676,
   "L": "𝐹",
   "R": "1"
  },
  {
   "page": 6,
   "y": 696.9,
   "left_mm": 1.582,
   "right_mm": 1.337,
   "L": "|",
   "R": "4"
  },
  {
   "page": 6,
   "y": 696.9,
   "left_mm": 1.621,
   "right_mm": 1.379,
   "L": "|",
   "R": "3"
  },
  {
   "page": 6,
   "y": 715.9,
   "left_mm": 1.579,
   "right_mm": 13.534,
   "L": "|",
   "R": "．"
  },
  {
   "page": 6,
   "y": 730.6,
   "left_mm": 1.56,
   "right_mm": 1.672,
   "L": "2",
   "R": "("
  },
  {
   "page": 6,
   "y": 767.3,
   "left_mm": 1.358,
   "right_mm": 1.294,
   "L": "𝑏",
   "R": "4"
  },
  {
   "page": 6,
   "y": 767.3,
   "left_mm": 1.668,
   "right_mm": 1.545,
   "L": "∘",
   "R": "−"
  },
  {
   "page": 6,
   "y": 767.3,
   "left_mm": 1.602,
   "right_mm": 1.587,
   "L": "2",
   "R": "1"
  },
  {
   "page": 6,
   "y": 787.0,
   "left_mm": 1.411,
   "right_mm": 1.633,
   "L": "2",
   "R": "1"
  }
 ],
 "par": [
  {
   "page": 1,
   "y": 577.0,
   "box": [
    230.56,
    577.01,
    238.83,
    586.78
   ],
   "left_mm": 1.022,
   "right_mm": 1.084,
   "L": "0",
   "R": "𝑎"
  },
  {
   "page": 2,
   "y": 220.6,
   "box": [
    70.05,
    220.58,
    78.33,
    230.35
   ],
   "left_mm": 0.552,
   "right_mm": 0.915,
   "L": "，",
   "R": "𝑏"
  },
  {
   "page": 2,
   "y": 526.1,
   "box": [
    82.99,
    526.14,
    91.27,
    535.91
   ],
   "left_mm": 0.554,
   "right_mm": 0.915,
   "L": "𝑎",
   "R": "𝑏"
  },
  {
   "page": 2,
   "y": 526.1,
   "box": [
    111.93,
    526.14,
    120.2,
    535.91
   ],
   "left_mm": 1.046,
   "right_mm": 1.128,
   "L": "，",
   "R": "𝑐"
  },
  {
   "page": 2,
   "y": 526.1,
   "box": [
    151.49,
    526.14,
    159.77,
    535.91
   ],
   "left_mm": 0.599,
   "right_mm": 1.128,
   "L": "𝑎",
   "R": "𝑐"
  },
  {
   "page": 2,
   "y": 579.9,
   "box": [
    82.99,
    579.94,
    91.27,
    589.71
   ],
   "left_mm": 0.554,
   "right_mm": 0.915,
   "L": "𝑎",
   "R": "𝑏"
  },
  {
   "page": 6,
   "y": 329.6,
   "box": [
    391.1,
    329.64,
    399.37,
    339.41
   ],
   "left_mm": 0.599,
   "right_mm": 0.915,
   "L": "𝑎",
   "R": "𝑏"
  }
 ]
}
json → v1_隙.json
--- 汇总 ---
判断题序号后隙 mm: n=6 min=0.945 med=0.966 max=1.030
条目号后隙 mm: n=9 min=3.318 med=3.318 max=3.361
= 左墨隙 mm: n=212 min=-1.648 med=1.377 max=1.848 | 右墨隙 mm: n=212 min=-1.471 med=1.421 max=13.576
∥ 左墨隙 mm: n=7 min=0.552 med=0.599 max=1.046 | 右墨隙 mm: n=7 min=0.915 med=0.915 max=1.128
